Initialized native services in: /home/mini/.gradle/native
Initialized jansi services in: /home/mini/.gradle/native
The client will now receive all logging from the daemon (pid: 84316). The daemon log file: /home/mini/.gradle/daemon/8.14.4/daemon-84316.out.log
Starting 70th build in daemon [uptime: 2 hrs 6 mins 6.967 secs, performance: 99%, GC rate: 0.00/s, heap usage: 36% of 512 MiB, non-heap usage: 40% of 384 MiB]
Using 20 worker leases.
Now considering [/home/mini/Documents/src/lua/lunar] as hierarchies to watch
Watching the file system is configured to be enabled if available
File system watching is active
Starting Build
Resolved plugin [id: 'org.gradle.toolchains.foojay-resolver-convention', version: '0.8.0']
Settings evaluated using settings file '/home/mini/Documents/src/lua/lunar/settings.gradle.kts'.
Using local directory build cache for the root build (location = /home/mini/.gradle/caches/build-cache-1, remove unused entries = after 7 days).
Projects loaded. Root project using build file '/home/mini/Documents/src/lua/lunar/build.gradle.kts'.
Included projects: [root project 'lunar']

> Configure project :
Evaluating root project 'lunar' using build file '/home/mini/Documents/src/lua/lunar/build.gradle.kts'.
Resolved plugin [id: 'java']
Resolved plugin [id: 'org.jetbrains.kotlin.jvm', version: '2.3.20']
Resolved plugin [id: 'org.jetbrains.intellij.platform', version: '2.5.0']
Resolved plugin [id: 'org.jetbrains.changelog', version: '2.2.1']
Resolved plugin [id: 'org.jetbrains.qodana', version: '2024.3.4']
Resolved plugin [id: 'org.jetbrains.kotlinx.kover', version: '0.9.1']
Build 202adc00-baea-4556-b74d-c0f6e2ead1ce is started
Using Kotlin Gradle Plugin gradle813 variant
kotlin scripting plugin: created the scripting discovery configuration: kotlinScriptDef
kotlin scripting plugin: created the scripting discovery configuration: testKotlinScriptDef
[org.jetbrains.intellij.platform] Configuring plugin: org.jetbrains.intellij.platform
[org.jetbrains.intellij.platform] Configuring task: patchPluginXml
[org.jetbrains.intellij.platform] Configuring plugin: org.jetbrains.intellij.platform.base
[org.jetbrains.intellij.platform] Configuring task: initializeIntellijPlatformPlugin
[org.jetbrains.intellij.platform] Configuring task: printBundledPlugins
[org.jetbrains.intellij.platform] Configuring task: printProductsReleases
[org.jetbrains.intellij.platform] Configuring task: setupDependencies
[org.jetbrains.intellij.platform] Configuring plugin: org.jetbrains.intellij.platform.module
[org.jetbrains.intellij.platform] Configuring task: generateManifest
[org.jetbrains.intellij.platform] Configuring task: jar
[org.jetbrains.intellij.platform] Configuring task: instrumentCode
[org.jetbrains.intellij.platform] Configuring task: instrumentTestCode
[org.jetbrains.intellij.platform] Configuring task: instrumentedJar
[org.jetbrains.intellij.platform] Configuring task: composedJar
[org.jetbrains.intellij.platform] Configuring task: prepareSandbox
[org.jetbrains.intellij.platform] Configuring task: prepareTestSandbox
[org.jetbrains.intellij.platform] Configuring task: prepareTestIdePerformanceSandbox
[org.jetbrains.intellij.platform] Configuring task: prepareTest
[org.jetbrains.intellij.platform] Configuring task: test
[org.jetbrains.intellij.platform] Configuring task: verifyPluginProjectConfiguration
[org.jetbrains.intellij.platform] Configuring plugin configuration verification task
[org.jetbrains.intellij.platform] Configuring task: patchPluginXml
[org.jetbrains.intellij.platform] Configuring task: processResources
[org.jetbrains.intellij.platform] Configuring task: buildSearchableOptions
[org.jetbrains.intellij.platform] Configuring task: prepareJarSearchableOptions
[org.jetbrains.intellij.platform] Configuring task: jarSearchableOptions
[org.jetbrains.intellij.platform] Configuring task: buildPlugin
[org.jetbrains.intellij.platform] Configuring task: testIdePerformance
[org.jetbrains.intellij.platform] Configuring task: runIde
[org.jetbrains.intellij.platform] Configuring task: verifyPlugin
[org.jetbrains.intellij.platform] Configuring task: verifyPluginSignature
[org.jetbrains.intellij.platform] Configuring task: verifyPluginStructure
[org.jetbrains.intellij.platform] Configuring task: signPlugin
[org.jetbrains.intellij.platform] Configuring task: publishPlugin
kotlin scripting plugin: created the scripting discovery configuration: integrationTestKotlinScriptDef
All projects evaluated.
Task name matched 'test'
Selected primary task 'test' from project :
[org.jetbrains.intellij.platform] LocalIvyArtifactPathComponentMetadataRule has been registered.
Starting process 'command '/home/mini/.gradle/caches/8.14.4/transforms/ef4857306a38fcebb3ea29145d88d547/transformed/goland-2026.1/jbr/bin/java''. Working directory: /home/mini/Documents/src/lua/lunar Command: /home/mini/.gradle/caches/8.14.4/transforms/ef4857306a38fcebb3ea29145d88d547/transformed/goland-2026.1/jbr/bin/java -XshowSettings:properties -version
Successfully started process 'command '/home/mini/.gradle/caches/8.14.4/transforms/ef4857306a38fcebb3ea29145d88d547/transformed/goland-2026.1/jbr/bin/java''
[org.jetbrains.intellij.platform] Creating new IDE instance from: /home/mini/.gradle/caches/8.14.4/transforms/ef4857306a38fcebb3ea29145d88d547/transformed/goland-2026.1
[org.jetbrains.intellij.platform] Created IvyModule.Artifact: url='lib', name='intellij.libraries.kotlinx.document.store.mvstore', ext='jar'.
[org.jetbrains.intellij.platform] Created IvyModule.Artifact: url='lib', name='intellij.platform.externalSystem.impl', ext='jar'.
[org.jetbrains.intellij.platform] Created IvyModule.Artifact: url='lib', name='intellij.libraries.blockmap', ext='jar'.
[org.jetbrains.intellij.platform] Created IvyModule.Artifact: url='lib', name='intellij.platform.jewel.ui', ext='jar'.
[org.jetbrains.intellij.platform] Created IvyModule.Artifact: url='lib', name='fleet.reporting.api', ext='jar'.
[org.jetbrains.intellij.platform] Created IvyModule.Artifact: url='lib', name='intellij.go.welcomeScreen.terraform', ext='jar'.
[org.jetbrains.intellij.platform] Created IvyModule.Artifact: url='lib', name='intellij.libraries.hash4j', ext='jar'.
[org.jetbrains.intellij.platform] Created IvyModule.Artifact: url='lib', name='intellij.ide.startup.importSettings', ext='jar'.
[org.jetbrains.intellij.platform] Created IvyModule.Artifact: url='lib', name='intellij.platform.coverage', ext='jar'.
[org.jetbrains.intellij.platform] Created IvyModule.Artifact: url='lib', name='intellij.platform.ide.impl.wsl', ext='jar'.
[org.jetbrains.intellij.platform] Created IvyModule.Artifact: url='lib', name='intellij.platform.projectModel', ext='jar'.
[org.jetbrains.intellij.platform] Created IvyModule.Artifact: url='lib', name='intellij.libraries.protobuf', ext='jar'.
[org.jetbrains.intellij.platform] Created IvyModule.Artifact: url='lib', name='intellij.settingsSync.core', ext='jar'.
[org.jetbrains.intellij.platform] Created IvyModule.Artifact: url='lib', name='intellij.platform.execution.dashboard.frontend', ext='jar'.
[org.jetbrains.intellij.platform] Created IvyModule.Artifact: url='lib', name='intellij.libraries.imgscalr', ext='jar'.
[org.jetbrains.intellij.platform] Created IvyModule.Artifact: url='lib', name='intellij.platform.debugger.impl.backend', ext='jar'.
[org.jetbrains.intellij.platform] Created IvyModule.Artifact: url='lib', name='intellij.libraries.jackson.dataformat.yaml', ext='jar'.
[org.jetbrains.intellij.platform] Created IvyModule.Artifact: url='lib', name='intellij.platform.editor.backend', ext='jar'.
[org.jetbrains.intellij.platform] Created IvyModule.Artifact: url='lib', name='intellij.libraries.javax.activation', ext='jar'.
[org.jetbrains.intellij.platform] Created IvyModule.Artifact: url='lib', name='fleet.util.serialization', ext='jar'.
[org.jetbrains.intellij.platform] Created IvyModule.Artifact: url='lib', name='intellij.platform.core.ui', ext='jar'.
[org.jetbrains.intellij.platform] Created IvyModule.Artifact: url='lib', name='intellij.platform.debugger', ext='jar'.
[org.jetbrains.intellij.platform] Created IvyModule.Artifact: url='lib', name='intellij.libraries.jediterm.core', ext='jar'.
[org.jetbrains.intellij.platform] Created IvyModule.Artifact: url='lib', name='intellij.platform.externalSystem', ext='jar'.
[org.jetbrains.intellij.platform] Created IvyModule.Artifact: url='lib', name='intellij.platform.jewel.markdown.extensions.autolink', ext='jar'.
[org.jetbrains.intellij.platform] Created IvyModule.Artifact: url='lib', name='intellij.platform.vcs.log.graph', ext='jar'.
[org.jetbrains.intellij.platform] Created IvyModule.Artifact: url='lib', name='intellij.platform.backend', ext='jar'.
[org.jetbrains.intellij.platform] Created IvyModule.Artifact: url='lib', name='intellij.platform.collaborationTools.auth.base', ext='jar'.
[org.jetbrains.intellij.platform] Created IvyModule.Artifact: url='lib', name='intellij.platform.ide.newUiOnboarding', ext='jar'.
[org.jetbrains.intellij.platform] Created IvyModule.Artifact: url='lib', name='intellij.platform.kernel.impl', ext='jar'.
[org.jetbrains.intellij.platform] Created IvyModule.Artifact: url='lib', name='intellij.spellchecker', ext='jar'.
[org.jetbrains.intellij.platform] Created IvyModule.Artifact: url='lib', name='intellij.grid', ext='jar'.
[org.jetbrains.intellij.platform] Created IvyModule.Artifact: url='lib', name='intellij.platform.project.backend', ext='jar'.
[org.jetbrains.intellij.platform] Created IvyModule.Artifact: url='lib', name='intellij.libraries.java.websocket', ext='jar'.
[org.jetbrains.intellij.platform] Created IvyModule.Artifact: url='lib', name='intellij.platform.jewel.markdown.extensions.gfmAlerts', ext='jar'.
[org.jetbrains.intellij.platform] Created IvyModule.Artifact: url='lib', name='intellij.libraries.commons.imaging', ext='jar'.
[org.jetbrains.intellij.platform] Created IvyModule.Artifact: url='lib', name='intellij.platform.recentFiles.frontend', ext='jar'.
[org.jetbrains.intellij.platform] Created IvyModule.Artifact: url='lib', name='intellij.go.linter.watchers', ext='jar'.
[org.jetbrains.intellij.platform] Created IvyModule.Artifact: url='lib', name='fleet.rpc.server', ext='jar'.
[org.jetbrains.intellij.platform] Created IvyModule.Artifact: url='lib', name='intellij.platform.externalProcessAuthHelper', ext='jar'.
[org.jetbrains.intellij.platform] Created IvyModule.Artifact: url='lib', name='intellij.platform.vcs.impl.lang.actions', ext='jar'.
[org.jetbrains.intellij.platform] Created IvyModule.Artifact: url='lib', name='intellij.platform.rpc', ext='jar'.
[org.jetbrains.intellij.platform] Created IvyModule.Artifact: url='lib', name='intellij.libraries.jettison', ext='jar'.
[org.jetbrains.intellij.platform] Created IvyModule.Artifact: url='lib', name='intellij.libraries.grpc.netty.shaded', ext='jar'.
[org.jetbrains.intellij.platform] Created IvyModule.Artifact: url='lib', name='intellij.platform.find', ext='jar'.
[org.jetbrains.intellij.platform] Created IvyModule.Artifact: url='lib', name='intellij.platform.jewel.markdown.extensions.images', ext='jar'.
[org.jetbrains.intellij.platform] Created IvyModule.Artifact: url='lib', name='intellij.libraries.jackson.module.kotlin', ext='jar'.
[org.jetbrains.intellij.platform] Created IvyModule.Artifact: url='lib', name='intellij.libraries.compose.runtime.desktop', ext='jar'.
[org.jetbrains.intellij.platform] Created IvyModule.Artifact: url='lib', name='intellij.libraries.lucene.common', ext='jar'.
[org.jetbrains.intellij.platform] Created IvyModule.Artifact: url='lib', name='fleet.rhizomedb', ext='jar'.
[org.jetbrains.intellij.platform] Created IvyModule.Artifact: url='lib', name='intellij.platform.ide.nonModalWelcomeScreen.backend', ext='jar'.
[org.jetbrains.intellij.platform] Created IvyModule.Artifact: url='lib', name='intellij.libraries.pty4j', ext='jar'.
[org.jetbrains.intellij.platform] Created IvyModule.Artifact: url='lib', name='intellij.platform.core', ext='jar'.
[org.jetbrains.intellij.platform] Created IvyModule.Artifact: url='lib', name='intellij.platform.execution.dashboard.backend', ext='jar'.
[org.jetbrains.intellij.platform] Created IvyModule.Artifact: url='lib', name='intellij.libraries.rd.swing', ext='jar'.
[org.jetbrains.intellij.platform] Created IvyModule.Artifact: url='lib', name='intellij.libraries.rd.text', ext='jar'.
[org.jetbrains.intellij.platform] Created IvyModule.Artifact: url='lib', name='intellij.libraries.swingx', ext='jar'.
[org.jetbrains.intellij.platform] Created IvyModule.Artifact: url='lib', name='intellij.platform.scriptDebugger.ui', ext='jar'.
[org.jetbrains.intellij.platform] Created IvyModule.Artifact: url='lib', name='intellij.platform.lvcs.impl', ext='jar'.
[org.jetbrains.intellij.platform] Created IvyModule.Artifact: url='lib', name='intellij.relaxng', ext='jar'.
[org.jetbrains.intellij.platform] Created IvyModule.Artifact: url='lib', name='intellij.libraries.netty.codec.compression', ext='jar'.
[org.jetbrains.intellij.platform] Created IvyModule.Artifact: url='lib', name='intellij.platform.settings.local', ext='jar'.
[org.jetbrains.intellij.platform] Created IvyModule.Artifact: url='lib', name='intellij.platform.scopes.backend', ext='jar'.
[org.jetbrains.intellij.platform] Created IvyModule.Artifact: url='lib', name='intellij.java.aetherDependencyResolver', ext='jar'.
[org.jetbrains.intellij.platform] Created IvyModule.Artifact: url='lib', name='intellij.libraries.plexus.utils', ext='jar'.
[org.jetbrains.intellij.platform] Created IvyModule.Artifact: url='lib', name='intellij.libraries.jgoodies.forms', ext='jar'.
[org.jetbrains.intellij.platform] Created IvyModule.Artifact: url='lib', name='intellij.platform.jewel.foundation', ext='jar'.
[org.jetbrains.intellij.platform] Created IvyModule.Artifact: url='lib', name='intellij.platform.ide', ext='jar'.
[org.jetbrains.intellij.platform] Created IvyModule.Artifact: url='lib', name='intellij.platform.vcs.impl.shared', ext='jar'.
[org.jetbrains.intellij.platform] Created IvyModule.Artifact: url='lib', name='intellij.platform.completion.frontend', ext='jar'.
[org.jetbrains.intellij.platform] Created IvyModule.Artifact: url='lib', name='intellij.libraries.jcip', ext='jar'.
[org.jetbrains.intellij.platform] Created IvyModule.Artifact: url='lib', name='fleet.util.logging.api', ext='jar'.
[org.jetbrains.intellij.platform] Created IvyModule.Artifact: url='lib', name='fleet.andel', ext='jar'.
[org.jetbrains.intellij.platform] Created IvyModule.Artifact: url='lib', name='intellij.xml.analysis', ext='jar'.
[org.jetbrains.intellij.platform] Created IvyModule.Artifact: url='lib', name='intellij.platform.langInjection.backend', ext='jar'.
[org.jetbrains.intellij.platform] Created IvyModule.Artifact: url='lib', name='intellij.libraries.gson', ext='jar'.
[org.jetbrains.intellij.platform] Created IvyModule.Artifact: url='lib', name='intellij.libraries.winp', ext='jar'.
[org.jetbrains.intellij.platform] Created IvyModule.Artifact: url='lib', name='intellij.platform.duplicates.analysis', ext='jar'.
[org.jetbrains.intellij.platform] Created IvyModule.Artifact: url='lib', name='intellij.xml.duplicates', ext='jar'.
[org.jetbrains.intellij.platform] Created IvyModule.Artifact: url='lib', name='intellij.platform.managed.cache.backend', ext='jar'.
[org.jetbrains.intellij.platform] Created IvyModule.Artifact: url='lib', name='intellij.platform.ide.nonModalWelcomeScreen', ext='jar'.
[org.jetbrains.intellij.platform] Created IvyModule.Artifact: url='lib', name='intellij.libraries.rhino', ext='jar'.
[org.jetbrains.intellij.platform] Created IvyModule.Artifact: url='lib', name='intellij.platform.builtInServer.impl', ext='jar'.
[org.jetbrains.intellij.platform] Created IvyModule.Artifact: url='lib', name='intellij.libraries.markdown', ext='jar'.
[org.jetbrains.intellij.platform] Created IvyModule.Artifact: url='lib', name='intellij.platform.rpc.backend', ext='jar'.
[org.jetbrains.intellij.platform] Created IvyModule.Artifact: url='lib', name='intellij.libraries.ini4j', ext='jar'.
[org.jetbrains.intellij.platform] Created IvyModule.Artifact: url='lib', name='intellij.libraries.jcef', ext='jar'.
[org.jetbrains.intellij.platform] Created IvyModule.Artifact: url='lib', name='intellij.platform.kernel', ext='jar'.
[org.jetbrains.intellij.platform] Created IvyModule.Artifact: url='lib', name='intellij.xml.langInjection', ext='jar'.
[org.jetbrains.intellij.platform] Created IvyModule.Artifact: url='lib', name='intellij.libraries.jvm.native.trusted.roots', ext='jar'.
[org.jetbrains.intellij.platform] Created IvyModule.Artifact: url='lib', name='intellij.platform.util.ui', ext='jar'.
[org.jetbrains.intellij.platform] Created IvyModule.Artifact: url='lib', name='intellij.platform.navbar', ext='jar'.
[org.jetbrains.intellij.platform] Created IvyModule.Artifact: url='lib', name='intellij.libraries.kotlinx.coroutines.debug', ext='jar'.
[org.jetbrains.intellij.platform] Created IvyModule.Artifact: url='lib', name='intellij.platform.vcs.log', ext='jar'.
[org.jetbrains.intellij.platform] Created IvyModule.Artifact: url='lib', name='intellij.libraries.kotlinx.coroutines.core', ext='jar'.
[org.jetbrains.intellij.platform] Created IvyModule.Artifact: url='lib', name='intellij.go.welcomeScreen.docker', ext='jar'.
[org.jetbrains.intellij.platform] Created IvyModule.Artifact: url='lib', name='intellij.platform.execution.dashboard', ext='jar'.
[org.jetbrains.intellij.platform] Created IvyModule.Artifact: url='lib', name='intellij.libraries.bouncy.castle.provider', ext='jar'.
[org.jetbrains.intellij.platform] Created IvyModule.Artifact: url='lib', name='intellij.platform.vcs.dvcs', ext='jar'.
[org.jetbrains.intellij.platform] Created IvyModule.Artifact: url='lib', name='intellij.platform.projectModel.impl', ext='jar'.
[org.jetbrains.intellij.platform] Created IvyModule.Artifact: url='lib', name='fleet.multiplatform.shims', ext='jar'.
[org.jetbrains.intellij.platform] Created IvyModule.Artifact: url='lib', name='intellij.libraries.commons.io', ext='jar'.
[org.jetbrains.intellij.platform] Created IvyModule.Artifact: url='lib', name='intellij.platform.pluginManager.shared', ext='jar'.
[org.jetbrains.intellij.platform] Created IvyModule.Artifact: url='lib', name='intellij.platform.todo', ext='jar'.
[org.jetbrains.intellij.platform] Created IvyModule.Artifact: url='lib', name='intellij.platform.kernel.backend', ext='jar'.
[org.jetbrains.intellij.platform] Created IvyModule.Artifact: url='lib', name='intellij.platform.trialPromotion.common', ext='jar'.
[org.jetbrains.intellij.platform] Created IvyModule.Artifact: url='lib', name='intellij.libraries.fastutil', ext='jar'.
[org.jetbrains.intellij.platform] Created IvyModule.Artifact: url='lib', name='intellij.xml.emmet.backend', ext='jar'.
[org.jetbrains.intellij.platform] Created IvyModule.Artifact: url='lib', name='intellij.platform.vcs.dvcs.impl.shared', ext='jar'.
[org.jetbrains.intellij.platform] Created IvyModule.Artifact: url='lib', name='intellij.platform.find.backend', ext='jar'.
[org.jetbrains.intellij.platform] Created IvyModule.Artifact: url='lib', name='intellij.platform.trace.consent', ext='jar'.
[org.jetbrains.intellij.platform] Created IvyModule.Artifact: url='lib', name='intellij.libraries.commons.text', ext='jar'.
[org.jetbrains.intellij.platform] Created IvyModule.Artifact: url='lib', name='intellij.platform.navbar.backend', ext='jar'.
[org.jetbrains.intellij.platform] Created IvyModule.Artifact: url='lib', name='intellij.xml.emmet', ext='jar'.
[org.jetbrains.intellij.platform] Created IvyModule.Artifact: url='lib', name='intellij.platform.inspect', ext='jar'.
[org.jetbrains.intellij.platform] Created IvyModule.Artifact: url='lib', name='intellij.platform.diff.impl', ext='jar'.
[org.jetbrains.intellij.platform] Created IvyModule.Artifact: url='lib', name='intellij.platform.smRunner', ext='jar'.
[org.jetbrains.intellij.platform] Created IvyModule.Artifact: url='lib', name='intellij.libraries.jaxen', ext='jar'.
[org.jetbrains.intellij.platform] Created IvyModule.Artifact: url='lib', name='intellij.platform.ml.impl', ext='jar'.
[org.jetbrains.intellij.platform] Created IvyModule.Artifact: url='lib', name='intellij.platform.analysis.impl', ext='jar'.
[org.jetbrains.intellij.platform] Created IvyModule.Artifact: url='lib', name='intellij.libraries.cli.parser', ext='jar'.
[org.jetbrains.intellij.platform] Created IvyModule.Artifact: url='lib', name='intellij.libraries.commons.logging', ext='jar'.
[org.jetbrains.intellij.platform] Created IvyModule.Artifact: url='lib', name='intellij.platform.recentFiles.backend', ext='jar'.
[org.jetbrains.intellij.platform] Created IvyModule.Artifact: url='lib', name='intellij.platform.lang.impl.backend', ext='jar'.
[org.jetbrains.intellij.platform] Created IvyModule.Artifact: url='lib', name='fleet.kernel', ext='jar'.
[org.jetbrains.intellij.platform] Created IvyModule.Artifact: url='lib', name='intellij.xml.psi.impl', ext='jar'.
[org.jetbrains.intellij.platform] Created IvyModule.Artifact: url='lib', name='intellij.execution.process.mediator.client', ext='jar'.
[org.jetbrains.intellij.platform] Created IvyModule.Artifact: url='lib', name='intellij.platform.trialPromotion.idesWithoutFreeTier', ext='jar'.
[org.jetbrains.intellij.platform] Created IvyModule.Artifact: url='lib', name='intellij.platform.debugger.impl.rpc', ext='jar'.
[org.jetbrains.intellij.platform] Created IvyModule.Artifact: url='lib', name='intellij.libraries.rd.framework', ext='jar'.
[org.jetbrains.intellij.platform] Created IvyModule.Artifact: url='lib', name='intellij.platform.diagnostic.telemetry.agent.extension', ext='jar'.
[org.jetbrains.intellij.platform] Created IvyModule.Artifact: url='lib', name='intellij.libraries.batik', ext='jar'.
[org.jetbrains.intellij.platform] Created IvyModule.Artifact: url='lib', name='intellij.platform.locking.impl', ext='jar'.
[org.jetbrains.intellij.platform] Created IvyModule.Artifact: url='lib', name='intellij.xml.dom', ext='jar'.
[org.jetbrains.intellij.platform] Created IvyModule.Artifact: url='lib', name='intellij.platform.rpc.topics.frontend', ext='jar'.
[org.jetbrains.intellij.platform] Created IvyModule.Artifact: url='lib', name='intellij.platform.coverage.agent', ext='jar'.
[org.jetbrains.intellij.platform] Created IvyModule.Artifact: url='lib', name='intellij.platform.execution.impl.backend', ext='jar'.
[org.jetbrains.intellij.platform] Created IvyModule.Artifact: url='lib', name='intellij.libraries.coil', ext='jar'.
[org.jetbrains.intellij.platform] Created IvyModule.Artifact: url='lib', name='intellij.platform.completion.common', ext='jar'.
[org.jetbrains.intellij.platform] Created IvyModule.Artifact: url='lib', name='intellij.libraries.snakeyaml', ext='jar'.
[org.jetbrains.intellij.platform] Created IvyModule.Artifact: url='lib', name='intellij.platform.polySymbols.backend', ext='jar'.
[org.jetbrains.intellij.platform] Created IvyModule.Artifact: url='lib', name='intellij.xml.duplicates.analysis', ext='jar'.
[org.jetbrains.intellij.platform] Created IvyModule.Artifact: url='lib', name='intellij.platform.searchEverywhere.frontend', ext='jar'.
[org.jetbrains.intellij.platform] Created IvyModule.Artifact: url='lib', name='intellij.xml.syntax', ext='jar'.
[org.jetbrains.intellij.platform] Created IvyModule.Artifact: url='lib', name='intellij.libraries.sshj', ext='jar'.
[org.jetbrains.intellij.platform] Created IvyModule.Artifact: url='lib', name='intellij.platform.scriptDebugger.backend', ext='jar'.
[org.jetbrains.intellij.platform] Created IvyModule.Artifact: url='lib', name='intellij.platform.ide.core', ext='jar'.
[org.jetbrains.intellij.platform] Created IvyModule.Artifact: url='lib', name='intellij.go.ide.terraformNotifier', ext='jar'.
[org.jetbrains.intellij.platform] Created IvyModule.Artifact: url='lib', name='intellij.libraries.kotlinx.serialization.cbor', ext='jar'.
[org.jetbrains.intellij.platform] Created IvyModule.Artifact: url='lib', name='intellij.xml.ui.common', ext='jar'.
[org.jetbrains.intellij.platform] Created IvyModule.Artifact: url='lib', name='intellij.platform.compose', ext='jar'.
[org.jetbrains.intellij.platform] Created IvyModule.Artifact: url='lib', name='intellij.platform.editor', ext='jar'.
[org.jetbrains.intellij.platform] Created IvyModule.Artifact: url='lib', name='intellij.xml.structureView.impl', ext='jar'.
[org.jetbrains.intellij.platform] Created IvyModule.Artifact: url='lib', name='intellij.platform.tasks.impl', ext='jar'.
[org.jetbrains.intellij.platform] Created IvyModule.Artifact: url='lib', name='intellij.platform.analysis', ext='jar'.
[org.jetbrains.intellij.platform] Created IvyModule.Artifact: url='lib', name='intellij.libraries.kotlinx.html', ext='jar'.
[org.jetbrains.intellij.platform] Created IvyModule.Artifact: url='lib', name='intellij.xml.parser', ext='jar'.
[org.jetbrains.intellij.platform] Created IvyModule.Artifact: url='lib', name='intellij.libraries.commons.lang3', ext='jar'.
[org.jetbrains.intellij.platform] Created IvyModule.Artifact: url='lib', name='fleet.util.codepoints', ext='jar'.
[org.jetbrains.intellij.platform] Created IvyModule.Artifact: url='lib', name='intellij.go.welcomeScreen.kubernetes', ext='jar'.
[org.jetbrains.intellij.platform] Created IvyModule.Artifact: url='lib', name='intellij.libraries.kotlinx.io', ext='jar'.
[org.jetbrains.intellij.platform] Created IvyModule.Artifact: url='lib', name='intellij.platform.identifiers.highlighting.backend', ext='jar'.
[org.jetbrains.intellij.platform] Created IvyModule.Artifact: url='lib', name='intellij.xml.psi', ext='jar'.
[org.jetbrains.intellij.platform] Created IvyModule.Artifact: url='lib', name='fleet.rpc', ext='jar'.
[org.jetbrains.intellij.platform] Created IvyModule.Artifact: url='lib', name='intellij.platform.scopes', ext='jar'.
[org.jetbrains.intellij.platform] Created IvyModule.Artifact: url='lib', name='intellij.platform.debugger.impl.ui', ext='jar'.
[org.jetbrains.intellij.platform] Created IvyModule.Artifact: url='lib', name='intellij.libraries.commons.codec', ext='jar'.
[org.jetbrains.intellij.platform] Created IvyModule.Artifact: url='lib', name='intellij.platform.structuralSearch', ext='jar'.
[org.jetbrains.intellij.platform] Created IvyModule.Artifact: url='lib', name='intellij.libraries.ktor.network.tls', ext='jar'.
[org.jetbrains.intellij.platform] Created IvyModule.Artifact: url='lib', name='intellij.platform.navbar.monolith', ext='jar'.
[org.jetbrains.intellij.platform] Created IvyModule.Artifact: url='lib', name='intellij.libraries.microba', ext='jar'.
[org.jetbrains.intellij.platform] Created IvyModule.Artifact: url='lib', name='intellij.libraries.hdr.histogram', ext='jar'.
[org.jetbrains.intellij.platform] Created IvyModule.Artifact: url='lib', name='intellij.platform.langInjection', ext='jar'.
[org.jetbrains.intellij.platform] Created IvyModule.Artifact: url='lib', name='intellij.xml.analysis.impl', ext='jar'.
[org.jetbrains.intellij.platform] Created IvyModule.Artifact: url='lib', name='intellij.platform.editor.frontend', ext='jar'.
[org.jetbrains.intellij.platform] Created IvyModule.Artifact: url='lib', name='intellij.platform.clouds', ext='jar'.
[org.jetbrains.intellij.platform] Created IvyModule.Artifact: url='lib', name='product-backend', ext='jar'.
[org.jetbrains.intellij.platform] Created IvyModule.Artifact: url='lib', name='intellij.platform.scriptDebugger.protocolReaderRuntime', ext='jar'.
[org.jetbrains.intellij.platform] Created IvyModule.Artifact: url='lib', name='intellij.libraries.grpc', ext='jar'.
[org.jetbrains.intellij.platform] Created IvyModule.Artifact: url='lib', name='intellij.libraries.kotlinx.collections.immutable', ext='jar'.
[org.jetbrains.intellij.platform] Created IvyModule.Artifact: url='lib', name='intellij.platform.smRunner.vcs', ext='jar'.
[org.jetbrains.intellij.platform] Created IvyModule.Artifact: url='lib', name='intellij.libraries.netty.codec.http', ext='jar'.
[org.jetbrains.intellij.platform] Created IvyModule.Artifact: url='lib', name='intellij.platform.buildView', ext='jar'.
[org.jetbrains.intellij.platform] Created IvyModule.Artifact: url='lib', name='intellij.libraries.kotlin.reflect', ext='jar'.
[org.jetbrains.intellij.platform] Created IvyModule.Artifact: url='lib', name='intellij.platform.debugger.impl', ext='jar'.
[org.jetbrains.intellij.platform] Created IvyModule.Artifact: url='lib', name='intellij.libraries.opencsv', ext='jar'.
[org.jetbrains.intellij.platform] Created IvyModule.Artifact: url='lib', name='intellij.platform.eel.impl', ext='jar'.
[org.jetbrains.intellij.platform] Created IvyModule.Artifact: url='lib', name='intellij.rd.platform', ext='jar'.
[org.jetbrains.intellij.platform] Created IvyModule.Artifact: url='lib', name='intellij.platform.frontend', ext='jar'.
[org.jetbrains.intellij.platform] Created IvyModule.Artifact: url='lib', name='intellij.rd.ide.model.generated', ext='jar'.
[org.jetbrains.intellij.platform] Created IvyModule.Artifact: url='lib', name='intellij.libraries.cglib', ext='jar'.
[org.jetbrains.intellij.platform] Created IvyModule.Artifact: url='lib', name='intellij.libraries.skiko', ext='jar'.
[org.jetbrains.intellij.platform] Created IvyModule.Artifact: url='lib', name='intellij.platform.warmup', ext='jar'.
[org.jetbrains.intellij.platform] Created IvyModule.Artifact: url='lib', name='intellij.platform.pluginManager.frontend', ext='jar'.
[org.jetbrains.intellij.platform] Created IvyModule.Artifact: url='lib', name='intellij.libraries.opentelemetry.exporter.sender.jdk', ext='jar'.
[org.jetbrains.intellij.platform] Created IvyModule.Artifact: url='lib', name='intellij.goland.customization', ext='jar'.
[org.jetbrains.intellij.platform] Created IvyModule.Artifact: url='lib', name='intellij.grid.csv.core.impl', ext='jar'.
[org.jetbrains.intellij.platform] Created IvyModule.Artifact: url='lib', name='intellij.platform.vcs.shared', ext='jar'.
[org.jetbrains.intellij.platform] Created IvyModule.Artifact: url='lib', name='intellij.libraries.guava', ext='jar'.
[org.jetbrains.intellij.platform] Created IvyModule.Artifact: url='lib', name='intellij.go.welcomeScreen.database', ext='jar'.
[org.jetbrains.intellij.platform] Created IvyModule.Artifact: url='lib', name='intellij.platform.jewel.markdown.ideLafBridgeStyling', ext='jar'.
[org.jetbrains.intellij.platform] Created IvyModule.Artifact: url='lib', name='intellij.platform.dap', ext='jar'.
[org.jetbrains.intellij.platform] Created IvyModule.Artifact: url='lib', name='intellij.libraries.jspecify', ext='jar'.
[org.jetbrains.intellij.platform] Created IvyModule.Artifact: url='lib', name='intellij.libraries.kotlinx.serialization.json', ext='jar'.
[org.jetbrains.intellij.platform] Created IvyModule.Artifact: url='lib', name='intellij.libraries.commons.cli', ext='jar'.
[org.jetbrains.intellij.platform] Created IvyModule.Artifact: url='lib', name='fleet.rhizomedb.transactor.rebase', ext='jar'.
[org.jetbrains.intellij.platform] Created IvyModule.Artifact: url='lib', name='intellij.libraries.ktor.io', ext='jar'.
[org.jetbrains.intellij.platform] Created IvyModule.Artifact: url='lib', name='stats', ext='jar'.
[org.jetbrains.intellij.platform] Created IvyModule.Artifact: url='lib', name='intellij.platform.navbar.frontend', ext='jar'.
[org.jetbrains.intellij.platform] Created IvyModule.Artifact: url='lib', name='intellij.grid.impl', ext='jar'.
[org.jetbrains.intellij.platform] Created IvyModule.Artifact: url='lib', name='intellij.libraries.ktor.client.cio', ext='jar'.
[org.jetbrains.intellij.platform] Created IvyModule.Artifact: url='lib', name='app', ext='jar'.
[org.jetbrains.intellij.platform] Created IvyModule.Artifact: url='lib', name='intellij.platform.collaborationTools', ext='jar'.
[org.jetbrains.intellij.platform] Created IvyModule.Artifact: url='lib', name='intellij.libraries.kotlinx.serialization.protobuf', ext='jar'.
[org.jetbrains.intellij.platform] Created IvyModule.Artifact: url='lib', name='intellij.platform.rpc.topics.backend', ext='jar'.
[org.jetbrains.intellij.platform] Created IvyModule.Artifact: url='lib', name='intellij.go.welcomeScreen.featuresTrainer.frontend', ext='jar'.
[org.jetbrains.intellij.platform] Created IvyModule.Artifact: url='lib', name='intellij.platform.vcs.impl.exec', ext='jar'.
[org.jetbrains.intellij.platform] Created IvyModule.Artifact: url='lib', name='intellij.platform.builtInServer', ext='jar'.
[org.jetbrains.intellij.platform] Created IvyModule.Artifact: url='lib', name='intellij.grid.core.impl', ext='jar'.
[org.jetbrains.intellij.platform] Created IvyModule.Artifact: url='lib', name='fleet.fastutil', ext='jar'.
[org.jetbrains.intellij.platform] Created IvyModule.Artifact: url='lib', name='intellij.libraries.aalto.xml', ext='jar'.
[org.jetbrains.intellij.platform] Created IvyModule.Artifact: url='lib', name='intellij.platform.vcs.core', ext='jar'.
[org.jetbrains.intellij.platform] Created IvyModule.Artifact: url='lib', name='intellij.platform.lang.impl', ext='jar'.
[org.jetbrains.intellij.platform] Created IvyModule.Artifact: url='lib', name='intellij.libraries.ktor.client', ext='jar'.
[org.jetbrains.intellij.platform] Created IvyModule.Artifact: url='lib', name='intellij.libraries.proxy.vole', ext='jar'.
[org.jetbrains.intellij.platform] Created IvyModule.Artifact: url='lib', name='intellij.libraries.kotlinx.coroutines.slf4j', ext='jar'.
[org.jetbrains.intellij.platform] Created IvyModule.Artifact: url='lib', name='intellij.platform.execution.serviceView.frontend', ext='jar'.
[org.jetbrains.intellij.platform] Created IvyModule.Artifact: url='lib', name='fleet.rhizomedb.transactor', ext='jar'.
[org.jetbrains.intellij.platform] Created IvyModule.Artifact: url='lib', name='intellij.platform.inline.completion', ext='jar'.
[org.jetbrains.intellij.platform] Created IvyModule.Artifact: url='lib', name='intellij.libraries.jackson.jr.objects', ext='jar'.
[org.jetbrains.intellij.platform] Created IvyModule.Artifact: url='lib', name='product', ext='jar'.
[org.jetbrains.intellij.platform] Created IvyModule.Artifact: url='lib', name='intellij.libraries.commons.compress', ext='jar'.
[org.jetbrains.intellij.platform] Created IvyModule.Artifact: url='lib', name='intellij.platform.core.impl', ext='jar'.
[org.jetbrains.intellij.platform] Created IvyModule.Artifact: url='lib', name='intellij.xml.structureView', ext='jar'.
[org.jetbrains.intellij.platform] Created IvyModule.Artifact: url='lib', name='intellij.platform.welcomeScreen', ext='jar'.
[org.jetbrains.intellij.platform] Created IvyModule.Artifact: url='lib', name='intellij.libraries.jackson.databind', ext='jar'.
[org.jetbrains.intellij.platform] Created IvyModule.Artifact: url='lib', name='intellij.platform.monolith', ext='jar'.
[org.jetbrains.intellij.platform] Created IvyModule.Artifact: url='lib', name='intellij.libraries.opentelemetry.sdk.autoconfigure.spi', ext='jar'.
[org.jetbrains.intellij.platform] Created IvyModule.Artifact: url='lib', name='intellij.libraries.oro.matcher', ext='jar'.
[org.jetbrains.intellij.platform] Created IvyModule.Artifact: url='lib', name='intellij.libraries.rd.core', ext='jar'.
[org.jetbrains.intellij.platform] Created IvyModule.Artifact: url='lib', name='intellij.libraries.snakeyaml.engine', ext='jar'.
[org.jetbrains.intellij.platform] Created IvyModule.Artifact: url='lib', name='intellij.execution.process.elevation', ext='jar'.
[org.jetbrains.intellij.platform] Created IvyModule.Artifact: url='lib', name='intellij.profiler.ultimate.ideaAsyncProfiler', ext='jar'.
[org.jetbrains.intellij.platform] Created IvyModule.Artifact: url='lib', name='intellij.libraries.kotlinx.coroutines.guava', ext='jar'.
[org.jetbrains.intellij.platform] Created IvyModule.Artifact: url='lib', name='intellij.platform.diff', ext='jar'.
[org.jetbrains.intellij.platform] Created IvyModule.Artifact: url='lib', name='intellij.grid.types', ext='jar'.
[org.jetbrains.intellij.platform] Created IvyModule.Artifact: url='lib', name='intellij.libraries.compose.foundation.desktop', ext='jar'.
[org.jetbrains.intellij.platform] Created IvyModule.Artifact: url='lib', name='intellij.xml.langInjection.xpath', ext='jar'.
[org.jetbrains.intellij.platform] Created IvyModule.Artifact: url='lib', name='intellij.platform.compose.markdown', ext='jar'.
[org.jetbrains.intellij.platform] Created IvyModule.Artifact: url='lib', name='intellij.libraries.jgoodies.common', ext='jar'.
[org.jetbrains.intellij.platform] Created IvyModule.Artifact: url='lib', name='intellij.go.welcomeScreen.featuresTrainer', ext='jar'.
[org.jetbrains.intellij.platform] Created IvyModule.Artifact: url='lib', name='intellij.regexp', ext='jar'.
[org.jetbrains.intellij.platform] Created IvyModule.Artifact: url='lib', name='intellij.platform.rpc.topics', ext='jar'.
[org.jetbrains.intellij.platform] Created IvyModule.Artifact: url='lib', name='intellij.platform.progress.backend', ext='jar'.
[org.jetbrains.intellij.platform] Created IvyModule.Artifact: url='lib', name='intellij.xml.impl', ext='jar'.
[org.jetbrains.intellij.platform] Created IvyModule.Artifact: url='lib', name='intellij.platform.buildView.backend', ext='jar'.
[org.jetbrains.intellij.platform] Created IvyModule.Artifact: url='lib', name='intellij.platform.vcs.dvcs.impl', ext='jar'.
[org.jetbrains.intellij.platform] Created IvyModule.Artifact: url='lib', name='intellij.platform.vcs.impl.lang', ext='jar'.
[org.jetbrains.intellij.platform] Created IvyModule.Artifact: url='lib', name='intellij.libraries.classgraph', ext='jar'.
[org.jetbrains.intellij.platform] Created IvyModule.Artifact: url='lib', name='intellij.emojipicker', ext='jar'.
[org.jetbrains.intellij.platform] Created IvyModule.Artifact: url='lib', name='intellij.libraries.netty.buffer', ext='jar'.
[org.jetbrains.intellij.platform] Created IvyModule.Artifact: url='lib', name='intellij.libraries.lz4', ext='jar'.
[org.jetbrains.intellij.platform] Created IvyModule.Artifact: url='lib', name='intellij.libraries.ktor.utils', ext='jar'.
[org.jetbrains.intellij.platform] Created IvyModule.Artifact: url='lib', name='intellij.platform.diagnostic.freezeAnalyzer', ext='jar'.
[org.jetbrains.intellij.platform] Created IvyModule.Artifact: url='lib', name='intellij.platform.searchEverywhere.backend', ext='jar'.
[org.jetbrains.intellij.platform] Created IvyModule.Artifact: url='lib', name='intellij.libraries.http.client', ext='jar'.
[org.jetbrains.intellij.platform] Created IvyModule.Artifact: url='lib', name='intellij.go.welcomeScreen.terminal', ext='jar'.
[org.jetbrains.intellij.platform] Created IvyModule.Artifact: url='lib', name='intellij.platform.vcs.impl.frontend', ext='jar'.
[org.jetbrains.intellij.platform] Created IvyModule.Artifact: url='lib', name='intellij.libraries.miglayout.swing', ext='jar'.
[org.jetbrains.intellij.platform] Created IvyModule.Artifact: url='lib', name='intellij.platform.todo.backend', ext='jar'.
[org.jetbrains.intellij.platform] Created IvyModule.Artifact: url='lib', name='intellij.libraries.caffeine', ext='jar'.
[org.jetbrains.intellij.platform] Created IvyModule.Artifact: url='lib', name='intellij.platform.collaborationTools.auth', ext='jar'.
[org.jetbrains.intellij.platform] Created IvyModule.Artifact: url='lib', name='fleet.bifurcan', ext='jar'.
[org.jetbrains.intellij.platform] Created IvyModule.Artifact: url='lib', name='intellij.libraries.jgoodies.binding', ext='jar'.
[org.jetbrains.intellij.platform] Created IvyModule.Artifact: url='lib', name='intellij.libraries.bouncy.castle.pgp', ext='jar'.
[org.jetbrains.intellij.platform] Created IvyModule.Artifact: url='lib', name='intellij.libraries.jediterm.ui', ext='jar'.
[org.jetbrains.intellij.platform] Created IvyModule.Artifact: url='lib', name='intellij.platform.tips', ext='jar'.
[org.jetbrains.intellij.platform] Created IvyModule.Artifact: url='lib', name='intellij.libraries.jackson', ext='jar'.
[org.jetbrains.intellij.platform] Created IvyModule.Artifact: url='lib', name='intellij.platform.bookmarks.backend', ext='jar'.
[org.jetbrains.intellij.platform] Created IvyModule.Artifact: url='lib', name='intellij.platform.ide.impl', ext='jar'.
[org.jetbrains.intellij.platform] Created IvyModule.Artifact: url='lib', name='intellij.execution.process.mediator.daemon', ext='jar'.
[org.jetbrains.intellij.platform] Created IvyModule.Artifact: url='lib', name='intellij.platform.debugger.impl.shared', ext='jar'.
[org.jetbrains.intellij.platform] Created IvyModule.Artifact: url='lib', name='fleet.reporting.shared', ext='jar'.
[org.jetbrains.intellij.platform] Created IvyModule.Artifact: url='lib', name='intellij.platform.execution.impl.frontend', ext='jar'.
[org.jetbrains.intellij.platform] Created IvyModule.Artifact: url='lib', name='intellij.libraries.xtext.xbase', ext='jar'.
[org.jetbrains.intellij.platform] Created IvyModule.Artifact: url='lib', name='intellij.platform.util.ex', ext='jar'.
[org.jetbrains.intellij.platform] Created IvyModule.Artifact: url='lib', name='intellij.platform.bookmarks.frontend', ext='jar'.
[org.jetbrains.intellij.platform] Created IvyModule.Artifact: url='lib', name='intellij.platform.credentialStore.ui', ext='jar'.
[org.jetbrains.intellij.platform] Created IvyModule.Artifact: url='lib', name='intellij.platform.credentialStore.impl', ext='jar'.
[org.jetbrains.intellij.platform] Created IvyModule.Artifact: url='lib', name='intellij.goland.featuresTrainer', ext='jar'.
[org.jetbrains.intellij.platform] Created IvyModule.Artifact: url='lib', name='intellij.platform.buildView.frontend', ext='jar'.
[org.jetbrains.intellij.platform] Created IvyModule.Artifact: url='lib', name='intellij.platform.vcs.log.impl', ext='jar'.
[org.jetbrains.intellij.platform] Created IvyModule.Artifact: url='lib', name='intellij.libraries.kryo5', ext='jar'.
[org.jetbrains.intellij.platform] Created IvyModule.Artifact: url='lib', name='intellij.libraries.javax.annotation', ext='jar'.
[org.jetbrains.intellij.platform] Created IvyModule.Artifact: url='lib', name='intellij.libraries.asm.tools', ext='jar'.
[org.jetbrains.intellij.platform] Created IvyModule.Artifact: url='lib', name='intellij.go.welcomeScreen.featuresTrainer.backend', ext='jar'.
[org.jetbrains.intellij.platform] Created IvyModule.Artifact: url='lib', name='intellij.platform.registry.cloud', ext='jar'.
[org.jetbrains.intellij.platform] Created IvyModule.Artifact: url='lib', name='intellij.platform.jewel.markdown.extensions.gfmTables', ext='jar'.
[org.jetbrains.intellij.platform] Created IvyModule.Artifact: url='lib', name='intellij.libraries.mvstore', ext='jar'.
[org.jetbrains.intellij.platform] Created IvyModule.Artifact: url='lib', name='intellij.libraries.xz', ext='jar'.
[org.jetbrains.intellij.platform] Created IvyModule.Artifact: url='lib', name='intellij.platform.recentFiles', ext='jar'.
[org.jetbrains.intellij.platform] Created IvyModule.Artifact: url='lib', name='intellij.platform.welcomeScreen.impl', ext='jar'.
[org.jetbrains.intellij.platform] Created IvyModule.Artifact: url='lib', name='intellij.platform.eel.tcp', ext='jar'.
[org.jetbrains.intellij.platform] Created IvyModule.Artifact: url='lib', name='intellij.platform.completion.backend', ext='jar'.
[org.jetbrains.intellij.platform] Created IvyModule.Artifact: url='lib', name='intellij.platform.tasks', ext='jar'.
[org.jetbrains.intellij.platform] Created IvyModule.Artifact: url='lib', name='intellij.libraries.ion', ext='jar'.
[org.jetbrains.intellij.platform] Created IvyModule.Artifact: url='lib', name='intellij.libraries.jsvg', ext='jar'.
[org.jetbrains.intellij.platform] Created IvyModule.Artifact: url='lib', name='intellij.libraries.xerces', ext='jar'.
[org.jetbrains.intellij.platform] Created IvyModule.Artifact: url='lib', name='intellij.libraries.velocity', ext='jar'.
[org.jetbrains.intellij.platform] Created IvyModule.Artifact: url='lib', name='intellij.libraries.stream', ext='jar'.
[org.jetbrains.intellij.platform] Created IvyModule.Artifact: url='lib', name='intellij.libraries.icu4j', ext='jar'.
[org.jetbrains.intellij.platform] Created IvyModule.Artifact: url='lib', name='intellij.platform.diagnostic.freezes', ext='jar'.
[org.jetbrains.intellij.platform] Created IvyModule.Artifact: url='lib', name='intellij.libraries.netty.handler.proxy', ext='jar'.
[org.jetbrains.intellij.platform] Created IvyModule.Artifact: url='lib', name='intellij.platform.jewel.ideLafBridge', ext='jar'.
[org.jetbrains.intellij.platform] Created IvyModule.Artifact: url='lib', name='intellij.platform.diagnostic.errorAutoReport', ext='jar'.
[org.jetbrains.intellij.platform] Created IvyModule.Artifact: url='lib', name='intellij.spellchecker.xml', ext='jar'.
[org.jetbrains.intellij.platform] Created IvyModule.Artifact: url='lib', name='intellij.libraries.maven.resolver.provider', ext='jar'.
[org.jetbrains.intellij.platform] Created IvyModule.Artifact: url='lib', name='intellij.platform.jewel.markdown.core', ext='jar'.
[org.jetbrains.intellij.platform] Created IvyModule.Artifact: url='lib', name='intellij.platform.vcs', ext='jar'.
[org.jetbrains.intellij.platform] Created IvyModule.Artifact: url='lib', name='intellij.platform.ide.nonModalWelcomeScreen.frontend', ext='jar'.
[org.jetbrains.intellij.platform] Created IvyModule.Artifact: url='lib', name='intellij.profiler.common', ext='jar'.
[org.jetbrains.intellij.platform] Created IvyModule.Artifact: url='lib', name='intellij.libraries.kotlinx.serialization.core', ext='jar'.
[org.jetbrains.intellij.platform] Created IvyModule.Artifact: url='lib', name='intellij.platform.managed.cache', ext='jar'.
[org.jetbrains.intellij.platform] Created IvyModule.Artifact: url='lib', name='intellij.platform.execution.serviceView.backend', ext='jar'.
[org.jetbrains.intellij.platform] Created IvyModule.Artifact: url='lib', name='intellij.platform.execution.serviceView', ext='jar'.
[org.jetbrains.intellij.platform] Created IvyModule.Artifact: url='lib', name='intellij.rd.ui', ext='jar'.
[org.jetbrains.intellij.platform] Created IvyModule.Artifact: url='lib', name='intellij.platform.polySymbols', ext='jar'.
[org.jetbrains.intellij.platform] Created IvyModule.Artifact: url='lib', name='intellij.xml.duplicatesDetection', ext='jar'.
[org.jetbrains.intellij.platform] Created IvyModule.Artifact: url='lib', name='fleet.util.core', ext='jar'.
[org.jetbrains.intellij.platform] Created IvyModule.Artifact: url='lib', name='intellij.grid.impl.ide', ext='jar'.
[org.jetbrains.intellij.platform] Created IvyModule.Artifact: url='lib', name='intellij.libraries.xml.rpc', ext='jar'.
[org.jetbrains.intellij.platform] Created IvyModule.Artifact: url='lib', name='intellij.platform.debugger.impl.frontend', ext='jar'.
[org.jetbrains.intellij.platform] Created IvyModule.Artifact: url='lib', name='intellij.xml.dom.impl', ext='jar'.
[org.jetbrains.intellij.platform] Created IvyModule.Artifact: url='lib', name='intellij.platform.vcs.impl', ext='jar'.
[org.jetbrains.intellij.platform] Created IvyModule.Artifact: url='lib', name='intellij.profiler.asyncOne', ext='jar'.
[org.jetbrains.intellij.platform] Created IvyModule.Artifact: url='lib', name='intellij.rml.dfa.impl', ext='jar'.
[org.jetbrains.intellij.platform] Created IvyModule.Artifact: url='lib', name='intellij.libraries.ktor.server.cio', ext='jar'.
[org.jetbrains.intellij.platform] Created IvyModule.Artifact: url='lib', name='intellij.libraries.asm', ext='jar'.
[org.jetbrains.intellij.platform] Created IvyModule.Artifact: url='lib', name='intellij.libraries.automaton', ext='jar'.
[org.jetbrains.intellij.platform] Created IvyModule.Artifact: url='lib', name='intellij.libraries.jsoup', ext='jar'.
[org.jetbrains.intellij.platform] Created IvyModule.Artifact: url='lib', name='intellij.platform.lang.core', ext='jar'.
[org.jetbrains.intellij.platform] Created IvyModule.Artifact: url='lib', name='intellij.libraries.jzlib', ext='jar'.
[org.jetbrains.intellij.platform] Created IvyModule.Artifact: url='lib', name='intellij.libraries.kotlinx.datetime', ext='jar'.
[org.jetbrains.intellij.platform] Created IvyModule.Artifact: url='lib', name='intellij.platform.vcs.log.graph.impl', ext='jar'.
[org.jetbrains.intellij.platform] Created IvyModule.Artifact: url='lib', name='intellij.platform.pluginManager.backend', ext='jar'.
[org.jetbrains.intellij.platform] Created IvyModule.Artifact: url='lib', name='intellij.libraries.xstream', ext='jar'.
[org.jetbrains.intellij.platform] Created IvyModule.Artifact: url='lib', name='intellij.execution.process.mediator.common', ext='jar'.
[org.jetbrains.intellij.platform] Created IvyModule.Artifact: url='lib', name='intellij.libraries.jsonpath', ext='jar'.
[org.jetbrains.intellij.platform] Created IvyModule.Artifact: url='lib', name='intellij.platform.lang', ext='jar'.
[org.jetbrains.intellij.platform] Created IvyModule.Artifact: url='lib', name='intellij.platform.ide.concurrency', ext='jar'.
[org.jetbrains.intellij.platform] Created IvyModule.Artifact: url='lib', name='intellij.charts', ext='jar'.
[org.jetbrains.intellij.platform] Created IvyModule.Artifact: url='lib', name='intellij.libraries.jbr', ext='jar'.
[org.jetbrains.intellij.platform] Created IvyModule.Artifact: url='lib', name='intellij.platform.jewel.markdown.extensions.gfmStrikethrough', ext='jar'.
[org.jetbrains.intellij.platform] Created IvyModule.Artifact: url='lib', name='intellij.platform.projectFrame', ext='jar'.
[org.jetbrains.intellij.platform] Created IvyModule.Artifact: url='lib', name='intellij.platform.searchEverywhere', ext='jar'.
[org.jetbrains.intellij.platform] Created IvyModule.Artifact: url='lib', name='intellij.platform.identifiers.highlighting.shared', ext='jar'.
[org.jetbrains.intellij.platform] Created IvyModule.Artifact: url='lib', name='intellij.platform.externalSystem.dependencyUpdater', ext='jar'.
[org.jetbrains.intellij.platform] Created IvyModule.Artifact: url='lib', name='intellij.libraries.kotlinx.document.store.mvstore', ext='jar'.
[org.jetbrains.intellij.platform] Created IvyModule.Artifact: url='lib', name='intellij.platform.externalSystem.impl', ext='jar'.
[org.jetbrains.intellij.platform] Created IvyModule.Artifact: url='lib', name='intellij.libraries.blockmap', ext='jar'.
[org.jetbrains.intellij.platform] Created IvyModule.Artifact: url='lib', name='intellij.platform.jewel.ui', ext='jar'.
[org.jetbrains.intellij.platform] Created IvyModule.Artifact: url='lib', name='fleet.reporting.api', ext='jar'.
[org.jetbrains.intellij.platform] Created IvyModule.Artifact: url='lib', name='intellij.go.welcomeScreen.terraform', ext='jar'.
[org.jetbrains.intellij.platform] Created IvyModule.Artifact: url='lib', name='intellij.libraries.hash4j', ext='jar'.
[org.jetbrains.intellij.platform] Created IvyModule.Artifact: url='lib', name='intellij.ide.startup.importSettings', ext='jar'.
[org.jetbrains.intellij.platform] Created IvyModule.Artifact: url='lib', name='intellij.platform.coverage', ext='jar'.
[org.jetbrains.intellij.platform] Created IvyModule.Artifact: url='lib', name='intellij.platform.ide.impl.wsl', ext='jar'.
[org.jetbrains.intellij.platform] Created IvyModule.Artifact: url='lib', name='intellij.platform.projectModel', ext='jar'.
[org.jetbrains.intellij.platform] Created IvyModule.Artifact: url='lib', name='intellij.libraries.protobuf', ext='jar'.
[org.jetbrains.intellij.platform] Created IvyModule.Artifact: url='lib', name='intellij.settingsSync.core', ext='jar'.
[org.jetbrains.intellij.platform] Created IvyModule.Artifact: url='lib', name='intellij.platform.execution.dashboard.frontend', ext='jar'.
[org.jetbrains.intellij.platform] Created IvyModule.Artifact: url='lib', name='intellij.libraries.imgscalr', ext='jar'.
[org.jetbrains.intellij.platform] Created IvyModule.Artifact: url='lib', name='intellij.platform.debugger.impl.backend', ext='jar'.
[org.jetbrains.intellij.platform] Created IvyModule.Artifact: url='lib', name='intellij.libraries.jackson.dataformat.yaml', ext='jar'.
[org.jetbrains.intellij.platform] Created IvyModule.Artifact: url='lib', name='intellij.platform.editor.backend', ext='jar'.
[org.jetbrains.intellij.platform] Created IvyModule.Artifact: url='lib', name='intellij.libraries.javax.activation', ext='jar'.
[org.jetbrains.intellij.platform] Created IvyModule.Artifact: url='lib', name='fleet.util.serialization', ext='jar'.
[org.jetbrains.intellij.platform] Created IvyModule.Artifact: url='lib', name='intellij.platform.core.ui', ext='jar'.
[org.jetbrains.intellij.platform] Created IvyModule.Artifact: url='lib', name='intellij.platform.debugger', ext='jar'.
[org.jetbrains.intellij.platform] Created IvyModule.Artifact: url='lib', name='intellij.libraries.jediterm.core', ext='jar'.
[org.jetbrains.intellij.platform] Created IvyModule.Artifact: url='lib', name='intellij.platform.externalSystem', ext='jar'.
[org.jetbrains.intellij.platform] Created IvyModule.Artifact: url='lib', name='intellij.platform.jewel.markdown.extensions.autolink', ext='jar'.
[org.jetbrains.intellij.platform] Created IvyModule.Artifact: url='lib', name='intellij.platform.vcs.log.graph', ext='jar'.
[org.jetbrains.intellij.platform] Created IvyModule.Artifact: url='lib', name='intellij.platform.backend', ext='jar'.
[org.jetbrains.intellij.platform] Created IvyModule.Artifact: url='lib', name='intellij.platform.collaborationTools.auth.base', ext='jar'.
[org.jetbrains.intellij.platform] Created IvyModule.Artifact: url='lib', name='intellij.platform.ide.newUiOnboarding', ext='jar'.
[org.jetbrains.intellij.platform] Created IvyModule.Artifact: url='lib', name='intellij.platform.kernel.impl', ext='jar'.
[org.jetbrains.intellij.platform] Created IvyModule.Artifact: url='lib', name='intellij.spellchecker', ext='jar'.
[org.jetbrains.intellij.platform] Created IvyModule.Artifact: url='lib', name='intellij.grid', ext='jar'.
[org.jetbrains.intellij.platform] Created IvyModule.Artifact: url='lib', name='intellij.platform.project.backend', ext='jar'.
[org.jetbrains.intellij.platform] Created IvyModule.Artifact: url='lib', name='intellij.libraries.java.websocket', ext='jar'.
[org.jetbrains.intellij.platform] Created IvyModule.Artifact: url='lib', name='intellij.platform.jewel.markdown.extensions.gfmAlerts', ext='jar'.
[org.jetbrains.intellij.platform] Created IvyModule.Artifact: url='lib', name='intellij.libraries.commons.imaging', ext='jar'.
[org.jetbrains.intellij.platform] Created IvyModule.Artifact: url='lib', name='intellij.platform.recentFiles.frontend', ext='jar'.
[org.jetbrains.intellij.platform] Created IvyModule.Artifact: url='lib', name='intellij.go.linter.watchers', ext='jar'.
[org.jetbrains.intellij.platform] Created IvyModule.Artifact: url='lib', name='fleet.rpc.server', ext='jar'.
[org.jetbrains.intellij.platform] Created IvyModule.Artifact: url='lib', name='intellij.platform.externalProcessAuthHelper', ext='jar'.
[org.jetbrains.intellij.platform] Created IvyModule.Artifact: url='lib', name='intellij.platform.vcs.impl.lang.actions', ext='jar'.
[org.jetbrains.intellij.platform] Created IvyModule.Artifact: url='lib', name='intellij.platform.rpc', ext='jar'.
[org.jetbrains.intellij.platform] Created IvyModule.Artifact: url='lib', name='intellij.libraries.jettison', ext='jar'.
[org.jetbrains.intellij.platform] Created IvyModule.Artifact: url='lib', name='intellij.libraries.grpc.netty.shaded', ext='jar'.
[org.jetbrains.intellij.platform] Created IvyModule.Artifact: url='lib', name='intellij.platform.find', ext='jar'.
[org.jetbrains.intellij.platform] Created IvyModule.Artifact: url='lib', name='intellij.platform.jewel.markdown.extensions.images', ext='jar'.
[org.jetbrains.intellij.platform] Created IvyModule.Artifact: url='lib', name='intellij.libraries.jackson.module.kotlin', ext='jar'.
[org.jetbrains.intellij.platform] Created IvyModule.Artifact: url='lib', name='intellij.libraries.compose.runtime.desktop', ext='jar'.
[org.jetbrains.intellij.platform] Created IvyModule.Artifact: url='lib', name='intellij.libraries.lucene.common', ext='jar'.
[org.jetbrains.intellij.platform] Created IvyModule.Artifact: url='lib', name='fleet.rhizomedb', ext='jar'.
[org.jetbrains.intellij.platform] Created IvyModule.Artifact: url='lib', name='intellij.platform.ide.nonModalWelcomeScreen.backend', ext='jar'.
[org.jetbrains.intellij.platform] Created IvyModule.Artifact: url='lib', name='intellij.libraries.pty4j', ext='jar'.
[org.jetbrains.intellij.platform] Created IvyModule.Artifact: url='lib', name='intellij.platform.core', ext='jar'.
[org.jetbrains.intellij.platform] Created IvyModule.Artifact: url='lib', name='intellij.platform.execution.dashboard.backend', ext='jar'.
[org.jetbrains.intellij.platform] Created IvyModule.Artifact: url='lib', name='intellij.libraries.rd.swing', ext='jar'.
[org.jetbrains.intellij.platform] Created IvyModule.Artifact: url='lib', name='intellij.libraries.rd.text', ext='jar'.
[org.jetbrains.intellij.platform] Created IvyModule.Artifact: url='lib', name='intellij.libraries.swingx', ext='jar'.
[org.jetbrains.intellij.platform] Created IvyModule.Artifact: url='lib', name='intellij.platform.scriptDebugger.ui', ext='jar'.
[org.jetbrains.intellij.platform] Created IvyModule.Artifact: url='lib', name='intellij.platform.lvcs.impl', ext='jar'.
[org.jetbrains.intellij.platform] Created IvyModule.Artifact: url='lib', name='intellij.relaxng', ext='jar'.
[org.jetbrains.intellij.platform] Created IvyModule.Artifact: url='lib', name='intellij.libraries.netty.codec.compression', ext='jar'.
[org.jetbrains.intellij.platform] Created IvyModule.Artifact: url='lib', name='intellij.platform.settings.local', ext='jar'.
[org.jetbrains.intellij.platform] Created IvyModule.Artifact: url='lib', name='intellij.platform.scopes.backend', ext='jar'.
[org.jetbrains.intellij.platform] Created IvyModule.Artifact: url='lib', name='intellij.java.aetherDependencyResolver', ext='jar'.
[org.jetbrains.intellij.platform] Created IvyModule.Artifact: url='lib', name='intellij.libraries.plexus.utils', ext='jar'.
[org.jetbrains.intellij.platform] Created IvyModule.Artifact: url='lib', name='intellij.libraries.jgoodies.forms', ext='jar'.
[org.jetbrains.intellij.platform] Created IvyModule.Artifact: url='lib', name='intellij.platform.jewel.foundation', ext='jar'.
[org.jetbrains.intellij.platform] Created IvyModule.Artifact: url='lib', name='intellij.platform.ide', ext='jar'.
[org.jetbrains.intellij.platform] Created IvyModule.Artifact: url='lib', name='intellij.platform.vcs.impl.shared', ext='jar'.
[org.jetbrains.intellij.platform] Created IvyModule.Artifact: url='lib', name='intellij.platform.completion.frontend', ext='jar'.
[org.jetbrains.intellij.platform] Created IvyModule.Artifact: url='lib', name='intellij.libraries.jcip', ext='jar'.
[org.jetbrains.intellij.platform] Created IvyModule.Artifact: url='lib', name='fleet.util.logging.api', ext='jar'.
[org.jetbrains.intellij.platform] Created IvyModule.Artifact: url='lib', name='fleet.andel', ext='jar'.
[org.jetbrains.intellij.platform] Created IvyModule.Artifact: url='lib', name='intellij.xml.analysis', ext='jar'.
[org.jetbrains.intellij.platform] Created IvyModule.Artifact: url='lib', name='intellij.platform.langInjection.backend', ext='jar'.
[org.jetbrains.intellij.platform] Created IvyModule.Artifact: url='lib', name='intellij.libraries.gson', ext='jar'.
[org.jetbrains.intellij.platform] Created IvyModule.Artifact: url='lib', name='intellij.libraries.winp', ext='jar'.
[org.jetbrains.intellij.platform] Created IvyModule.Artifact: url='lib', name='intellij.platform.duplicates.analysis', ext='jar'.
[org.jetbrains.intellij.platform] Created IvyModule.Artifact: url='lib', name='intellij.xml.duplicates', ext='jar'.
[org.jetbrains.intellij.platform] Created IvyModule.Artifact: url='lib', name='intellij.platform.managed.cache.backend', ext='jar'.
[org.jetbrains.intellij.platform] Created IvyModule.Artifact: url='lib', name='intellij.platform.ide.nonModalWelcomeScreen', ext='jar'.
[org.jetbrains.intellij.platform] Created IvyModule.Artifact: url='lib', name='intellij.libraries.rhino', ext='jar'.
[org.jetbrains.intellij.platform] Created IvyModule.Artifact: url='lib', name='intellij.platform.builtInServer.impl', ext='jar'.
[org.jetbrains.intellij.platform] Created IvyModule.Artifact: url='lib', name='intellij.libraries.markdown', ext='jar'.
[org.jetbrains.intellij.platform] Created IvyModule.Artifact: url='lib', name='intellij.platform.rpc.backend', ext='jar'.
[org.jetbrains.intellij.platform] Created IvyModule.Artifact: url='lib', name='intellij.libraries.ini4j', ext='jar'.
[org.jetbrains.intellij.platform] Created IvyModule.Artifact: url='lib', name='intellij.libraries.jcef', ext='jar'.
[org.jetbrains.intellij.platform] Created IvyModule.Artifact: url='lib', name='intellij.platform.kernel', ext='jar'.
[org.jetbrains.intellij.platform] Created IvyModule.Artifact: url='lib', name='intellij.xml.langInjection', ext='jar'.
[org.jetbrains.intellij.platform] Created IvyModule.Artifact: url='lib', name='intellij.libraries.jvm.native.trusted.roots', ext='jar'.
[org.jetbrains.intellij.platform] Created IvyModule.Artifact: url='lib', name='intellij.platform.util.ui', ext='jar'.
[org.jetbrains.intellij.platform] Created IvyModule.Artifact: url='lib', name='intellij.platform.navbar', ext='jar'.
[org.jetbrains.intellij.platform] Created IvyModule.Artifact: url='lib', name='intellij.libraries.kotlinx.coroutines.debug', ext='jar'.
[org.jetbrains.intellij.platform] Created IvyModule.Artifact: url='lib', name='intellij.platform.vcs.log', ext='jar'.
[org.jetbrains.intellij.platform] Created IvyModule.Artifact: url='lib', name='intellij.libraries.kotlinx.coroutines.core', ext='jar'.
[org.jetbrains.intellij.platform] Created IvyModule.Artifact: url='lib', name='intellij.go.welcomeScreen.docker', ext='jar'.
[org.jetbrains.intellij.platform] Created IvyModule.Artifact: url='lib', name='intellij.platform.execution.dashboard', ext='jar'.
[org.jetbrains.intellij.platform] Created IvyModule.Artifact: url='lib', name='intellij.libraries.bouncy.castle.provider', ext='jar'.
[org.jetbrains.intellij.platform] Created IvyModule.Artifact: url='lib', name='intellij.platform.vcs.dvcs', ext='jar'.
[org.jetbrains.intellij.platform] Created IvyModule.Artifact: url='lib', name='intellij.platform.projectModel.impl', ext='jar'.
[org.jetbrains.intellij.platform] Created IvyModule.Artifact: url='lib', name='fleet.multiplatform.shims', ext='jar'.
[org.jetbrains.intellij.platform] Created IvyModule.Artifact: url='lib', name='intellij.libraries.commons.io', ext='jar'.
[org.jetbrains.intellij.platform] Created IvyModule.Artifact: url='lib', name='intellij.platform.pluginManager.shared', ext='jar'.
[org.jetbrains.intellij.platform] Created IvyModule.Artifact: url='lib', name='intellij.platform.todo', ext='jar'.
[org.jetbrains.intellij.platform] Created IvyModule.Artifact: url='lib', name='intellij.platform.kernel.backend', ext='jar'.
[org.jetbrains.intellij.platform] Created IvyModule.Artifact: url='lib', name='intellij.platform.trialPromotion.common', ext='jar'.
[org.jetbrains.intellij.platform] Created IvyModule.Artifact: url='lib', name='intellij.libraries.fastutil', ext='jar'.
[org.jetbrains.intellij.platform] Created IvyModule.Artifact: url='lib', name='intellij.xml.emmet.backend', ext='jar'.
[org.jetbrains.intellij.platform] Created IvyModule.Artifact: url='lib', name='intellij.platform.vcs.dvcs.impl.shared', ext='jar'.
[org.jetbrains.intellij.platform] Created IvyModule.Artifact: url='lib', name='intellij.platform.find.backend', ext='jar'.
[org.jetbrains.intellij.platform] Created IvyModule.Artifact: url='lib', name='intellij.platform.trace.consent', ext='jar'.
[org.jetbrains.intellij.platform] Created IvyModule.Artifact: url='lib', name='intellij.libraries.commons.text', ext='jar'.
[org.jetbrains.intellij.platform] Created IvyModule.Artifact: url='lib', name='intellij.platform.navbar.backend', ext='jar'.
[org.jetbrains.intellij.platform] Created IvyModule.Artifact: url='lib', name='intellij.xml.emmet', ext='jar'.
[org.jetbrains.intellij.platform] Created IvyModule.Artifact: url='lib', name='intellij.platform.inspect', ext='jar'.
[org.jetbrains.intellij.platform] Created IvyModule.Artifact: url='lib', name='intellij.platform.diff.impl', ext='jar'.
[org.jetbrains.intellij.platform] Created IvyModule.Artifact: url='lib', name='intellij.platform.smRunner', ext='jar'.
[org.jetbrains.intellij.platform] Created IvyModule.Artifact: url='lib', name='intellij.libraries.jaxen', ext='jar'.
[org.jetbrains.intellij.platform] Created IvyModule.Artifact: url='lib', name='intellij.platform.ml.impl', ext='jar'.
[org.jetbrains.intellij.platform] Created IvyModule.Artifact: url='lib', name='intellij.platform.analysis.impl', ext='jar'.
[org.jetbrains.intellij.platform] Created IvyModule.Artifact: url='lib', name='intellij.libraries.cli.parser', ext='jar'.
[org.jetbrains.intellij.platform] Created IvyModule.Artifact: url='lib', name='intellij.libraries.commons.logging', ext='jar'.
[org.jetbrains.intellij.platform] Created IvyModule.Artifact: url='lib', name='intellij.platform.recentFiles.backend', ext='jar'.
[org.jetbrains.intellij.platform] Created IvyModule.Artifact: url='lib', name='intellij.platform.lang.impl.backend', ext='jar'.
[org.jetbrains.intellij.platform] Created IvyModule.Artifact: url='lib', name='fleet.kernel', ext='jar'.
[org.jetbrains.intellij.platform] Created IvyModule.Artifact: url='lib', name='intellij.xml.psi.impl', ext='jar'.
[org.jetbrains.intellij.platform] Created IvyModule.Artifact: url='lib', name='intellij.execution.process.mediator.client', ext='jar'.
[org.jetbrains.intellij.platform] Created IvyModule.Artifact: url='lib', name='intellij.platform.trialPromotion.idesWithoutFreeTier', ext='jar'.
[org.jetbrains.intellij.platform] Created IvyModule.Artifact: url='lib', name='intellij.platform.debugger.impl.rpc', ext='jar'.
[org.jetbrains.intellij.platform] Created IvyModule.Artifact: url='lib', name='intellij.libraries.rd.framework', ext='jar'.
[org.jetbrains.intellij.platform] Created IvyModule.Artifact: url='lib', name='intellij.platform.diagnostic.telemetry.agent.extension', ext='jar'.
[org.jetbrains.intellij.platform] Created IvyModule.Artifact: url='lib', name='intellij.libraries.batik', ext='jar'.
[org.jetbrains.intellij.platform] Created IvyModule.Artifact: url='lib', name='intellij.platform.locking.impl', ext='jar'.
[org.jetbrains.intellij.platform] Created IvyModule.Artifact: url='lib', name='intellij.xml.dom', ext='jar'.
[org.jetbrains.intellij.platform] Created IvyModule.Artifact: url='lib', name='intellij.platform.rpc.topics.frontend', ext='jar'.
[org.jetbrains.intellij.platform] Created IvyModule.Artifact: url='lib', name='intellij.platform.coverage.agent', ext='jar'.
[org.jetbrains.intellij.platform] Created IvyModule.Artifact: url='lib', name='intellij.platform.execution.impl.backend', ext='jar'.
[org.jetbrains.intellij.platform] Created IvyModule.Artifact: url='lib', name='intellij.libraries.coil', ext='jar'.
[org.jetbrains.intellij.platform] Created IvyModule.Artifact: url='lib', name='intellij.platform.completion.common', ext='jar'.
[org.jetbrains.intellij.platform] Created IvyModule.Artifact: url='lib', name='intellij.libraries.snakeyaml', ext='jar'.
[org.jetbrains.intellij.platform] Created IvyModule.Artifact: url='lib', name='intellij.platform.polySymbols.backend', ext='jar'.
[org.jetbrains.intellij.platform] Created IvyModule.Artifact: url='lib', name='intellij.xml.duplicates.analysis', ext='jar'.
[org.jetbrains.intellij.platform] Created IvyModule.Artifact: url='lib', name='intellij.platform.searchEverywhere.frontend', ext='jar'.
[org.jetbrains.intellij.platform] Created IvyModule.Artifact: url='lib', name='intellij.xml.syntax', ext='jar'.
[org.jetbrains.intellij.platform] Created IvyModule.Artifact: url='lib', name='intellij.libraries.sshj', ext='jar'.
[org.jetbrains.intellij.platform] Created IvyModule.Artifact: url='lib', name='intellij.platform.scriptDebugger.backend', ext='jar'.
[org.jetbrains.intellij.platform] Created IvyModule.Artifact: url='lib', name='intellij.platform.ide.core', ext='jar'.
[org.jetbrains.intellij.platform] Created IvyModule.Artifact: url='lib', name='intellij.go.ide.terraformNotifier', ext='jar'.
[org.jetbrains.intellij.platform] Created IvyModule.Artifact: url='lib', name='intellij.libraries.kotlinx.serialization.cbor', ext='jar'.
[org.jetbrains.intellij.platform] Created IvyModule.Artifact: url='lib', name='intellij.xml.ui.common', ext='jar'.
[org.jetbrains.intellij.platform] Created IvyModule.Artifact: url='lib', name='intellij.platform.compose', ext='jar'.
[org.jetbrains.intellij.platform] Created IvyModule.Artifact: url='lib', name='intellij.platform.editor', ext='jar'.
[org.jetbrains.intellij.platform] Created IvyModule.Artifact: url='lib', name='intellij.xml.structureView.impl', ext='jar'.
[org.jetbrains.intellij.platform] Created IvyModule.Artifact: url='lib', name='intellij.platform.tasks.impl', ext='jar'.
[org.jetbrains.intellij.platform] Created IvyModule.Artifact: url='lib', name='intellij.platform.analysis', ext='jar'.
[org.jetbrains.intellij.platform] Created IvyModule.Artifact: url='lib', name='intellij.libraries.kotlinx.html', ext='jar'.
[org.jetbrains.intellij.platform] Created IvyModule.Artifact: url='lib', name='intellij.xml.parser', ext='jar'.
[org.jetbrains.intellij.platform] Created IvyModule.Artifact: url='lib', name='intellij.libraries.commons.lang3', ext='jar'.
[org.jetbrains.intellij.platform] Created IvyModule.Artifact: url='lib', name='fleet.util.codepoints', ext='jar'.
[org.jetbrains.intellij.platform] Created IvyModule.Artifact: url='lib', name='intellij.go.welcomeScreen.kubernetes', ext='jar'.
[org.jetbrains.intellij.platform] Created IvyModule.Artifact: url='lib', name='intellij.libraries.kotlinx.io', ext='jar'.
[org.jetbrains.intellij.platform] Created IvyModule.Artifact: url='lib', name='intellij.platform.identifiers.highlighting.backend', ext='jar'.
[org.jetbrains.intellij.platform] Created IvyModule.Artifact: url='lib', name='intellij.xml.psi', ext='jar'.
[org.jetbrains.intellij.platform] Created IvyModule.Artifact: url='lib', name='fleet.rpc', ext='jar'.
[org.jetbrains.intellij.platform] Created IvyModule.Artifact: url='lib', name='intellij.platform.scopes', ext='jar'.
[org.jetbrains.intellij.platform] Created IvyModule.Artifact: url='lib', name='intellij.platform.debugger.impl.ui', ext='jar'.
[org.jetbrains.intellij.platform] Created IvyModule.Artifact: url='lib', name='intellij.libraries.commons.codec', ext='jar'.
[org.jetbrains.intellij.platform] Created IvyModule.Artifact: url='lib', name='intellij.platform.structuralSearch', ext='jar'.
[org.jetbrains.intellij.platform] Created IvyModule.Artifact: url='lib', name='intellij.libraries.ktor.network.tls', ext='jar'.
[org.jetbrains.intellij.platform] Created IvyModule.Artifact: url='lib', name='intellij.platform.navbar.monolith', ext='jar'.
[org.jetbrains.intellij.platform] Created IvyModule.Artifact: url='lib', name='intellij.libraries.microba', ext='jar'.
[org.jetbrains.intellij.platform] Created IvyModule.Artifact: url='lib', name='intellij.libraries.hdr.histogram', ext='jar'.
[org.jetbrains.intellij.platform] Created IvyModule.Artifact: url='lib', name='intellij.platform.langInjection', ext='jar'.
[org.jetbrains.intellij.platform] Created IvyModule.Artifact: url='lib', name='intellij.xml.analysis.impl', ext='jar'.
[org.jetbrains.intellij.platform] Created IvyModule.Artifact: url='lib', name='intellij.platform.editor.frontend', ext='jar'.
[org.jetbrains.intellij.platform] Created IvyModule.Artifact: url='lib', name='intellij.platform.clouds', ext='jar'.
[org.jetbrains.intellij.platform] Created IvyModule.Artifact: url='lib', name='product-backend', ext='jar'.
[org.jetbrains.intellij.platform] Created IvyModule.Artifact: url='lib', name='intellij.platform.scriptDebugger.protocolReaderRuntime', ext='jar'.
[org.jetbrains.intellij.platform] Created IvyModule.Artifact: url='lib', name='intellij.libraries.grpc', ext='jar'.
[org.jetbrains.intellij.platform] Created IvyModule.Artifact: url='lib', name='intellij.libraries.kotlinx.collections.immutable', ext='jar'.
[org.jetbrains.intellij.platform] Created IvyModule.Artifact: url='lib', name='intellij.platform.smRunner.vcs', ext='jar'.
[org.jetbrains.intellij.platform] Created IvyModule.Artifact: url='lib', name='intellij.libraries.netty.codec.http', ext='jar'.
[org.jetbrains.intellij.platform] Created IvyModule.Artifact: url='lib', name='intellij.platform.buildView', ext='jar'.
[org.jetbrains.intellij.platform] Created IvyModule.Artifact: url='lib', name='intellij.libraries.kotlin.reflect', ext='jar'.
[org.jetbrains.intellij.platform] Created IvyModule.Artifact: url='lib', name='intellij.platform.debugger.impl', ext='jar'.
[org.jetbrains.intellij.platform] Created IvyModule.Artifact: url='lib', name='intellij.libraries.opencsv', ext='jar'.
[org.jetbrains.intellij.platform] Created IvyModule.Artifact: url='lib', name='intellij.platform.eel.impl', ext='jar'.
[org.jetbrains.intellij.platform] Created IvyModule.Artifact: url='lib', name='intellij.rd.platform', ext='jar'.
[org.jetbrains.intellij.platform] Created IvyModule.Artifact: url='lib', name='intellij.platform.frontend', ext='jar'.
[org.jetbrains.intellij.platform] Created IvyModule.Artifact: url='lib', name='intellij.rd.ide.model.generated', ext='jar'.
[org.jetbrains.intellij.platform] Created IvyModule.Artifact: url='lib', name='intellij.libraries.cglib', ext='jar'.
[org.jetbrains.intellij.platform] Created IvyModule.Artifact: url='lib', name='intellij.libraries.skiko', ext='jar'.
[org.jetbrains.intellij.platform] Created IvyModule.Artifact: url='lib', name='intellij.platform.warmup', ext='jar'.
[org.jetbrains.intellij.platform] Created IvyModule.Artifact: url='lib', name='intellij.platform.pluginManager.frontend', ext='jar'.
[org.jetbrains.intellij.platform] Created IvyModule.Artifact: url='lib', name='intellij.libraries.opentelemetry.exporter.sender.jdk', ext='jar'.
[org.jetbrains.intellij.platform] Created IvyModule.Artifact: url='lib', name='intellij.goland.customization', ext='jar'.
[org.jetbrains.intellij.platform] Created IvyModule.Artifact: url='lib', name='intellij.grid.csv.core.impl', ext='jar'.
[org.jetbrains.intellij.platform] Created IvyModule.Artifact: url='lib', name='intellij.platform.vcs.shared', ext='jar'.
[org.jetbrains.intellij.platform] Created IvyModule.Artifact: url='lib', name='intellij.libraries.guava', ext='jar'.
[org.jetbrains.intellij.platform] Created IvyModule.Artifact: url='lib', name='intellij.go.welcomeScreen.database', ext='jar'.
[org.jetbrains.intellij.platform] Created IvyModule.Artifact: url='lib', name='intellij.platform.jewel.markdown.ideLafBridgeStyling', ext='jar'.
[org.jetbrains.intellij.platform] Created IvyModule.Artifact: url='lib', name='intellij.platform.dap', ext='jar'.
[org.jetbrains.intellij.platform] Created IvyModule.Artifact: url='lib', name='intellij.libraries.jspecify', ext='jar'.
[org.jetbrains.intellij.platform] Created IvyModule.Artifact: url='lib', name='intellij.libraries.kotlinx.serialization.json', ext='jar'.
[org.jetbrains.intellij.platform] Created IvyModule.Artifact: url='lib', name='intellij.libraries.commons.cli', ext='jar'.
[org.jetbrains.intellij.platform] Created IvyModule.Artifact: url='lib', name='fleet.rhizomedb.transactor.rebase', ext='jar'.
[org.jetbrains.intellij.platform] Created IvyModule.Artifact: url='lib', name='intellij.libraries.ktor.io', ext='jar'.
[org.jetbrains.intellij.platform] Created IvyModule.Artifact: url='lib', name='stats', ext='jar'.
[org.jetbrains.intellij.platform] Created IvyModule.Artifact: url='lib', name='intellij.platform.navbar.frontend', ext='jar'.
[org.jetbrains.intellij.platform] Created IvyModule.Artifact: url='lib', name='intellij.grid.impl', ext='jar'.
[org.jetbrains.intellij.platform] Created IvyModule.Artifact: url='lib', name='intellij.libraries.ktor.client.cio', ext='jar'.
[org.jetbrains.intellij.platform] Created IvyModule.Artifact: url='lib', name='app', ext='jar'.
[org.jetbrains.intellij.platform] Created IvyModule.Artifact: url='lib', name='intellij.platform.collaborationTools', ext='jar'.
[org.jetbrains.intellij.platform] Created IvyModule.Artifact: url='lib', name='intellij.libraries.kotlinx.serialization.protobuf', ext='jar'.
[org.jetbrains.intellij.platform] Created IvyModule.Artifact: url='lib', name='intellij.platform.rpc.topics.backend', ext='jar'.
[org.jetbrains.intellij.platform] Created IvyModule.Artifact: url='lib', name='intellij.go.welcomeScreen.featuresTrainer.frontend', ext='jar'.
[org.jetbrains.intellij.platform] Created IvyModule.Artifact: url='lib', name='intellij.platform.vcs.impl.exec', ext='jar'.
[org.jetbrains.intellij.platform] Created IvyModule.Artifact: url='lib', name='intellij.platform.builtInServer', ext='jar'.
[org.jetbrains.intellij.platform] Created IvyModule.Artifact: url='lib', name='intellij.grid.core.impl', ext='jar'.
[org.jetbrains.intellij.platform] Created IvyModule.Artifact: url='lib', name='fleet.fastutil', ext='jar'.
[org.jetbrains.intellij.platform] Created IvyModule.Artifact: url='lib', name='intellij.libraries.aalto.xml', ext='jar'.
[org.jetbrains.intellij.platform] Created IvyModule.Artifact: url='lib', name='intellij.platform.vcs.core', ext='jar'.
[org.jetbrains.intellij.platform] Created IvyModule.Artifact: url='lib', name='intellij.platform.lang.impl', ext='jar'.
[org.jetbrains.intellij.platform] Created IvyModule.Artifact: url='lib', name='intellij.libraries.ktor.client', ext='jar'.
[org.jetbrains.intellij.platform] Created IvyModule.Artifact: url='lib', name='intellij.libraries.proxy.vole', ext='jar'.
[org.jetbrains.intellij.platform] Created IvyModule.Artifact: url='lib', name='intellij.libraries.kotlinx.coroutines.slf4j', ext='jar'.
[org.jetbrains.intellij.platform] Created IvyModule.Artifact: url='lib', name='intellij.platform.execution.serviceView.frontend', ext='jar'.
[org.jetbrains.intellij.platform] Created IvyModule.Artifact: url='lib', name='fleet.rhizomedb.transactor', ext='jar'.
[org.jetbrains.intellij.platform] Created IvyModule.Artifact: url='lib', name='intellij.platform.inline.completion', ext='jar'.
[org.jetbrains.intellij.platform] Created IvyModule.Artifact: url='lib', name='intellij.libraries.jackson.jr.objects', ext='jar'.
[org.jetbrains.intellij.platform] Created IvyModule.Artifact: url='lib', name='product', ext='jar'.
[org.jetbrains.intellij.platform] Created IvyModule.Artifact: url='lib', name='intellij.libraries.commons.compress', ext='jar'.
[org.jetbrains.intellij.platform] Created IvyModule.Artifact: url='lib', name='intellij.platform.core.impl', ext='jar'.
[org.jetbrains.intellij.platform] Created IvyModule.Artifact: url='lib', name='intellij.xml.structureView', ext='jar'.
[org.jetbrains.intellij.platform] Created IvyModule.Artifact: url='lib', name='intellij.platform.welcomeScreen', ext='jar'.
[org.jetbrains.intellij.platform] Created IvyModule.Artifact: url='lib', name='intellij.libraries.jackson.databind', ext='jar'.
[org.jetbrains.intellij.platform] Created IvyModule.Artifact: url='lib', name='intellij.platform.monolith', ext='jar'.
[org.jetbrains.intellij.platform] Created IvyModule.Artifact: url='lib', name='intellij.libraries.opentelemetry.sdk.autoconfigure.spi', ext='jar'.
[org.jetbrains.intellij.platform] Created IvyModule.Artifact: url='lib', name='intellij.libraries.oro.matcher', ext='jar'.
[org.jetbrains.intellij.platform] Created IvyModule.Artifact: url='lib', name='intellij.libraries.rd.core', ext='jar'.
[org.jetbrains.intellij.platform] Created IvyModule.Artifact: url='lib', name='intellij.libraries.snakeyaml.engine', ext='jar'.
[org.jetbrains.intellij.platform] Created IvyModule.Artifact: url='lib', name='intellij.execution.process.elevation', ext='jar'.
[org.jetbrains.intellij.platform] Created IvyModule.Artifact: url='lib', name='intellij.profiler.ultimate.ideaAsyncProfiler', ext='jar'.
[org.jetbrains.intellij.platform] Created IvyModule.Artifact: url='lib', name='intellij.libraries.kotlinx.coroutines.guava', ext='jar'.
[org.jetbrains.intellij.platform] Created IvyModule.Artifact: url='lib', name='intellij.platform.diff', ext='jar'.
[org.jetbrains.intellij.platform] Created IvyModule.Artifact: url='lib', name='intellij.grid.types', ext='jar'.
[org.jetbrains.intellij.platform] Created IvyModule.Artifact: url='lib', name='intellij.libraries.compose.foundation.desktop', ext='jar'.
[org.jetbrains.intellij.platform] Created IvyModule.Artifact: url='lib', name='intellij.xml.langInjection.xpath', ext='jar'.
[org.jetbrains.intellij.platform] Created IvyModule.Artifact: url='lib', name='intellij.platform.compose.markdown', ext='jar'.
[org.jetbrains.intellij.platform] Created IvyModule.Artifact: url='lib', name='intellij.libraries.jgoodies.common', ext='jar'.
[org.jetbrains.intellij.platform] Created IvyModule.Artifact: url='lib', name='intellij.go.welcomeScreen.featuresTrainer', ext='jar'.
[org.jetbrains.intellij.platform] Created IvyModule.Artifact: url='lib', name='intellij.regexp', ext='jar'.
[org.jetbrains.intellij.platform] Created IvyModule.Artifact: url='lib', name='intellij.platform.rpc.topics', ext='jar'.
[org.jetbrains.intellij.platform] Created IvyModule.Artifact: url='lib', name='intellij.platform.progress.backend', ext='jar'.
[org.jetbrains.intellij.platform] Created IvyModule.Artifact: url='lib', name='intellij.xml.impl', ext='jar'.
[org.jetbrains.intellij.platform] Created IvyModule.Artifact: url='lib', name='intellij.platform.buildView.backend', ext='jar'.
[org.jetbrains.intellij.platform] Created IvyModule.Artifact: url='lib', name='intellij.platform.vcs.dvcs.impl', ext='jar'.
[org.jetbrains.intellij.platform] Created IvyModule.Artifact: url='lib', name='intellij.platform.vcs.impl.lang', ext='jar'.
[org.jetbrains.intellij.platform] Created IvyModule.Artifact: url='lib', name='intellij.libraries.classgraph', ext='jar'.
[org.jetbrains.intellij.platform] Created IvyModule.Artifact: url='lib', name='intellij.emojipicker', ext='jar'.
[org.jetbrains.intellij.platform] Created IvyModule.Artifact: url='lib', name='intellij.libraries.netty.buffer', ext='jar'.
[org.jetbrains.intellij.platform] Created IvyModule.Artifact: url='lib', name='intellij.libraries.lz4', ext='jar'.
[org.jetbrains.intellij.platform] Created IvyModule.Artifact: url='lib', name='intellij.libraries.ktor.utils', ext='jar'.
[org.jetbrains.intellij.platform] Created IvyModule.Artifact: url='lib', name='intellij.platform.diagnostic.freezeAnalyzer', ext='jar'.
[org.jetbrains.intellij.platform] Created IvyModule.Artifact: url='lib', name='intellij.platform.searchEverywhere.backend', ext='jar'.
[org.jetbrains.intellij.platform] Created IvyModule.Artifact: url='lib', name='intellij.libraries.http.client', ext='jar'.
[org.jetbrains.intellij.platform] Created IvyModule.Artifact: url='lib', name='intellij.go.welcomeScreen.terminal', ext='jar'.
[org.jetbrains.intellij.platform] Created IvyModule.Artifact: url='lib', name='intellij.platform.vcs.impl.frontend', ext='jar'.
[org.jetbrains.intellij.platform] Created IvyModule.Artifact: url='lib', name='intellij.libraries.miglayout.swing', ext='jar'.
[org.jetbrains.intellij.platform] Created IvyModule.Artifact: url='lib', name='intellij.platform.todo.backend', ext='jar'.
[org.jetbrains.intellij.platform] Created IvyModule.Artifact: url='lib', name='intellij.libraries.caffeine', ext='jar'.
[org.jetbrains.intellij.platform] Created IvyModule.Artifact: url='lib', name='intellij.platform.collaborationTools.auth', ext='jar'.
[org.jetbrains.intellij.platform] Created IvyModule.Artifact: url='lib', name='fleet.bifurcan', ext='jar'.
[org.jetbrains.intellij.platform] Created IvyModule.Artifact: url='lib', name='intellij.libraries.jgoodies.binding', ext='jar'.
[org.jetbrains.intellij.platform] Created IvyModule.Artifact: url='lib', name='intellij.libraries.bouncy.castle.pgp', ext='jar'.
[org.jetbrains.intellij.platform] Created IvyModule.Artifact: url='lib', name='intellij.libraries.jediterm.ui', ext='jar'.
[org.jetbrains.intellij.platform] Created IvyModule.Artifact: url='lib', name='intellij.platform.tips', ext='jar'.
[org.jetbrains.intellij.platform] Created IvyModule.Artifact: url='lib', name='intellij.libraries.jackson', ext='jar'.
[org.jetbrains.intellij.platform] Created IvyModule.Artifact: url='lib', name='intellij.platform.bookmarks.backend', ext='jar'.
[org.jetbrains.intellij.platform] Created IvyModule.Artifact: url='lib', name='intellij.platform.ide.impl', ext='jar'.
[org.jetbrains.intellij.platform] Created IvyModule.Artifact: url='lib', name='intellij.execution.process.mediator.daemon', ext='jar'.
[org.jetbrains.intellij.platform] Created IvyModule.Artifact: url='lib', name='intellij.platform.debugger.impl.shared', ext='jar'.
[org.jetbrains.intellij.platform] Created IvyModule.Artifact: url='lib', name='fleet.reporting.shared', ext='jar'.
[org.jetbrains.intellij.platform] Created IvyModule.Artifact: url='lib', name='intellij.platform.execution.impl.frontend', ext='jar'.
[org.jetbrains.intellij.platform] Created IvyModule.Artifact: url='lib', name='intellij.libraries.xtext.xbase', ext='jar'.
[org.jetbrains.intellij.platform] Created IvyModule.Artifact: url='lib', name='intellij.platform.util.ex', ext='jar'.
[org.jetbrains.intellij.platform] Created IvyModule.Artifact: url='lib', name='intellij.platform.bookmarks.frontend', ext='jar'.
[org.jetbrains.intellij.platform] Created IvyModule.Artifact: url='lib', name='intellij.platform.credentialStore.ui', ext='jar'.
[org.jetbrains.intellij.platform] Created IvyModule.Artifact: url='lib', name='intellij.platform.credentialStore.impl', ext='jar'.
[org.jetbrains.intellij.platform] Created IvyModule.Artifact: url='lib', name='intellij.goland.featuresTrainer', ext='jar'.
[org.jetbrains.intellij.platform] Created IvyModule.Artifact: url='lib', name='intellij.platform.buildView.frontend', ext='jar'.
[org.jetbrains.intellij.platform] Created IvyModule.Artifact: url='lib', name='intellij.platform.vcs.log.impl', ext='jar'.
[org.jetbrains.intellij.platform] Created IvyModule.Artifact: url='lib', name='intellij.libraries.kryo5', ext='jar'.
[org.jetbrains.intellij.platform] Created IvyModule.Artifact: url='lib', name='intellij.libraries.javax.annotation', ext='jar'.
[org.jetbrains.intellij.platform] Created IvyModule.Artifact: url='lib', name='intellij.libraries.asm.tools', ext='jar'.
[org.jetbrains.intellij.platform] Created IvyModule.Artifact: url='lib', name='intellij.go.welcomeScreen.featuresTrainer.backend', ext='jar'.
[org.jetbrains.intellij.platform] Created IvyModule.Artifact: url='lib', name='intellij.platform.registry.cloud', ext='jar'.
[org.jetbrains.intellij.platform] Created IvyModule.Artifact: url='lib', name='intellij.platform.jewel.markdown.extensions.gfmTables', ext='jar'.
[org.jetbrains.intellij.platform] Created IvyModule.Artifact: url='lib', name='intellij.libraries.mvstore', ext='jar'.
[org.jetbrains.intellij.platform] Created IvyModule.Artifact: url='lib', name='intellij.libraries.xz', ext='jar'.
[org.jetbrains.intellij.platform] Created IvyModule.Artifact: url='lib', name='intellij.platform.recentFiles', ext='jar'.
[org.jetbrains.intellij.platform] Created IvyModule.Artifact: url='lib', name='intellij.platform.welcomeScreen.impl', ext='jar'.
[org.jetbrains.intellij.platform] Created IvyModule.Artifact: url='lib', name='intellij.platform.eel.tcp', ext='jar'.
[org.jetbrains.intellij.platform] Created IvyModule.Artifact: url='lib', name='intellij.platform.completion.backend', ext='jar'.
[org.jetbrains.intellij.platform] Created IvyModule.Artifact: url='lib', name='intellij.platform.tasks', ext='jar'.
[org.jetbrains.intellij.platform] Created IvyModule.Artifact: url='lib', name='intellij.libraries.ion', ext='jar'.
[org.jetbrains.intellij.platform] Created IvyModule.Artifact: url='lib', name='intellij.libraries.jsvg', ext='jar'.
[org.jetbrains.intellij.platform] Created IvyModule.Artifact: url='lib', name='intellij.libraries.xerces', ext='jar'.
[org.jetbrains.intellij.platform] Created IvyModule.Artifact: url='lib', name='intellij.libraries.velocity', ext='jar'.
[org.jetbrains.intellij.platform] Created IvyModule.Artifact: url='lib', name='intellij.libraries.stream', ext='jar'.
[org.jetbrains.intellij.platform] Created IvyModule.Artifact: url='lib', name='intellij.libraries.icu4j', ext='jar'.
[org.jetbrains.intellij.platform] Created IvyModule.Artifact: url='lib', name='intellij.platform.diagnostic.freezes', ext='jar'.
[org.jetbrains.intellij.platform] Created IvyModule.Artifact: url='lib', name='intellij.libraries.netty.handler.proxy', ext='jar'.
[org.jetbrains.intellij.platform] Created IvyModule.Artifact: url='lib', name='intellij.platform.jewel.ideLafBridge', ext='jar'.
[org.jetbrains.intellij.platform] Created IvyModule.Artifact: url='lib', name='intellij.platform.diagnostic.errorAutoReport', ext='jar'.
[org.jetbrains.intellij.platform] Created IvyModule.Artifact: url='lib', name='intellij.spellchecker.xml', ext='jar'.
[org.jetbrains.intellij.platform] Created IvyModule.Artifact: url='lib', name='intellij.libraries.maven.resolver.provider', ext='jar'.
[org.jetbrains.intellij.platform] Created IvyModule.Artifact: url='lib', name='intellij.platform.jewel.markdown.core', ext='jar'.
[org.jetbrains.intellij.platform] Created IvyModule.Artifact: url='lib', name='intellij.platform.vcs', ext='jar'.
[org.jetbrains.intellij.platform] Created IvyModule.Artifact: url='lib', name='intellij.platform.ide.nonModalWelcomeScreen.frontend', ext='jar'.
[org.jetbrains.intellij.platform] Created IvyModule.Artifact: url='lib', name='intellij.profiler.common', ext='jar'.
[org.jetbrains.intellij.platform] Created IvyModule.Artifact: url='lib', name='intellij.libraries.kotlinx.serialization.core', ext='jar'.
[org.jetbrains.intellij.platform] Created IvyModule.Artifact: url='lib', name='intellij.platform.managed.cache', ext='jar'.
[org.jetbrains.intellij.platform] Created IvyModule.Artifact: url='lib', name='intellij.platform.execution.serviceView.backend', ext='jar'.
[org.jetbrains.intellij.platform] Created IvyModule.Artifact: url='lib', name='intellij.platform.execution.serviceView', ext='jar'.
[org.jetbrains.intellij.platform] Created IvyModule.Artifact: url='lib', name='intellij.rd.ui', ext='jar'.
[org.jetbrains.intellij.platform] Created IvyModule.Artifact: url='lib', name='intellij.platform.polySymbols', ext='jar'.
[org.jetbrains.intellij.platform] Created IvyModule.Artifact: url='lib', name='intellij.xml.duplicatesDetection', ext='jar'.
[org.jetbrains.intellij.platform] Created IvyModule.Artifact: url='lib', name='fleet.util.core', ext='jar'.
[org.jetbrains.intellij.platform] Created IvyModule.Artifact: url='lib', name='intellij.grid.impl.ide', ext='jar'.
[org.jetbrains.intellij.platform] Created IvyModule.Artifact: url='lib', name='intellij.libraries.xml.rpc', ext='jar'.
[org.jetbrains.intellij.platform] Created IvyModule.Artifact: url='lib', name='intellij.platform.debugger.impl.frontend', ext='jar'.
[org.jetbrains.intellij.platform] Created IvyModule.Artifact: url='lib', name='intellij.xml.dom.impl', ext='jar'.
[org.jetbrains.intellij.platform] Created IvyModule.Artifact: url='lib', name='intellij.platform.vcs.impl', ext='jar'.
[org.jetbrains.intellij.platform] Created IvyModule.Artifact: url='lib', name='intellij.profiler.asyncOne', ext='jar'.
[org.jetbrains.intellij.platform] Created IvyModule.Artifact: url='lib', name='intellij.rml.dfa.impl', ext='jar'.
[org.jetbrains.intellij.platform] Created IvyModule.Artifact: url='lib', name='intellij.libraries.ktor.server.cio', ext='jar'.
[org.jetbrains.intellij.platform] Created IvyModule.Artifact: url='lib', name='intellij.libraries.asm', ext='jar'.
[org.jetbrains.intellij.platform] Created IvyModule.Artifact: url='lib', name='intellij.libraries.automaton', ext='jar'.
[org.jetbrains.intellij.platform] Created IvyModule.Artifact: url='lib', name='intellij.libraries.jsoup', ext='jar'.
[org.jetbrains.intellij.platform] Created IvyModule.Artifact: url='lib', name='intellij.platform.lang.core', ext='jar'.
[org.jetbrains.intellij.platform] Created IvyModule.Artifact: url='lib', name='intellij.libraries.jzlib', ext='jar'.
[org.jetbrains.intellij.platform] Created IvyModule.Artifact: url='lib', name='intellij.libraries.kotlinx.datetime', ext='jar'.
[org.jetbrains.intellij.platform] Created IvyModule.Artifact: url='lib', name='intellij.platform.vcs.log.graph.impl', ext='jar'.
[org.jetbrains.intellij.platform] Created IvyModule.Artifact: url='lib', name='intellij.platform.pluginManager.backend', ext='jar'.
[org.jetbrains.intellij.platform] Created IvyModule.Artifact: url='lib', name='intellij.libraries.xstream', ext='jar'.
[org.jetbrains.intellij.platform] Created IvyModule.Artifact: url='lib', name='intellij.execution.process.mediator.common', ext='jar'.
[org.jetbrains.intellij.platform] Created IvyModule.Artifact: url='lib', name='intellij.libraries.jsonpath', ext='jar'.
[org.jetbrains.intellij.platform] Created IvyModule.Artifact: url='lib', name='intellij.platform.lang', ext='jar'.
[org.jetbrains.intellij.platform] Created IvyModule.Artifact: url='lib', name='intellij.platform.ide.concurrency', ext='jar'.
[org.jetbrains.intellij.platform] Created IvyModule.Artifact: url='lib', name='intellij.charts', ext='jar'.
[org.jetbrains.intellij.platform] Created IvyModule.Artifact: url='lib', name='intellij.libraries.jbr', ext='jar'.
[org.jetbrains.intellij.platform] Created IvyModule.Artifact: url='lib', name='intellij.platform.jewel.markdown.extensions.gfmStrikethrough', ext='jar'.
[org.jetbrains.intellij.platform] Created IvyModule.Artifact: url='lib', name='intellij.platform.projectFrame', ext='jar'.
[org.jetbrains.intellij.platform] Created IvyModule.Artifact: url='lib', name='intellij.platform.searchEverywhere', ext='jar'.
[org.jetbrains.intellij.platform] Created IvyModule.Artifact: url='lib', name='intellij.platform.identifiers.highlighting.shared', ext='jar'.
[org.jetbrains.intellij.platform] Created IvyModule.Artifact: url='lib', name='intellij.platform.externalSystem.dependencyUpdater', ext='jar'.
[org.jetbrains.intellij.platform] An attempt to rewrite an already created Ivy module 'GO-261.22158.291/bundledModule-intellij-platform-test-runtime-GO-261.22158.291.xml' has been detected, the cached value will be used.
Tasks to be executed: [task ':checkKotlinGradlePluginConfigurationErrors', task ':compileKotlin', task ':compileJava', task ':initializeIntellijPlatformPlugin', task ':patchPluginXml', task ':processResources', task ':classes', task ':generateManifest', task ':instrumentCode', task ':jar', task ':compileTestKotlin', task ':compileTestJava', task ':processTestResources', task ':testClasses', task ':instrumentTestCode', task ':koverFindJar', task ':instrumentedJar', task ':composedJar', task ':prepareSandbox', task ':prepareTestSandbox', task ':prepareTest', task ':test']
Tasks that were excluded: []
Resolve mutations for :checkKotlinGradlePluginConfigurationErrors (Thread[#12963,Execution worker,5,main]) started.
:checkKotlinGradlePluginConfigurationErrors (Thread[#12963,Execution worker,5,main]) started.

> Task :checkKotlinGradlePluginConfigurationErrors SKIPPED
Skipping task ':checkKotlinGradlePluginConfigurationErrors' as task onlyIf 'errorDiagnostics are present' is false.
Resolve mutations for :compileKotlin (Thread[#12963,Execution worker,5,main]) started.
:compileKotlin (Thread[#12963,Execution worker,5,main]) started.

> Task :compileKotlin UP-TO-DATE
Build cache key for task ':compileKotlin' is a96a2f78caf6902ffe9139fc07d3c5eb
Skipping task ':compileKotlin' as it is up-to-date.
Resolve mutations for :compileJava (Thread[#12963,Execution worker,5,main]) started.
:compileJava (Thread[#12963,Execution worker,5,main]) started.

> Task :compileJava UP-TO-DATE
Build cache key for task ':compileJava' is 05d2015e2d5c6419c599beab8442d823
Skipping task ':compileJava' as it is up-to-date.
No compile result for :compileJava
No compile result for :compileJava
Resolve mutations for :initializeIntellijPlatformPlugin (Thread[#12963,Execution worker,5,main]) started.
:initializeIntellijPlatformPlugin (Thread[#12963,Execution worker,5,main]) started.

> Task :initializeIntellijPlatformPlugin
Caching disabled for task ':initializeIntellijPlatformPlugin' because:
  Task is untracked because: Should always run
Task ':initializeIntellijPlatformPlugin' is not up-to-date because:
  Task is untracked because: Should always run
Resolve mutations for :patchPluginXml (Thread[#12963,Execution worker,5,main]) started.
:patchPluginXml (Thread[#12963,Execution worker,5,main]) started.

> Task :patchPluginXml UP-TO-DATE
Build cache key for task ':patchPluginXml' is de123fc0e578a256fd5132b42c579bc8
Skipping task ':patchPluginXml' as it is up-to-date.
Resolve mutations for :processResources (Thread[#12963,Execution worker,5,main]) started.
:processResources (Thread[#12963,Execution worker,5,main]) started.

> Task :processResources UP-TO-DATE
Caching disabled for task ':processResources' because:
  Not worth caching
Skipping task ':processResources' as it is up-to-date.
Resolve mutations for :classes (Thread[#12963,Execution worker,5,main]) started.
:classes (Thread[#12963,Execution worker,5,main]) started.

> Task :classes UP-TO-DATE
Skipping task ':classes' as it has no actions.
Resolve mutations for :generateManifest (Thread[#12963,Execution worker,5,main]) started.
:generateManifest (Thread[#12963,Execution worker,5,main]) started.

> Task :generateManifest UP-TO-DATE
Build cache key for task ':generateManifest' is 738a8b99e94b5859d4c08a9fafbb2bfd
Skipping task ':generateManifest' as it is up-to-date.
Resolve mutations for :instrumentCode (Thread[#12963,Execution worker,5,main]) started.
:instrumentCode (Thread[#12963,Execution worker,5,main]) started.

> Task :instrumentCode UP-TO-DATE
Build cache key for task ':instrumentCode' is 78d3da679c7bca074e7529aae90a1530
Skipping task ':instrumentCode' as it is up-to-date.
Resolve mutations for :jar (Thread[#12966,Execution worker Thread 4,5,main]) started.
:jar (Thread[#12963,Execution worker,5,main]) started.

> Task :jar UP-TO-DATE
Caching disabled for task ':jar' because:
  Not worth caching
Skipping task ':jar' as it is up-to-date.
Resolve mutations for :compileTestKotlin (Thread[#12963,Execution worker,5,main]) started.
:compileTestKotlin (Thread[#12963,Execution worker,5,main]) started.
Resolve mutations for :processTestResources (Thread[#12965,Execution worker Thread 3,5,main]) started.
:processTestResources (Thread[#12965,Execution worker Thread 3,5,main]) started.

> Task :processTestResources UP-TO-DATE
Caching disabled for task ':processTestResources' because:
  Not worth caching
Skipping task ':processTestResources' as it is up-to-date.
Resolve mutations for :koverFindJar (Thread[#12965,Execution worker Thread 3,5,main]) started.
:koverFindJar (Thread[#12965,Execution worker Thread 3,5,main]) started.

> Task :koverFindJar UP-TO-DATE
Build cache key for task ':koverFindJar' is 4e2ca0b6d9f0c573c16a73322a6896c2
Skipping task ':koverFindJar' as it is up-to-date.
Resolve mutations for :instrumentedJar (Thread[#12965,Execution worker Thread 3,5,main]) started.
:instrumentedJar (Thread[#12965,Execution worker Thread 3,5,main]) started.

> Task :instrumentedJar UP-TO-DATE
Build cache key for task ':instrumentedJar' is fa7108ab75573c1961c1a510e3532966
Skipping task ':instrumentedJar' as it is up-to-date.
Resolve mutations for :composedJar (Thread[#12965,Execution worker Thread 3,5,main]) started.
:composedJar (Thread[#12965,Execution worker Thread 3,5,main]) started.

> Task :composedJar UP-TO-DATE
Build cache key for task ':composedJar' is 53bf7b4b78147307662241dfac2dd79f
Skipping task ':composedJar' as it is up-to-date.
Resolve mutations for :prepareSandbox (Thread[#12965,Execution worker Thread 3,5,main]) started.
:prepareSandbox (Thread[#12965,Execution worker Thread 3,5,main]) started.

> Task :prepareSandbox UP-TO-DATE
Caching disabled for task ':prepareSandbox' because:
  Not worth caching
Skipping task ':prepareSandbox' as it is up-to-date.
Resolve mutations for :prepareTestSandbox (Thread[#12965,Execution worker Thread 3,5,main]) started.
:prepareTestSandbox (Thread[#12965,Execution worker Thread 3,5,main]) started.

> Task :prepareTestSandbox UP-TO-DATE
Caching disabled for task ':prepareTestSandbox' because:
  Not worth caching
Skipping task ':prepareTestSandbox' as it is up-to-date.
Resolve mutations for :prepareTest (Thread[#12965,Execution worker Thread 3,5,main]) started.
:prepareTest (Thread[#12965,Execution worker Thread 3,5,main]) started.

> Task :prepareTest
Skipping task ':prepareTest' as it has no actions.

> Task :compileTestKotlin
Build cache key for task ':compileTestKotlin' is f3147484661f062dd35e060027f7f2ca
Task ':compileTestKotlin' is not up-to-date because:
  Input property 'sources' file /home/mini/Documents/src/lua/lunar/src/test/kotlin/net/internetisalie/lunar/lang/TestLuaTypeResolution.kt has changed.
file or directory '/home/mini/Documents/src/lua/lunar/src/test/java', not found
file or directory '/home/mini/Documents/src/lua/lunar/src/test/java', not found
file or directory '/home/mini/Documents/src/lua/lunar/src/test/java', not found
file or directory '/home/mini/Documents/src/lua/lunar/src/test/java', not found
Kotlin source files: /home/mini/Documents/src/lua/lunar/src/test/kotlin/net/internetisalie/lunar/run/LuaDebugHarness.kt, /home/mini/Documents/src/lua/lunar/src/test/kotlin/net/internetisalie/lunar/run/TestLuaLineBreakpointType.kt, /home/mini/Documents/src/lua/lunar/src/test/kotlin/net/internetisalie/lunar/run/TestLuaStackFrame.kt, /home/mini/Documents/src/lua/lunar/src/test/kotlin/net/internetisalie/lunar/run/TestInputStreamReaderExt.kt, /home/mini/Documents/src/lua/lunar/src/test/kotlin/net/internetisalie/lunar/run/TestLuaDebugVariable.kt, /home/mini/Documents/src/lua/lunar/src/test/kotlin/net/internetisalie/lunar/run/TestLuaDebugHarness.kt, /home/mini/Documents/src/lua/lunar/src/test/kotlin/net/internetisalie/lunar/run/TestDebug04AcceptanceCriteria.kt, /home/mini/Documents/src/lua/lunar/src/test/kotlin/net/internetisalie/lunar/run/TestLuaRemoteStackFrames.kt, /home/mini/Documents/src/lua/lunar/src/test/kotlin/net/internetisalie/lunar/run/TestLuaValue.kt, /home/mini/Documents/src/lua/lunar/src/test/kotlin/net/internetisalie/lunar/run/TestLuaDebugConnection.kt, /home/mini/Documents/src/lua/lunar/src/test/kotlin/net/internetisalie/lunar/run/TestLuaRunConfiguration.kt, /home/mini/Documents/src/lua/lunar/src/test/kotlin/net/internetisalie/lunar/run/TestLuaExecutionStack.kt, /home/mini/Documents/src/lua/lunar/src/test/kotlin/net/internetisalie/lunar/run/TestLuaPosition.kt, /home/mini/Documents/src/lua/lunar/src/test/kotlin/net/internetisalie/lunar/run/TestLuaLineBreakpointHandler.kt, /home/mini/Documents/src/lua/lunar/src/test/kotlin/net/internetisalie/lunar/run/TestLuaDebugValueParser.kt, /home/mini/Documents/src/lua/lunar/src/test/kotlin/net/internetisalie/lunar/run/TestLuaDebugValue.kt, /home/mini/Documents/src/lua/lunar/src/test/kotlin/net/internetisalie/lunar/run/TestLuaRemoteResultFactory.kt, /home/mini/Documents/src/lua/lunar/src/test/kotlin/net/internetisalie/lunar/settings/TestBanner.kt, /home/mini/Documents/src/lua/lunar/src/test/kotlin/net/internetisalie/lunar/BaseDocumentTest.kt, /home/mini/Documents/src/lua/lunar/src/test/kotlin/net/internetisalie/lunar/luacats/lang/lexer/TestLuaCatsLexer.kt, /home/mini/Documents/src/lua/lunar/src/test/kotlin/net/internetisalie/lunar/SandboxAssetsIntegrationTest.kt, /home/mini/Documents/src/lua/lunar/src/test/kotlin/net/internetisalie/lunar/lang/TestLuaStubIndexing.kt, /home/mini/Documents/src/lua/lunar/src/test/kotlin/net/internetisalie/lunar/lang/TestLuaTypeResolution.kt, /home/mini/Documents/src/lua/lunar/src/test/kotlin/net/internetisalie/lunar/lang/format/LuaEnterHandlerTest.kt, /home/mini/Documents/src/lua/lunar/src/test/kotlin/net/internetisalie/lunar/lang/format/TestLuaFormatBlock.kt, /home/mini/Documents/src/lua/lunar/src/test/kotlin/net/internetisalie/lunar/lang/format/TestLuaSpacingBuilder.kt, /home/mini/Documents/src/lua/lunar/src/test/kotlin/net/internetisalie/lunar/lang/syntax/LuaBraceMatchingTest.kt, /home/mini/Documents/src/lua/lunar/src/test/kotlin/net/internetisalie/lunar/lang/syntax/TestLuaNumeralAnnotator.kt, /home/mini/Documents/src/lua/lunar/src/test/kotlin/net/internetisalie/lunar/lang/syntax/TestLuaLiterals.kt, /home/mini/Documents/src/lua/lunar/src/test/kotlin/net/internetisalie/lunar/lang/syntax/TestLuaAttributesAnnotator.kt, /home/mini/Documents/src/lua/lunar/src/test/kotlin/net/internetisalie/lunar/lang/syntax/TestLuaVarargAnnotator.kt, /home/mini/Documents/src/lua/lunar/src/test/kotlin/net/internetisalie/lunar/lang/syntax/TestLuaGotoAnnotator.kt, /home/mini/Documents/src/lua/lunar/src/test/kotlin/net/internetisalie/lunar/lang/syntax/LuaSemanticHighlightingTest.kt, /home/mini/Documents/src/lua/lunar/src/test/kotlin/net/internetisalie/lunar/lang/syntax/TestLuaBindingsVisitor.kt, /home/mini/Documents/src/lua/lunar/src/test/kotlin/net/internetisalie/lunar/lang/insight/LuaFoldingTest.kt, /home/mini/Documents/src/lua/lunar/src/test/kotlin/net/internetisalie/lunar/lang/insight/LuaBreadcrumbsTest.kt, /home/mini/Documents/src/lua/lunar/src/test/kotlin/net/internetisalie/lunar/lang/lexer/TestLuaLexerExhaustive.kt, /home/mini/Documents/src/lua/lunar/src/test/kotlin/net/internetisalie/lunar/lang/lexer/TestLuaLexer.kt, /home/mini/Documents/src/lua/lunar/src/test/kotlin/net/internetisalie/lunar/lang/LuaCompletionTest.kt, /home/mini/Documents/src/lua/lunar/src/test/kotlin/net/internetisalie/lunar/lang/types/TestLuaTypeDomainModel.kt, /home/mini/Documents/src/lua/lunar/src/test/kotlin/net/internetisalie/lunar/lang/parser/TestLuaAttributesParser.kt, /home/mini/Documents/src/lua/lunar/src/test/kotlin/net/internetisalie/lunar/lang/parser/TestStandaloneExpression.kt, /home/mini/Documents/src/lua/lunar/src/test/kotlin/net/internetisalie/lunar/lang/parser/TestLuaParsingExhaustive.kt
Java source files: 
Script source files: 
Script file extensions: 
Using Kotlin/JVM incremental compilation
[KOTLIN] Kotlin compilation 'jdkHome' argument: /home/mini/.jdks/corretto-21.0.10
i: Options for KOTLIN DAEMON: IncrementalCompilationOptions(super=CompilationOptions(compilerMode=INCREMENTAL_COMPILER, targetPlatform=JVM, reportCategories=[0], reportSeverity=2, requestedCompilationResults=[0], kotlinScriptExtensions=[], generateCompilerRefIndex=false), sourceChanges=org.jetbrains.kotlin.buildtools.api.SourcesChanges$Known@36cf1360, classpathChanges=NoChanges, workingDir=/home/mini/Documents/src/lua/lunar/build/kotlin/compileTestKotlin/cacheable, multiModuleICSettings=null, icFeatures=IncrementalCompilationFeatures(usePreciseJavaTracking=true, withAbiSnapshot=false, preciseCompilationResultsBackup=true, keepIncrementalCompilationCachesInMemory=true, enableUnsafeIncrementalCompilationForMultiplatform=false, enableMonotonousIncrementalCompileSetExpansion=true), outputFiles=[/home/mini/Documents/src/lua/lunar/build/classes/kotlin/test, /home/mini/Documents/src/lua/lunar/build/kotlin/compileTestKotlin/cacheable, /home/mini/Documents/src/lua/lunar/build/kotlin/compileTestKotlin/local-state])
i: Finished executing kotlin compiler using DAEMON strategy
Stored cache entry for task ':compileTestKotlin' with cache key f3147484661f062dd35e060027f7f2ca
Resolve mutations for :compileTestJava (Thread[#12965,Execution worker Thread 3,5,main]) started.
:compileTestJava (Thread[#12965,Execution worker Thread 3,5,main]) started.

> Task :compileTestJava NO-SOURCE
Skipping task ':compileTestJava' as it has no source files and no previous output files.
Resolve mutations for :testClasses (Thread[#12965,Execution worker Thread 3,5,main]) started.
:testClasses (Thread[#12965,Execution worker Thread 3,5,main]) started.

> Task :testClasses UP-TO-DATE
Skipping task ':testClasses' as it has no actions.
Resolve mutations for :instrumentTestCode (Thread[#12965,Execution worker Thread 3,5,main]) started.
:instrumentTestCode (Thread[#12965,Execution worker Thread 3,5,main]) started.

> Task :instrumentTestCode
file or directory '/home/mini/Documents/src/lua/lunar/src/test/java', not found
Build cache key for task ':instrumentTestCode' is 96aed3ef37a36ee8881fb25b3f678bd5
Task ':instrumentTestCode' is not up-to-date because:
  Input property 'classesDirs' file /home/mini/Documents/src/lua/lunar/build/classes/kotlin/test/net/internetisalie/lunar/lang/TestLuaTypeResolution.class has changed.
[org.jetbrains.intellij.platform] Compiling forms and instrumenting code with nullability preconditions
[ant:instrumentIdeaExtensions] Added @NotNull assertions to 0 files
Stored cache entry for task ':instrumentTestCode' with cache key 96aed3ef37a36ee8881fb25b3f678bd5
Resolve mutations for :test (Thread[#12965,Execution worker Thread 3,5,main]) started.
:test (Thread[#12965,Execution worker Thread 3,5,main]) started.
Gradle Test Executor 53 started executing tests.

> Task :test
Custom actions are attached to task ':test'.
Build cache key for task ':test' is 0ed4161d73c1421eac55d0473aa3b16b
Task ':test' is not up-to-date because:
  Task has failed previously.
file or directory '/home/mini/Documents/src/lua/lunar/build/classes/java/test', not found
Starting process 'Gradle Test Executor 53'. Working directory: /home/mini/Documents/src/lua/lunar Command: /home/mini/.gradle/caches/8.14.4/transforms/ef4857306a38fcebb3ea29145d88d547/transformed/goland-2026.1/jbr/bin/java -Daether.connector.resumeDownloads=false -Dawt.lock.fair=true -Dawt.toolkit.name=auto -Dcompose.swing.render.on.graphics=true -Didea.classpath.index.enabled=false -Didea.config.path=/home/mini/Documents/src/lua/lunar/build/idea-sandbox/GO-2026.1/config-test -Didea.force.use.core.classloader=true -Didea.log.debug.categories=#go-project-model,#go-indexing -Didea.log.path=/home/mini/Documents/src/lua/lunar/build/idea-sandbox/GO-2026.1/log-test -Didea.paths.selector=GoLand2026.1 -Didea.platform.prefix=GoLand -Didea.plugins.path=/home/mini/Documents/src/lua/lunar/build/idea-sandbox/GO-2026.1/plugins-test -Didea.system.path=/home/mini/Documents/src/lua/lunar/build/idea-sandbox/GO-2026.1/system-test -Didea.use.core.classloader.for.plugin.path=true -Didea.vendor.name=JetBrains -Dintellij.platform.runtime.repository.path=/home/mini/.gradle/caches/8.14.4/transforms/ef4857306a38fcebb3ea29145d88d547/transformed/goland-2026.1/modules/module-descriptors.dat -Dintellij.testFramework.rethrow.logged.errors=true -Dio.netty.allocator.type=pooled -Djava.nio.file.spi.DefaultFileSystemProvider=com.intellij.platform.core.nio.fs.MultiRoutingFileSystemProvider -Djava.system.class.loader=com.intellij.util.lang.PathClassLoader -Djava.util.zip.use.nio.for.zip.file.access=true -Djbr.catch.SIGABRT=true -Djdk.attach.allowAttachSelf=true -Djdk.http.auth.tunneling.disabledSchemes="" -Djdk.module.illegalAccess.silent=true -Djdk.nio.maxCachedBufferSize=2097152 -Djna.boot.library.path=/home/mini/.gradle/caches/8.14.4/transforms/ef4857306a38fcebb3ea29145d88d547/transformed/goland-2026.1/lib/jna/amd64 -Djna.noclasspath=true -Djna.nosys=true -Dllm.show.ai.promotion.window.on.start=true -Dorg.gradle.internal.worker.tmpdir=/home/mini/Documents/src/lua/lunar/build/tmp/test/work -Dplugin.name=lunar -Dplugin.path=/home/mini/Documents/src/lua/lunar/build/idea-sandbox/GO-2026.1/plugins-test/lunar -Dpty4j.preferred.native.folder=/home/mini/.gradle/caches/8.14.4/transforms/ef4857306a38fcebb3ea29145d88d547/transformed/goland-2026.1/lib/pty4j -Dsandbox.home=/home/mini/Documents/src/lua/lunar/build/idea-sandbox -Dskiko.library.path=/home/mini/.gradle/caches/8.14.4/transforms/ef4857306a38fcebb3ea29145d88d547/transformed/goland-2026.1/lib/skiko-awt-runtime-all -Dskiko.rendering.useScreenMenuBar=false -Dsplash=true -Dsun.io.useCanonCaches=false -Dsun.java2d.metal=true -Dsun.tools.attach.tmp.only=true -XX:JbrShrinkingGcMaxHeapFreeRatio=40 -XX:ReservedCodeCacheSize=512m -XX:+HeapDumpOnOutOfMemoryError -XX:-OmitStackTraceInFastThrow -XX:CICompilerCount=2 -XX:+IgnoreUnrecognizedVMOptions -XX:+UnlockDiagnosticVMOptions -XX:TieredOldPercentage=100000 -Xbootclasspath/a:/home/mini/.gradle/caches/8.14.4/transforms/ef4857306a38fcebb3ea29145d88d547/transformed/goland-2026.1/lib/nio-fs.jar --enable-native-access=ALL-UNNAMED --add-opens=java.base/java.io=ALL-UNNAMED --add-opens=java.base/java.lang=ALL-UNNAMED --add-opens=java.base/java.lang.ref=ALL-UNNAMED --add-opens=java.base/java.lang.reflect=ALL-UNNAMED --add-opens=java.base/java.net=ALL-UNNAMED --add-opens=java.base/java.nio=ALL-UNNAMED --add-opens=java.base/java.nio.charset=ALL-UNNAMED --add-opens=java.base/java.text=ALL-UNNAMED --add-opens=java.base/java.time=ALL-UNNAMED --add-opens=java.base/java.util=ALL-UNNAMED --add-opens=java.base/java.util.concurrent=ALL-UNNAMED --add-opens=java.base/java.util.concurrent.atomic=ALL-UNNAMED --add-opens=java.base/java.util.concurrent.locks=ALL-UNNAMED --add-opens=java.base/jdk.internal.ref=ALL-UNNAMED --add-opens=java.base/jdk.internal.vm=ALL-UNNAMED --add-opens=java.base/sun.net.dns=ALL-UNNAMED --add-opens=java.base/sun.nio=ALL-UNNAMED --add-opens=java.base/sun.nio.ch=ALL-UNNAMED --add-opens=java.base/sun.nio.fs=ALL-UNNAMED --add-opens=java.base/sun.security.ssl=ALL-UNNAMED --add-opens=java.base/sun.security.util=ALL-UNNAMED --add-opens=java.desktop/com.sun.java.swing=ALL-UNNAMED --add-opens=java.desktop/com.sun.java.swing.plaf.gtk=ALL-UNNAMED --add-opens=java.desktop/java.awt=ALL-UNNAMED --add-opens=java.desktop/java.awt.dnd.peer=ALL-UNNAMED --add-opens=java.desktop/java.awt.event=ALL-UNNAMED --add-opens=java.desktop/java.awt.font=ALL-UNNAMED --add-opens=java.desktop/java.awt.image=ALL-UNNAMED --add-opens=java.desktop/java.awt.peer=ALL-UNNAMED --add-opens=java.desktop/javax.swing=ALL-UNNAMED --add-opens=java.desktop/javax.swing.plaf.basic=ALL-UNNAMED --add-opens=java.desktop/javax.swing.text=ALL-UNNAMED --add-opens=java.desktop/javax.swing.text.html=ALL-UNNAMED --add-opens=java.desktop/javax.swing.text.html.parser=ALL-UNNAMED --add-opens=java.desktop/sun.awt=ALL-UNNAMED --add-opens=java.desktop/sun.awt.X11=ALL-UNNAMED --add-opens=java.desktop/sun.awt.datatransfer=ALL-UNNAMED --add-opens=java.desktop/sun.awt.image=ALL-UNNAMED --add-opens=java.desktop/sun.font=ALL-UNNAMED --add-opens=java.desktop/sun.java2d=ALL-UNNAMED --add-opens=java.desktop/sun.swing=ALL-UNNAMED --add-opens=java.management/sun.management=ALL-UNNAMED --add-opens=jdk.attach/sun.tools.attach=ALL-UNNAMED --add-opens=jdk.compiler/com.sun.tools.javac.api=ALL-UNNAMED --add-opens=jdk.internal.jvmstat/sun.jvmstat.monitor=ALL-UNNAMED --add-opens=jdk.jdi/com.sun.tools.jdi=ALL-UNNAMED -javaagent:/home/mini/Documents/src/lua/lunar/build/kover/kover-jvm-agent-0.9.1.jar=file:/home/mini/Documents/src/lua/lunar/build/tmp/test/kover-agent.args @/home/mini/.gradle/.tmp/gradle-worker-classpath2511552733052374870txt -Xms128m -Xmx2048m -Dfile.encoding=UTF-8 -Duser.country=US -Duser.language=en -Duser.variant -ea worker.org.gradle.process.internal.worker.GradleWorkerMain 'Gradle Test Executor 53'
Successfully started process 'Gradle Test Executor 53'
[0.007s][warning][cds] Archived non-system classes are disabled because the java.system.class.loader property is specified (value = "com.intellij.util.lang.PathClassLoader"). To use archived non-system classes, this property must not be set

Gradle Test Executor 53 STANDARD_ERROR
    Configuration file for j.u.l.LogManager does not exist: /home/mini/.gradle/caches/8.14.4/transforms/ef4857306a38fcebb3ea29145d88d547/transformed/goland-2026.1/test-log.properties

Gradle Test Executor 53 STANDARD_OUT
    Test log file: file:///home/mini/Documents/src/lua/lunar/build/idea-sandbox/GO-2026.1/log-test/idea.log
    [18:31:17]: INFO - com.intellij.tools.ide.starter.bus.shared.server.LocalEventBusServer - Server started on port 45654
    [06:31:17]: Canceling children of 'Test class's supervisor scope': Test class `JUnit Jupiter` execution is finished

TestLuaTypeResolution STANDARD_OUT
    [06:31:18]: Starter DI was initialized

TestLuaTypeResolution > testInheritanceResolution STANDARD_OUT
    SUB SUPER TYPES: [Base]

TestLuaTypeResolution > testInheritanceResolution STANDARD_ERROR

    18:31:24,140 FINE   .intellij.openapi.command.impl - executeCommand: com.intellij.openapi.command.WriteCommandAction$BuilderImpl$$Lambda/0x000000002ccf7540@7f927339, name = Undefined, groupId = null, in command = <null>, in transparent action = false 
    18:31:24,287 FINE   tionSystem.EditorActionHandler - Updated DynamicEditorActionHandler chain for class com.intellij.openapi.editor.actions.CutAction: [com.intellij.openapi.editor.actions.CutAction$Handler@3d09f1a2] 
    18:31:24,289 FINE   llij.testFramework.IndexWaiter - waitUntilFinished, thread=Thread[#52,AWT-EventQueue-0,6,InnocuousThreadGroup], WA=true 
    18:31:24,289 FINE   on.impl.DaemonCodeAnalyzerImpl - Stopping process: toRestart:true; myDisposed:false; reason: 'Write action finish: class java.lang.Object' 
    18:31:24,289 FINE   on.impl.DaemonCodeAnalyzerImpl - Rescheduling highlighting: isDone: true 
    18:31:24,297 FINE   i.vfs.newvfs.AsyncEventSupport - Processing [VfsEvent[create file 'temp:///src/base.lua']] 
    18:31:24,321 FINE   fs.persistent.PersistentFSImpl - Applying VfsEvent[create file 'temp:///src/base.lua'] 
    18:31:24,328 FINE   fs.impl.VirtualFileManagerImpl - fileCreated: file = temp:///src/base.lua, requestor = com.intellij.testFramework.fixtures.impl.LightTempDirTestFixtureImpl@28e4eb16 
    18:31:24,328 FINE   pl.PushedFilePropertiesUpdater - 1 file(s) changed 
    18:31:24,328 FINE   pl.PushedFilePropertiesUpdater - File changed: /src/base.lua. 
    requestor:com.intellij.testFramework.fixtures.impl.LightTempDirTestFixtureImpl@28e4eb16 
    event:VfsEvent[create file 'temp:///src/base.lua'] 
    18:31:24,342 FINE   tellij.psi.impl.PsiManagerImpl - beforePropertyChange: element = null, propertyName = propUnloadedPsi, oldValue = null 
    18:31:24,343 FINE   tellij.psi.impl.PsiManagerImpl - propertyChanged: element = null, propertyName = propUnloadedPsi, oldValue = null, newValue = null 
    18:31:24,343 FINE   on.impl.DaemonCodeAnalyzerImpl - Stopping process: toRestart:true; myDisposed:false; reason: 'Write action finish: class java.lang.Object' 
    18:31:24,343 FINE   on.impl.DaemonCodeAnalyzerImpl - Rescheduling highlighting: isDone: false 
    18:31:24,376 FINE   i.vfs.newvfs.AsyncEventSupport - Processing [VfsEvent[update: /src/base.lua, oldTimestamp:4, newTimestamp:-1, oldModificationStamp:0, newModificationStamp:5, oldLength:0, newLength:45]] 
    18:31:24,394 FINE   fs.impl.VirtualFileManagerImpl - beforeContentsChange: file = temp:///src/base.lua, requestor = temp:///src/base.lua 
    18:31:24,397 FINE   tellij.psi.impl.PsiManagerImpl - beforePropertyChange: element = null, propertyName = propUnloadedPsi, oldValue = null 
    18:31:24,397 FINE   tellij.psi.impl.PsiManagerImpl - propertyChanged: element = null, propertyName = propUnloadedPsi, oldValue = null, newValue = null 
    18:31:24,397 FINE   fs.impl.VirtualFileManagerImpl - contentsChanged: file = temp:///src/base.lua, requestor = temp:///src/base.lua 
    18:31:24,397 FINE   pl.PushedFilePropertiesUpdater - 1 file(s) changed 
    18:31:24,397 FINE   pl.PushedFilePropertiesUpdater - File changed: /src/base.lua. 
    requestor:temp:///src/base.lua 
    event:VfsEvent[update: /src/base.lua, oldTimestamp:4, newTimestamp:-1, oldModificationStamp:0, newModificationStamp:5, oldLength:0, newLength:45] 
    18:31:24,398 FINE   on.impl.DaemonCodeAnalyzerImpl - Stopping process: toRestart:true; myDisposed:false; reason: 'Write action finish: class java.lang.Object' 
    18:31:24,398 FINE   on.impl.DaemonCodeAnalyzerImpl - Rescheduling highlighting: isDone: false 
    18:31:24,398 FINE   tellij.psi.impl.PsiManagerImpl - beforePropertyChange: element = null, propertyName = propUnloadedPsi, oldValue = null 
    18:31:24,398 FINE   tellij.psi.impl.PsiManagerImpl - propertyChanged: element = null, propertyName = propUnloadedPsi, oldValue = null, newValue = null 
    18:31:24,398 FINE   on.impl.DaemonCodeAnalyzerImpl - Stopping process: toRestart:true; myDisposed:false; reason: 'Write action finish: class java.lang.Object' 
    18:31:24,398 FINE   on.impl.DaemonCodeAnalyzerImpl - Rescheduling highlighting: isDone: false 
    18:31:24,398 FINE   llij.testFramework.IndexWaiter - waitUntilFinished, thread=Thread[#52,AWT-EventQueue-0,6,InnocuousThreadGroup], WA=true 
    18:31:24,399 FINE   on.impl.DaemonCodeAnalyzerImpl - Stopping process: toRestart:true; myDisposed:false; reason: 'Write action finish: class java.lang.Object' 
    18:31:24,399 FINE   on.impl.DaemonCodeAnalyzerImpl - Rescheduling highlighting: isDone: false 
    18:31:24,399 FINE   llij.testFramework.IndexWaiter - waitNow, thread=Thread[#52,AWT-EventQueue-0,6,InnocuousThreadGroup] 
    18:31:24,399 FINE   llij.testFramework.IndexWaiter - waitNow, thread=Thread[#52,AWT-EventQueue-0,6,InnocuousThreadGroup] 
    18:31:24,416 FINE   on.impl.DaemonCodeAnalyzerImpl - Stopping process: toRestart:true; myDisposed:false; reason: 'Command finish' 
    18:31:24,416 FINE   on.impl.DaemonCodeAnalyzerImpl - Rescheduling highlighting: isDone: false 
    18:31:24,416 FINE   .intellij.openapi.command.impl - finishCommand: name = Undefined, groupId = null 
    18:31:24,469 FINE   .intellij.openapi.command.impl - executeCommand: com.intellij.openapi.command.WriteCommandAction$BuilderImpl$$Lambda/0x000000002ccf7540@46b4ca7e, name = Undefined, groupId = null, in command = <null>, in transparent action = false 
    18:31:24,472 FINE   llij.testFramework.IndexWaiter - waitUntilFinished, thread=Thread[#52,AWT-EventQueue-0,6,InnocuousThreadGroup], WA=true 
    18:31:24,472 FINE   on.impl.DaemonCodeAnalyzerImpl - Stopping process: toRestart:true; myDisposed:false; reason: 'Write action finish: class java.lang.Object' 
    18:31:24,472 FINE   on.impl.DaemonCodeAnalyzerImpl - Rescheduling highlighting: isDone: false 
    18:31:24,472 FINE   i.vfs.newvfs.AsyncEventSupport - Processing [VfsEvent[create file 'temp:///src/sub.lua']] 
    18:31:24,473 FINE   fs.persistent.PersistentFSImpl - Applying VfsEvent[create file 'temp:///src/sub.lua'] 
    18:31:24,474 FINE   fs.impl.VirtualFileManagerImpl - fileCreated: file = temp:///src/sub.lua, requestor = com.intellij.testFramework.fixtures.impl.LightTempDirTestFixtureImpl@28e4eb16 
    18:31:24,475 FINE   pl.PushedFilePropertiesUpdater - 1 file(s) changed 
    18:31:24,475 FINE   pl.PushedFilePropertiesUpdater - File changed: /src/sub.lua. 
    requestor:com.intellij.testFramework.fixtures.impl.LightTempDirTestFixtureImpl@28e4eb16 
    event:VfsEvent[create file 'temp:///src/sub.lua'] 
    18:31:24,476 FINE   tellij.psi.impl.PsiManagerImpl - beforeChildAddition: event = PsiTreeChangeEventImpl{BEFORE_CHILD_ADDITION} 
    18:31:24,476 FINE   tellij.psi.impl.PsiManagerImpl - childAdded: child = net.internetisalie.lunar.lang.psi.LuaFile, parent = com.intellij.psi.impl.file.PsiDirectoryImpl 
    18:31:24,476 FINE   on.impl.DaemonCodeAnalyzerImpl - Stopping process: toRestart:true; myDisposed:false; reason: 'Write action finish: class java.lang.Object' 
    18:31:24,476 FINE   on.impl.DaemonCodeAnalyzerImpl - Rescheduling highlighting: isDone: false 
    18:31:24,477 FINE   i.vfs.newvfs.AsyncEventSupport - Processing [VfsEvent[update: /src/sub.lua, oldTimestamp:8, newTimestamp:-1, oldModificationStamp:0, newModificationStamp:9, oldLength:0, newLength:52]] 
    18:31:24,478 FINE   fs.impl.VirtualFileManagerImpl - beforeContentsChange: file = temp:///src/sub.lua, requestor = temp:///src/sub.lua 
    18:31:24,480 FINE   tellij.psi.impl.PsiManagerImpl - beforeChildrenChange: parent = net.internetisalie.lunar.lang.psi.LuaFile 
    18:31:24,480 FINE   tellij.psi.impl.PsiManagerImpl - beforeChildrenChange: parent = net.internetisalie.lunar.lang.psi.LuaFile 
    18:31:24,481 FINE   tellij.psi.impl.PsiManagerImpl - childrenChanged: parent = net.internetisalie.lunar.lang.psi.LuaFile 
    18:31:24,482 FINE   tellij.psi.impl.PsiManagerImpl - childrenChanged: parent = net.internetisalie.lunar.lang.psi.LuaFile 
    18:31:24,482 FINE   on.impl.DaemonCodeAnalyzerImpl - Stopping process: toRestart:true; myDisposed:false; reason: 'Write action finish: class java.lang.Object' 
    18:31:24,483 FINE   on.impl.DaemonCodeAnalyzerImpl - Rescheduling highlighting: isDone: false 
    18:31:24,483 FINE   fs.impl.VirtualFileManagerImpl - contentsChanged: file = temp:///src/sub.lua, requestor = temp:///src/sub.lua 
    18:31:24,483 FINE   pl.PushedFilePropertiesUpdater - 1 file(s) changed 
    18:31:24,483 FINE   pl.PushedFilePropertiesUpdater - File changed: /src/sub.lua. 
    requestor:temp:///src/sub.lua 
    event:VfsEvent[update: /src/sub.lua, oldTimestamp:8, newTimestamp:-1, oldModificationStamp:0, newModificationStamp:9, oldLength:0, newLength:52] 
    18:31:24,483 FINE   on.impl.DaemonCodeAnalyzerImpl - Stopping process: toRestart:true; myDisposed:false; reason: 'Write action finish: class java.lang.Object' 
    18:31:24,483 FINE   on.impl.DaemonCodeAnalyzerImpl - Rescheduling highlighting: isDone: false 
    18:31:24,483 FINE   tellij.psi.impl.PsiManagerImpl - beforePropertyChange: element = null, propertyName = propUnloadedPsi, oldValue = null 
    18:31:24,483 FINE   tellij.psi.impl.PsiManagerImpl - propertyChanged: element = null, propertyName = propUnloadedPsi, oldValue = null, newValue = null 
    18:31:24,483 FINE   on.impl.DaemonCodeAnalyzerImpl - Stopping process: toRestart:true; myDisposed:false; reason: 'Write action finish: class java.lang.Object' 
    18:31:24,483 FINE   on.impl.DaemonCodeAnalyzerImpl - Rescheduling highlighting: isDone: false 
    18:31:24,483 FINE   llij.testFramework.IndexWaiter - waitUntilFinished, thread=Thread[#52,AWT-EventQueue-0,6,InnocuousThreadGroup], WA=true 
    18:31:24,484 FINE   on.impl.DaemonCodeAnalyzerImpl - Stopping process: toRestart:true; myDisposed:false; reason: 'Write action finish: class java.lang.Object' 
    18:31:24,484 FINE   on.impl.DaemonCodeAnalyzerImpl - Rescheduling highlighting: isDone: false 
    18:31:24,484 FINE   llij.testFramework.IndexWaiter - waitNow, thread=Thread[#52,AWT-EventQueue-0,6,InnocuousThreadGroup] 
    18:31:24,484 FINE   llij.testFramework.IndexWaiter - waitNow, thread=Thread[#52,AWT-EventQueue-0,6,InnocuousThreadGroup] 
    18:31:24,490 FINE   .command.impl.StacksHolderBase - Adding to undo stacks: UndoableGroup[name=Undefined, global=true, transparent=false, stamp=3, localHistory=true, policy=DO_NOT_REQUEST_CONFIRMATION, temporary=false, valid=true, actions=[FileUndoProvider$MyUndoableAction{refs=[base.lua], global}], documents=[base.lua]] 
    18:31:24,490 FINE   on.impl.DaemonCodeAnalyzerImpl - Stopping process: toRestart:true; myDisposed:false; reason: 'Command finish' 
    18:31:24,490 FINE   on.impl.DaemonCodeAnalyzerImpl - Rescheduling highlighting: isDone: false 
    18:31:24,490 FINE   .intellij.openapi.command.impl - finishCommand: name = Undefined, groupId = null 
    18:31:24,491 FINE   .intellij.openapi.command.impl - executeCommand: com.intellij.openapi.command.WriteCommandAction$BuilderImpl$$Lambda/0x000000002ccf7540@76aef512, name = Undefined, groupId = null, in command = <null>, in transparent action = false 
    18:31:24,493 FINE   napi.vfs.newvfs.RefreshSession - RefreshSessionImpl created. Trace. 
    java.lang.Throwable 
    	at com.intellij.openapi.vfs.newvfs.RefreshSessionImpl.<init>(RefreshSessionImpl.kt:83) 
    	at com.intellij.openapi.vfs.newvfs.RefreshQueueImpl.createSession(RefreshQueueImpl.kt:334) 
    	at com.intellij.openapi.vfs.newvfs.RefreshQueue.refresh(RefreshQueue.kt:26) 
    	at com.intellij.openapi.vfs.newvfs.RefreshQueue.refresh(RefreshQueue.kt:18) 
    	at com.intellij.openapi.vfs.newvfs.NewVirtualFile.refresh(NewVirtualFile.java:57) 
    	at com.intellij.openapi.vfs.VirtualFile.refresh(VirtualFile.java:702) 
    	at com.intellij.testFramework.fixtures.impl.CodeInsightTestFixtureImpl.lambda$createFile$62(CodeInsightTestFixtureImpl.java:1686) 
    	at com.intellij.openapi.command.WriteCommandAction$BuilderImpl.lambda$compute$3(WriteCommandAction.java:172) 
    	at com.intellij.openapi.command.WriteCommandAction$BuilderImpl.lambda$doRunWriteCommandAction$1(WriteCommandAction.java:155) 
    	at com.intellij.openapi.application.impl.AppImplKt$runnableUnitFunction$1.invoke(appImpl.kt:124) 
    	at com.intellij.openapi.application.impl.AppImplKt$runnableUnitFunction$1.invoke(appImpl.kt:124) 
    	at com.intellij.platform.locking.impl.NestedLocksThreadingSupport.runWriteActionBlocking(NestedLocksThreadingSupport.kt:997) 
    	at com.intellij.openapi.application.impl.ApplicationImpl.runWriteAction(ApplicationImpl.java:1161) 
    	at com.intellij.openapi.command.WriteCommandAction$BuilderImpl.lambda$doRunWriteCommandAction$2(WriteCommandAction.java:153) 
    	at com.intellij.openapi.command.impl.CoreCommandProcessor.lambda$executeCommand$1(CoreCommandProcessor.java:143) 
    	at com.intellij.openapi.command.impl.CoreCommandProcessor.runCommandTask(CoreCommandProcessor.java:409) 
    	at com.intellij.openapi.command.impl.CoreCommandProcessor.executeCommand(CoreCommandProcessor.java:158) 
    	at com.intellij.openapi.command.impl.CoreCommandProcessor.executeCommand(CoreCommandProcessor.java:93) 
    	at com.intellij.openapi.command.WriteCommandAction$BuilderImpl.doRunWriteCommandAction(WriteCommandAction.java:162) 
    	at com.intellij.openapi.command.WriteCommandAction$BuilderImpl.run(WriteCommandAction.java:129) 
    	at com.intellij.openapi.command.WriteCommandAction$BuilderImpl.compute(WriteCommandAction.java:172) 
    	at com.intellij.testFramework.fixtures.impl.CodeInsightTestFixtureImpl.createFile(CodeInsightTestFixtureImpl.java:1682) 
    	at com.intellij.testFramework.fixtures.impl.CodeInsightTestFixtureImpl.configureByText(CodeInsightTestFixtureImpl.java:1674) 
    	at net.internetisalie.lunar.lang.TestLuaTypeResolution.testInheritanceResolution(TestLuaTypeResolution.kt:69) 
    	at java.base/jdk.internal.reflect.DirectMethodHandleAccessor.invoke(DirectMethodHandleAccessor.java:104) 
    	at java.base/java.lang.reflect.Method.invoke(Method.java:565) 
    	at org.junit.runners.model.FrameworkMethod$1.runReflectiveCall(FrameworkMethod.java:59) 
    	at org.junit.internal.runners.model.ReflectiveCallable.run(ReflectiveCallable.java:12) 
    	at org.junit.runners.model.FrameworkMethod.invokeExplosively(FrameworkMethod.java:56) 
    	at org.junit.internal.runners.statements.InvokeMethod.evaluate(InvokeMethod.java:17) 
    	at com.intellij.testFramework.TestLoggerKt$recordErrorsLoggedInTheCurrentThreadAndReportThemAsFailures$2.invoke(testLogger.kt:99) 
    	at com.intellij.testFramework.TestLoggerKt$recordErrorsLoggedInTheCurrentThreadAndReportThemAsFailures$2.invoke(testLogger.kt:99) 
    	at com.intellij.testFramework.TestLoggerKt.recordErrorsLoggedInTheCurrentThreadAndReportThemAsFailures(testLogger.kt:81) 
    	at com.intellij.testFramework.TestLoggerKt.recordErrorsLoggedInTheCurrentThreadAndReportThemAsFailures(testLogger.kt:99) 
    	at com.intellij.testFramework.UsefulTestCase.lambda$wrapTestRunnable$15(UsefulTestCase.java:561) 
    	at com.intellij.testFramework.UsefulTestCase.runTestRunnable(UsefulTestCase.java:454) 
    	at com.intellij.testFramework.fixtures.BasePlatformTestCase.runTestRunnable(BasePlatformTestCase.java:117) 
    	at com.intellij.testFramework.UsefulTestCase.defaultRunBare(UsefulTestCase.java:470) 
    	at com.intellij.testFramework.UsefulTestCase.lambda$runBare$13(UsefulTestCase.java:543) 
    	at com.intellij.openapi.application.impl.AppImplKt$rethrowCheckedExceptions$1.invoke(appImpl.kt:125) 
    	at com.intellij.openapi.application.impl.AppImplKt$rethrowCheckedExceptions$1.invoke(appImpl.kt:125) 
    	at com.intellij.platform.locking.impl.NestedLocksThreadingSupport.runWriteIntentReadAction(NestedLocksThreadingSupport.kt:705) 
    	at com.intellij.testFramework.EdtTestUtil.lambda$runInEdtAndWait$2(EdtTestUtil.java:79) 
    	at com.intellij.util.concurrency.ChildContext$runInChildContext$1.invoke(propagation.kt:192) 
    	at com.intellij.util.concurrency.ChildContext$runInChildContext$1.invoke(propagation.kt:192) 
    	at com.intellij.util.concurrency.ChildContext.runInChildContext(propagation.kt:198) 
    	at com.intellij.util.concurrency.ChildContext.runInChildContext(propagation.kt:192) 
    	at com.intellij.util.concurrency.ContextRunnable.lambda$run$0(ContextRunnable.java:26) 
    	at com.intellij.concurrency.ThreadContext.resetThreadContext(threadContext.kt:294) 
    	at com.intellij.util.concurrency.ContextRunnable.run(ContextRunnable.java:25) 
    	at java.desktop/java.awt.event.InvocationEvent.dispatch(InvocationEvent.java:313) 
    	at java.desktop/java.awt.EventQueue.dispatchEventImpl(EventQueue.java:732) 
    	at java.desktop/java.awt.EventQueue.dispatchEvent(EventQueue.java:711) 
    	at com.intellij.ide.IdeEventQueue.dispatchEvent(IdeEventQueue.kt:344) 
    	at java.desktop/java.awt.EventDispatchThread.pumpOneEventForFilters(EventDispatchThread.java:207) 
    	at java.desktop/java.awt.EventDispatchThread.pumpEventsForFilter(EventDispatchThread.java:128) 
    	at java.desktop/java.awt.EventDispatchThread.pumpEventsForHierarchy(EventDispatchThread.java:117) 
    	at java.desktop/java.awt.EventDispatchThread.pumpEvents(EventDispatchThread.java:113) 
    	at java.desktop/java.awt.EventDispatchThread.pumpEvents(EventDispatchThread.java:105) 
    	at java.desktop/java.awt.EventDispatchThread.run(EventDispatchThread.java:92) 
     
    18:31:24,494 FINE   i.vfs.newvfs.AsyncEventSupport - Processing [VfsEvent[create file 'temp:///src/usage_inheritance.lua']] 
    18:31:24,494 FINE   fs.persistent.PersistentFSImpl - Applying VfsEvent[create file 'temp:///src/usage_inheritance.lua'] 
    18:31:24,495 FINE   fs.impl.VirtualFileManagerImpl - fileCreated: file = temp:///src/usage_inheritance.lua, requestor = com.intellij.testFramework.fixtures.impl.CodeInsightTestFixtureImpl@306127fd 
    18:31:24,495 FINE   pl.PushedFilePropertiesUpdater - 1 file(s) changed 
    18:31:24,495 FINE   pl.PushedFilePropertiesUpdater - File changed: /src/usage_inheritance.lua. 
    requestor:com.intellij.testFramework.fixtures.impl.CodeInsightTestFixtureImpl@306127fd 
    event:VfsEvent[create file 'temp:///src/usage_inheritance.lua'] 
    18:31:24,496 FINE   tellij.psi.impl.PsiManagerImpl - beforeChildAddition: event = PsiTreeChangeEventImpl{BEFORE_CHILD_ADDITION} 
    18:31:24,496 FINE   tellij.psi.impl.PsiManagerImpl - childAdded: child = net.internetisalie.lunar.lang.psi.LuaFile, parent = com.intellij.psi.impl.file.PsiDirectoryImpl 
    18:31:24,496 FINE   on.impl.DaemonCodeAnalyzerImpl - Stopping process: toRestart:true; myDisposed:false; reason: 'Write action finish: class java.lang.Object' 
    18:31:24,496 FINE   on.impl.DaemonCodeAnalyzerImpl - Rescheduling highlighting: isDone: false 
    18:31:24,498 FINE   i.vfs.newvfs.AsyncEventSupport - Processing [VfsEvent[update: /src/usage_inheritance.lua, oldTimestamp:11, newTimestamp:-1, oldModificationStamp:0, newModificationStamp:12, oldLength:0, newLength:7]] 
    18:31:24,498 FINE   fs.impl.VirtualFileManagerImpl - beforeContentsChange: file = temp:///src/usage_inheritance.lua, requestor = temp:///src/usage_inheritance.lua 
    18:31:24,499 FINE   tellij.psi.impl.PsiManagerImpl - beforeChildrenChange: parent = net.internetisalie.lunar.lang.psi.LuaFile 
    18:31:24,499 FINE   tellij.psi.impl.PsiManagerImpl - beforeChildrenChange: parent = net.internetisalie.lunar.lang.psi.LuaFile 
    18:31:24,499 FINE   tellij.psi.impl.PsiManagerImpl - childrenChanged: parent = net.internetisalie.lunar.lang.psi.LuaFile 
    18:31:24,499 FINE   tellij.psi.impl.PsiManagerImpl - childrenChanged: parent = net.internetisalie.lunar.lang.psi.LuaFile 
    18:31:24,499 FINE   on.impl.DaemonCodeAnalyzerImpl - Stopping process: toRestart:true; myDisposed:false; reason: 'Write action finish: class java.lang.Object' 
    18:31:24,499 FINE   on.impl.DaemonCodeAnalyzerImpl - Rescheduling highlighting: isDone: false 
    18:31:24,499 FINE   fs.impl.VirtualFileManagerImpl - contentsChanged: file = temp:///src/usage_inheritance.lua, requestor = temp:///src/usage_inheritance.lua 
    18:31:24,499 FINE   pl.PushedFilePropertiesUpdater - 1 file(s) changed 
    18:31:24,499 FINE   pl.PushedFilePropertiesUpdater - File changed: /src/usage_inheritance.lua. 
    requestor:temp:///src/usage_inheritance.lua 
    event:VfsEvent[update: /src/usage_inheritance.lua, oldTimestamp:11, newTimestamp:-1, oldModificationStamp:0, newModificationStamp:12, oldLength:0, newLength:7] 
    18:31:24,500 FINE   on.impl.DaemonCodeAnalyzerImpl - Stopping process: toRestart:true; myDisposed:false; reason: 'Write action finish: class java.lang.Object' 
    18:31:24,500 FINE   on.impl.DaemonCodeAnalyzerImpl - Rescheduling highlighting: isDone: false 
    18:31:24,500 FINE   .command.impl.StacksHolderBase - Adding to undo stacks: UndoableGroup[name=Undefined, global=true, transparent=false, stamp=4, localHistory=true, policy=DO_NOT_REQUEST_CONFIRMATION, temporary=false, valid=true, actions=[FileUndoProvider$MyUndoableAction{refs=[sub.lua], global}], documents=[sub.lua]] 
    18:31:24,500 FINE   on.impl.DaemonCodeAnalyzerImpl - Stopping process: toRestart:true; myDisposed:false; reason: 'Command finish' 
    18:31:24,500 FINE   on.impl.DaemonCodeAnalyzerImpl - Rescheduling highlighting: isDone: false 
    18:31:24,500 FINE   .intellij.openapi.command.impl - finishCommand: name = Undefined, groupId = null 
    18:31:24,500 FINE   llij.testFramework.IndexWaiter - waitUntilFinished, thread=Thread[#52,AWT-EventQueue-0,6,InnocuousThreadGroup], WA=false 
    18:31:24,500 FINE   llij.testFramework.IndexWaiter - waitNow, thread=Thread[#52,AWT-EventQueue-0,6,InnocuousThreadGroup] 
    18:31:24,521 FINE   .intellij.openapi.command.impl - executeCommand: com.intellij.openapi.command.WriteCommandAction$BuilderImpl$$Lambda/0x000000002ccf7540@20a24dd0, name = Undefined, groupId = null, in command = <null>, in transparent action = false 
    18:31:24,523 FINE   on.impl.DaemonCodeAnalyzerImpl - Stopping process: toRestart:true; myDisposed:false; reason: 'Write action finish: class java.lang.Object' 
    18:31:24,523 FINE   on.impl.DaemonCodeAnalyzerImpl - Rescheduling highlighting: isDone: false 
    18:31:24,523 FINE   .command.impl.StacksHolderBase - Adding to undo stacks: UndoableGroup[name=Undefined, global=true, transparent=false, stamp=5, localHistory=true, policy=DO_NOT_REQUEST_CONFIRMATION, temporary=false, valid=true, actions=[FileUndoProvider$MyUndoableAction{refs=[usage_inheritance.lua], global}], documents=[usage_inheritance.lua]] 
    18:31:24,524 FINE   on.impl.DaemonCodeAnalyzerImpl - Stopping process: toRestart:true; myDisposed:false; reason: 'Command finish' 
    18:31:24,524 FINE   on.impl.DaemonCodeAnalyzerImpl - Rescheduling highlighting: isDone: false 
    18:31:24,524 FINE   .intellij.openapi.command.impl - finishCommand: name = Undefined, groupId = null 
    18:31:24,524 FINE   .intellij.openapi.command.impl - executeCommand: com.intellij.openapi.command.WriteCommandAction$BuilderImpl$$Lambda/0x000000002ccf7540@5ddb69bf, name = Undefined, groupId = null, in command = <null>, in transparent action = false 
    18:31:24,525 FINE   on.impl.DaemonCodeAnalyzerImpl - Stopping process: toRestart:true; myDisposed:false; reason: 'Write action finish: class java.lang.Object' 
    18:31:24,525 FINE   on.impl.DaemonCodeAnalyzerImpl - Rescheduling highlighting: isDone: false 
    18:31:24,525 FINE   on.impl.DaemonCodeAnalyzerImpl - Stopping process: toRestart:true; myDisposed:false; reason: 'Command finish' 
    18:31:24,526 FINE   on.impl.DaemonCodeAnalyzerImpl - Rescheduling highlighting: isDone: false 
    18:31:24,526 FINE   .intellij.openapi.command.impl - finishCommand: name = Undefined, groupId = null 
    18:31:24,526 FINE   i.vfs.newvfs.AsyncEventSupport - Processing [VfsEvent[update: /src/usage_inheritance.lua, oldTimestamp:13, newTimestamp:-1, oldModificationStamp:12, newModificationStamp:16, oldLength:7, newLength:7]] 
    18:31:24,527 FINE   fs.impl.VirtualFileManagerImpl - beforeContentsChange: file = temp:///src/usage_inheritance.lua, requestor = temp:///src/usage_inheritance.lua 
    18:31:24,528 FINE   tellij.psi.impl.PsiManagerImpl - beforeChildrenChange: parent = net.internetisalie.lunar.lang.psi.LuaFile 
    18:31:24,528 FINE   tellij.psi.impl.PsiManagerImpl - beforeChildrenChange: parent = net.internetisalie.lunar.lang.psi.LuaFile 
    18:31:24,528 FINE   tellij.psi.impl.PsiManagerImpl - childrenChanged: parent = net.internetisalie.lunar.lang.psi.LuaFile 
    18:31:24,528 FINE   tellij.psi.impl.PsiManagerImpl - childrenChanged: parent = net.internetisalie.lunar.lang.psi.LuaFile 
    18:31:24,528 FINE   on.impl.DaemonCodeAnalyzerImpl - Stopping process: toRestart:true; myDisposed:false; reason: 'Write action finish: class java.lang.Object' 
    18:31:24,528 FINE   on.impl.DaemonCodeAnalyzerImpl - Rescheduling highlighting: isDone: false 
    18:31:24,528 FINE   fs.impl.VirtualFileManagerImpl - contentsChanged: file = temp:///src/usage_inheritance.lua, requestor = temp:///src/usage_inheritance.lua 
    18:31:24,528 FINE   pl.PushedFilePropertiesUpdater - 1 file(s) changed 
    18:31:24,528 FINE   pl.PushedFilePropertiesUpdater - File changed: /src/usage_inheritance.lua. 
    requestor:temp:///src/usage_inheritance.lua 
    event:VfsEvent[update: /src/usage_inheritance.lua, oldTimestamp:13, newTimestamp:-1, oldModificationStamp:12, newModificationStamp:16, oldLength:7, newLength:7] 
    18:31:24,529 FINE   on.impl.DaemonCodeAnalyzerImpl - Stopping process: toRestart:true; myDisposed:false; reason: 'Write action finish: class java.lang.Object' 
    18:31:24,529 FINE   on.impl.DaemonCodeAnalyzerImpl - Rescheduling highlighting: isDone: false 
    18:31:24,589 INFO   om.intellij.ui.scale.JBUIScale - System scale factor: 2.0 (JRE-managed HiDPI) 
    18:31:24,711 FINE   colors.impl.ValueElementReader - short color value: 0 
    18:31:24,712 FINE   colors.impl.ValueElementReader - empty attribute: value 
    18:31:24,712 FINE   colors.impl.ValueElementReader - empty attribute: value 
    18:31:24,712 FINE   colors.impl.ValueElementReader - short color value: 000 
    18:31:24,713 FINE   colors.impl.ValueElementReader - short color value: 000 
    18:31:24,713 FINE   colors.impl.ValueElementReader - short color value: 0 
    18:31:24,713 FINE   colors.impl.ValueElementReader - short color value: 80 
    18:31:24,713 FINE   colors.impl.ValueElementReader - short color value: ff 
    18:31:24,714 FINE   colors.impl.ValueElementReader - short color value: ff 
    18:31:24,714 FINE   colors.impl.ValueElementReader - short color value: ff 
    18:31:24,715 FINE   colors.impl.ValueElementReader - short color value: 0 
    18:31:24,715 FINE   colors.impl.ValueElementReader - short color value: 80 
    18:31:24,715 FINE   colors.impl.ValueElementReader - short color value: 6666 
    18:31:24,715 FINE   colors.impl.ValueElementReader - short color value: ff 
    18:31:24,715 FINE   colors.impl.ValueElementReader - short color value: 8000 
    18:31:24,715 FINE   colors.impl.ValueElementReader - short color value: 80 
    18:31:24,715 FINE   colors.impl.ValueElementReader - short color value: 8000 
    18:31:24,715 FINE   colors.impl.ValueElementReader - short color value: 0 
    18:31:24,716 FINE   colors.impl.ValueElementReader - short color value: 0 
    18:31:24,716 FINE   colors.impl.ValueElementReader - short color value: 0 
    18:31:24,716 FINE   colors.impl.ValueElementReader - short color value: F5ED4 
    18:31:24,716 FINE   colors.impl.ValueElementReader - short color value: 7A80 
    18:31:24,716 FINE   colors.impl.ValueElementReader - short color value: AA5AB 
    18:31:24,716 FINE   colors.impl.ValueElementReader - short color value: 9DFF 
    18:31:24,717 FINE   colors.impl.ValueElementReader - short color value: 80 
    18:31:24,717 FINE   colors.impl.ValueElementReader - empty attribute: value 
    18:31:24,717 FINE   colors.impl.ValueElementReader - empty attribute: value 
    18:31:24,717 FINE   colors.impl.ValueElementReader - empty attribute: value 
    18:31:24,718 FINE   colors.impl.ValueElementReader - short color value: 0 
    18:31:24,718 FINE   colors.impl.ValueElementReader - short color value: 8576 
    18:31:24,718 FINE   colors.impl.ValueElementReader - short color value: f9795 
    18:31:24,722 FINE   rationStore.ComponentStoreImpl - processPendingCurrentSchemeName: newScheme=Default, currentPendingSchemeName=null 
    18:31:24,722 FINE   rationStore.ComponentStoreImpl - processPendingCurrentSchemeName: newScheme=Darcula, currentPendingSchemeName=null 
    18:31:24,722 FINE   rationStore.ComponentStoreImpl - processPendingCurrentSchemeName: newScheme=Empty, currentPendingSchemeName=null 
    18:31:24,725 FINE   lors.impl.AbstractColorsScheme - setUseAppFontPreferencesInEditor in Default 
    18:31:24,726 FINE   lors.impl.AbstractColorsScheme - Copying scheme Default to empty newScheme. Delegate info: Console: true Editor: true 
    18:31:24,726 FINE   lors.impl.AbstractColorsScheme - setUseAppFontPreferencesInEditor in Darcula 
    18:31:24,726 FINE   lors.impl.AbstractColorsScheme - Copying scheme Darcula to empty newScheme. Delegate info: Console: true Editor: true 
    18:31:24,726 FINE   rationStore.ComponentStoreImpl - processPendingCurrentSchemeName: newScheme=_@user_Default, currentPendingSchemeName=null 
    18:31:24,726 FINE   rationStore.ComponentStoreImpl - processPendingCurrentSchemeName: newScheme=_@user_Darcula, currentPendingSchemeName=null 
    18:31:24,728 FINE   rationStore.ComponentStoreImpl - setCurrent: scheme=_@user_Default 
    18:31:24,728 FINE   rationStore.ComponentStoreImpl - Scheme has been changed. Current stacktrace 	at java.base/java.lang.Thread.getStackTrace(Thread.java:2193) 
    	at com.intellij.configurationStore.schemeManager.SchemeManagerBase.setCurrent(SchemeManagerBase.kt:40) 
    	at com.intellij.configurationStore.schemeManager.SchemeManagerBase.setCurrent(SchemeManagerBase.kt:11) 
    	at com.intellij.openapi.options.SchemeManager.setCurrent$default(SchemeManager.kt:51) 
    	at com.intellij.openapi.editor.colors.impl.EditorColorsManagerImpl.noStateLoaded(EditorColorsManagerImpl.kt:512) 
    	at com.intellij.configurationStore.ComponentStoreImpl.initComponent$lambda$4(ComponentStoreImpl.kt:214) 
    	at com.intellij.configurationStore.ComponentStoreImpl$initComponent$nonCancelableInvocator$2.invokeSuspend(ComponentStoreImpl.kt:162) 
    	at com.intellij.configurationStore.ComponentStoreImpl$initComponent$nonCancelableInvocator$2.invoke(ComponentStoreImpl.kt) 
    	at com.intellij.configurationStore.ComponentStoreImpl$initComponent$nonCancelableInvocator$2.invoke(ComponentStoreImpl.kt) 
    	at com.intellij.configurationStore.ComponentStoreImpl.initComponent$suspendImpl(ComponentStoreImpl.kt:213) 
    	at com.intellij.configurationStore.ComponentStoreImpl.initComponent(ComponentStoreImpl.kt) 
    	at com.intellij.configurationStore.ComponentStoreWithExtraComponents.initComponent(ComponentStoreWithExtraComponents.kt:48) 
    	at com.intellij.serviceContainer.ServiceInstanceInitializerKt.initializeService(ServiceInstanceInitializer.kt:157) 
    	at com.intellij.serviceContainer.ServiceInstanceInitializerKt.access$initializeService(ServiceInstanceInitializer.kt:1) 
    	at com.intellij.serviceContainer.ServiceInstanceInitializer.createInstance$suspendImpl(ServiceInstanceInitializer.kt:75) 
    	at com.intellij.serviceContainer.ServiceInstanceInitializer.createInstance(ServiceInstanceInitializer.kt) 
    	at com.intellij.platform.instanceContainer.internal.LazyInstanceHolder$initialize$1$1.invokeSuspend(LazyInstanceHolder.kt:181) 
    	at com.intellij.platform.instanceContainer.internal.LazyInstanceHolder$initialize$1$1.invoke(LazyInstanceHolder.kt) 
    	at com.intellij.platform.instanceContainer.internal.LazyInstanceHolder$initialize$1$1.invoke(LazyInstanceHolder.kt) 
    	at kotlinx.coroutines.intrinsics.UndispatchedKt.startUndspatched(Undispatched.kt:67) 
    	at kotlinx.coroutines.intrinsics.UndispatchedKt.startUndispatchedOrReturn(Undispatched.kt:43) 
    	at kotlinx.coroutines.BuildersKt__Builders_commonKt.withContext(Builders.common.kt:165) 
    	at kotlinx.coroutines.BuildersKt.withContext(Unknown Source) 
    	at com.intellij.platform.instanceContainer.internal.LazyInstanceHolder$initialize$1.invokeSuspend(LazyInstanceHolder.kt:179) 
    	at com.intellij.platform.instanceContainer.internal.LazyInstanceHolder$initialize$1.invoke(LazyInstanceHolder.kt) 
    	at com.intellij.platform.instanceContainer.internal.LazyInstanceHolder$initialize$1.invoke(LazyInstanceHolder.kt) 
    	at kotlinx.coroutines.intrinsics.UndispatchedKt.startCoroutineUndispatched(Undispatched.kt:20) 
    	at kotlinx.coroutines.CoroutineStart.invoke(CoroutineStart.kt:360) 
    	at kotlinx.coroutines.AbstractCoroutine.start(AbstractCoroutine.kt:134) 
    	at kotlinx.coroutines.BuildersKt__Builders_commonKt.launch(Builders.common.kt:53) 
    	at kotlinx.coroutines.BuildersKt.launch(Unknown Source) 
    	at com.intellij.platform.instanceContainer.internal.LazyInstanceHolder.initialize(LazyInstanceHolder.kt:164) 
    	at com.intellij.platform.instanceContainer.internal.LazyInstanceHolder.access$initialize(LazyInstanceHolder.kt:29) 
    	at com.intellij.platform.instanceContainer.internal.LazyInstanceHolder.tryInitialize(LazyInstanceHolder.kt:154) 
    	at com.intellij.platform.instanceContainer.internal.LazyInstanceHolder.getInstance(LazyInstanceHolder.kt:112) 
    	at com.intellij.platform.instanceContainer.internal.LazyInstanceHolder.getInstanceInCallerContext$suspendImpl(LazyInstanceHolder.kt:104) 
    	at com.intellij.platform.instanceContainer.internal.LazyInstanceHolder.getInstanceInCallerContext(LazyInstanceHolder.kt) 
    	at com.intellij.serviceContainer.ComponentManagerImplKt$doGetOrCreateInstanceBlocking$1.invokeSuspend(ComponentManagerImpl.kt:1698) 
    	at kotlin.coroutines.jvm.internal.BaseContinuationImpl.resumeWith(ContinuationImpl.kt:34) 
    	at kotlinx.coroutines.DispatchedTask.run(DispatchedTask.kt:100) 
    	at kotlinx.coroutines.EventLoopImplBase.processNextEvent(EventLoop.common.kt:263) 
    	at kotlinx.coroutines.BlockingCoroutine.joinBlocking(Builders.kt:112) 
    	at kotlinx.coroutines.BuildersKt__BuildersKt.runBlocking$BuildersKt__BuildersKt(Builders.kt:87) 
    	at kotlinx.coroutines.BuildersKt__BuildersKt.runBlockingWithParallelismCompensation(Builders.kt:63) 
    	at kotlinx.coroutines.BuildersKt.runBlockingWithParallelismCompensation(Unknown Source) 
    	at kotlinx.coroutines.internal.intellij.IntellijCoroutines.runBlockingWithParallelismCompensation(intellij.kt:48) 
    	at com.intellij.util.IntelliJCoroutinesFacade.runBlockingWithParallelismCompensation(IntelliJCoroutinesFacade.kt:35) 
    	at com.intellij.serviceContainer.ComponentManagerImplKt.runBlockingInitialization$lambda$0(ComponentManagerImpl.kt:1829) 
    	at com.intellij.openapi.progress.ContextKt.prepareThreadContext$lambda$0(context.kt:93) 
    	at com.intellij.concurrency.ThreadContext.resetThreadContext(threadContext.kt:294) 
    	at com.intellij.openapi.progress.ContextKt.prepareThreadContext(context.kt:92) 
    	at com.intellij.serviceContainer.ComponentManagerImplKt.runBlockingInitialization(ComponentManagerImpl.kt:1814) 
    	at com.intellij.serviceContainer.ComponentManagerImplKt.doGetOrCreateInstanceBlocking(ComponentManagerImpl.kt:1697) 
    	at com.intellij.serviceContainer.ComponentManagerImplKt.getOrCreateInstanceBlocking(ComponentManagerImpl.kt:1686) 
    	at com.intellij.serviceContainer.ComponentManagerImpl.doGetService(ComponentManagerImpl.kt:803) 
    	at com.intellij.serviceContainer.ComponentManagerImpl.getService(ComponentManagerImpl.kt:741) 
    	at com.intellij.openapi.editor.colors.EditorColorsManager.getInstance(EditorColorsManager.java:33) 
    	at com.intellij.openapi.editor.impl.EditorColorSchemeDelegate.<init>(EditorColorSchemeDelegate.java:90) 
    	at com.intellij.openapi.editor.impl.EditorImpl.createBoundColorSchemeDelegate(EditorImpl.java:1025) 
    	at com.intellij.openapi.editor.impl.EditorImpl.<init>(EditorImpl.java:556) 
    	at com.intellij.openapi.editor.impl.EditorFactoryImpl.doCreateEditor(EditorFactoryImpl.kt:224) 
    	at com.intellij.openapi.editor.impl.EditorFactoryImpl.createEditor(EditorFactoryImpl.kt:191) 
    	at com.intellij.openapi.editor.impl.EditorFactoryImpl.createEditor(EditorFactoryImpl.kt:156) 
    	at com.intellij.openapi.fileEditor.impl.TestEditorManagerImpl.doOpenTextEditor(TestEditorManagerImpl.kt:476) 
    	at com.intellij.openapi.fileEditor.impl.TestEditorManagerImpl.openFileImpl3(TestEditorManagerImpl.kt:160) 
    	at com.intellij.openapi.fileEditor.impl.TestEditorManagerImpl.doOpenFile(TestEditorManagerImpl.kt:458) 
    	at com.intellij.openapi.fileEditor.impl.TestEditorManagerImpl.openTextEditor(TestEditorManagerImpl.kt:449) 
    	at com.intellij.testFramework.fixtures.impl.CodeInsightTestFixtureImpl.createEditor(CodeInsightTestFixtureImpl.java:1851) 
    	at com.intellij.testFramework.fixtures.impl.CodeInsightTestFixtureImpl.createAndSetEditor(CodeInsightTestFixtureImpl.java:312) 
    	at com.intellij.testFramework.fixtures.impl.CodeInsightTestFixtureImpl.lambda$configureInner$65(CodeInsightTestFixtureImpl.java:1793) 
    	at com.intellij.openapi.application.impl.AppImplKt$runnableUnitFunction$1.invoke(appImpl.kt:124) 
    	at com.intellij.openapi.application.impl.AppImplKt$runnableUnitFunction$1.invoke(appImpl.kt:124) 
    	at com.intellij.platform.locking.impl.NestedLocksThreadingSupport.runWriteIntentReadAction(NestedLocksThreadingSupport.kt:705) 
    	at com.intellij.openapi.application.impl.ApplicationImpl.runIntendedWriteActionOnCurrentThread(ApplicationImpl.java:1094) 
    	at com.intellij.openapi.application.impl.ApplicationImpl.doInvokeAndWait(ApplicationImpl.java:599) 
    	at com.intellij.openapi.application.impl.ApplicationImpl.invokeAndWait(ApplicationImpl.java:593) 
    	at com.intellij.openapi.application.impl.ApplicationImpl.invokeAndWait(ApplicationImpl.java:667) 
    	at com.intellij.testFramework.fixtures.impl.CodeInsightTestFixtureImpl.configureInner(CodeInsightTestFixtureImpl.java:1753) 
    	at com.intellij.testFramework.fixtures.impl.CodeInsightTestFixtureImpl.configureByText(CodeInsightTestFixtureImpl.java:1675) 
    	at net.internetisalie.lunar.lang.TestLuaTypeResolution.testInheritanceResolution(TestLuaTypeResolution.kt:69) 
    	at java.base/jdk.internal.reflect.DirectMethodHandleAccessor.invoke(DirectMethodHandleAccessor.java:104) 
    	at java.base/java.lang.reflect.Method.invoke(Method.java:565) 
    	at org.junit.runners.model.FrameworkMethod$1.runReflectiveCall(FrameworkMethod.java:59) 
    	at org.junit.internal.runners.model.ReflectiveCallable.run(ReflectiveCallable.java:12) 
    	at org.junit.runners.model.FrameworkMethod.invokeExplosively(FrameworkMethod.java:56) 
    	at org.junit.internal.runners.statements.InvokeMethod.evaluate(InvokeMethod.java:17) 
    	at com.intellij.testFramework.TestLoggerKt$recordErrorsLoggedInTheCurrentThreadAndReportThemAsFailures$2.invoke(testLogger.kt:99) 
    	at com.intellij.testFramework.TestLoggerKt$recordErrorsLoggedInTheCurrentThreadAndReportThemAsFailures$2.invoke(testLogger.kt:99) 
    	at com.intellij.testFramework.TestLoggerKt.recordErrorsLoggedInTheCurrentThreadAndReportThemAsFailures(testLogger.kt:81) 
    	at com.intellij.testFramework.TestLoggerKt.recordErrorsLoggedInTheCurrentThreadAndReportThemAsFailures(testLogger.kt:99) 
    	at com.intellij.testFramework.UsefulTestCase.lambda$wrapTestRunnable$15(UsefulTestCase.java:561) 
    	at com.intellij.testFramework.UsefulTestCase.runTestRunnable(UsefulTestCase.java:454) 
    	at com.intellij.testFramework.fixtures.BasePlatformTestCase.runTestRunnable(BasePlatformTestCase.java:117) 
    	at com.intellij.testFramework.UsefulTestCase.defaultRunBare(UsefulTestCase.java:470) 
    	at com.intellij.testFramework.UsefulTestCase.lambda$runBare$13(UsefulTestCase.java:543) 
    	at com.intellij.openapi.application.impl.AppImplKt$rethrowCheckedExceptions$1.invoke(appImpl.kt:125) 
    	at com.intellij.openapi.application.impl.AppImplKt$rethrowCheckedExceptions$1.invoke(appImpl.kt:125) 
    	at com.intellij.platform.locking.impl.NestedLocksThreadingSupport.runWriteIntentReadAction(NestedLocksThreadingSupport.kt:705) 
    	at com.intellij.testFramework.EdtTestUtil.lambda$runInEdtAndWait$2(EdtTestUtil.java:79) 
    	at com.intellij.util.concurrency.ChildContext$runInChildContext$1.invoke(propagation.kt:192) 
    	at com.intellij.util.concurrency.ChildContext$runInChildContext$1.invoke(propagation.kt:192) 
    	at com.intellij.util.concurrency.ChildContext.runInChildContext(propagation.kt:198) 
    	at com.intellij.util.concurrency.ChildContext.runInChildContext(propagation.kt:192) 
    	at com.intellij.util.concurrency.ContextRunnable.lambda$run$0(ContextRunnable.java:26) 
    	at com.intellij.concurrency.ThreadContext.resetThreadContext(threadContext.kt:294) 
    	at com.intellij.util.concurrency.ContextRunnable.run(ContextRunnable.java:25) 
    	at java.desktop/java.awt.event.InvocationEvent.dispatch(InvocationEvent.java:313) 
    	at java.desktop/java.awt.EventQueue.dispatchEventImpl(EventQueue.java:732) 
    	at java.desktop/java.awt.EventQueue.dispatchEvent(EventQueue.java:711) 
    	at com.intellij.ide.IdeEventQueue.dispatchEvent(IdeEventQueue.kt:344) 
    	at java.desktop/java.awt.EventDispatchThread.pumpOneEventForFilters(EventDispatchThread.java:207) 
    	at java.desktop/java.awt.EventDispatchThread.pumpEventsForFilter(EventDispatchThread.java:128) 
    	at java.desktop/java.awt.EventDispatchThread.pumpEventsForHierarchy(EventDispatchThread.java:117) 
    	at java.desktop/java.awt.EventDispatchThread.pumpEvents(EventDispatchThread.java:113) 
    	at java.desktop/java.awt.EventDispatchThread.pumpEvents(EventDispatchThread.java:105) 
    	at java.desktop/java.awt.EventDispatchThread.run(EventDispatchThread.java:92) 
     
    18:31:24,948 FINE      #com.intellij.DynamicBundle - No bundles found in: localization//messages/EditorBundle 
    18:31:24,983 FINE      #com.intellij.DynamicBundle - No bundles found in: localization//messages/DaemonBundle 
    18:31:25,261 FINE   openapi.editor.impl.EditorImpl - Creating editor view of type UNTYPED. 
    Current font size: 13 
    Scaled font size: 13.000000 
    18:31:25,261 FINE   impl.EditorColorSchemeDelegate - Font size overridden for EditorImpl[temp:///src/usage_inheritance.lua] 
    java.lang.Throwable 
    	at com.intellij.openapi.editor.impl.EditorColorSchemeDelegate.setEditorFontSize(EditorColorSchemeDelegate.java:180) 
    	at com.intellij.openapi.editor.impl.EditorImpl.<init>(EditorImpl.java:671) 
    	at com.intellij.openapi.editor.impl.EditorFactoryImpl.doCreateEditor(EditorFactoryImpl.kt:224) 
    	at com.intellij.openapi.editor.impl.EditorFactoryImpl.createEditor(EditorFactoryImpl.kt:191) 
    	at com.intellij.openapi.editor.impl.EditorFactoryImpl.createEditor(EditorFactoryImpl.kt:156) 
    	at com.intellij.openapi.fileEditor.impl.TestEditorManagerImpl.doOpenTextEditor(TestEditorManagerImpl.kt:476) 
    	at com.intellij.openapi.fileEditor.impl.TestEditorManagerImpl.openFileImpl3(TestEditorManagerImpl.kt:160) 
    	at com.intellij.openapi.fileEditor.impl.TestEditorManagerImpl.doOpenFile(TestEditorManagerImpl.kt:458) 
    	at com.intellij.openapi.fileEditor.impl.TestEditorManagerImpl.openTextEditor(TestEditorManagerImpl.kt:449) 
    	at com.intellij.testFramework.fixtures.impl.CodeInsightTestFixtureImpl.createEditor(CodeInsightTestFixtureImpl.java:1851) 
    	at com.intellij.testFramework.fixtures.impl.CodeInsightTestFixtureImpl.createAndSetEditor(CodeInsightTestFixtureImpl.java:312) 
    	at com.intellij.testFramework.fixtures.impl.CodeInsightTestFixtureImpl.lambda$configureInner$65(CodeInsightTestFixtureImpl.java:1793) 
    	at com.intellij.openapi.application.impl.AppImplKt$runnableUnitFunction$1.invoke(appImpl.kt:124) 
    	at com.intellij.openapi.application.impl.AppImplKt$runnableUnitFunction$1.invoke(appImpl.kt:124) 
    	at com.intellij.platform.locking.impl.NestedLocksThreadingSupport.runWriteIntentReadAction(NestedLocksThreadingSupport.kt:705) 
    	at com.intellij.openapi.application.impl.ApplicationImpl.runIntendedWriteActionOnCurrentThread(ApplicationImpl.java:1094) 
    	at com.intellij.openapi.application.impl.ApplicationImpl.doInvokeAndWait(ApplicationImpl.java:599) 
    	at com.intellij.openapi.application.impl.ApplicationImpl.invokeAndWait(ApplicationImpl.java:593) 
    	at com.intellij.openapi.application.impl.ApplicationImpl.invokeAndWait(ApplicationImpl.java:667) 
    	at com.intellij.testFramework.fixtures.impl.CodeInsightTestFixtureImpl.configureInner(CodeInsightTestFixtureImpl.java:1753) 
    	at com.intellij.testFramework.fixtures.impl.CodeInsightTestFixtureImpl.configureByText(CodeInsightTestFixtureImpl.java:1675) 
    	at net.internetisalie.lunar.lang.TestLuaTypeResolution.testInheritanceResolution(TestLuaTypeResolution.kt:69) 
    	at java.base/jdk.internal.reflect.DirectMethodHandleAccessor.invoke(DirectMethodHandleAccessor.java:104) 
    	at java.base/java.lang.reflect.Method.invoke(Method.java:565) 
    	at org.junit.runners.model.FrameworkMethod$1.runReflectiveCall(FrameworkMethod.java:59) 
    	at org.junit.internal.runners.model.ReflectiveCallable.run(ReflectiveCallable.java:12) 
    	at org.junit.runners.model.FrameworkMethod.invokeExplosively(FrameworkMethod.java:56) 
    	at org.junit.internal.runners.statements.InvokeMethod.evaluate(InvokeMethod.java:17) 
    	at com.intellij.testFramework.TestLoggerKt$recordErrorsLoggedInTheCurrentThreadAndReportThemAsFailures$2.invoke(testLogger.kt:99) 
    	at com.intellij.testFramework.TestLoggerKt$recordErrorsLoggedInTheCurrentThreadAndReportThemAsFailures$2.invoke(testLogger.kt:99) 
    	at com.intellij.testFramework.TestLoggerKt.recordErrorsLoggedInTheCurrentThreadAndReportThemAsFailures(testLogger.kt:81) 
    	at com.intellij.testFramework.TestLoggerKt.recordErrorsLoggedInTheCurrentThreadAndReportThemAsFailures(testLogger.kt:99) 
    	at com.intellij.testFramework.UsefulTestCase.lambda$wrapTestRunnable$15(UsefulTestCase.java:561) 
    	at com.intellij.testFramework.UsefulTestCase.runTestRunnable(UsefulTestCase.java:454) 
    	at com.intellij.testFramework.fixtures.BasePlatformTestCase.runTestRunnable(BasePlatformTestCase.java:117) 
    	at com.intellij.testFramework.UsefulTestCase.defaultRunBare(UsefulTestCase.java:470) 
    	at com.intellij.testFramework.UsefulTestCase.lambda$runBare$13(UsefulTestCase.java:543) 
    	at com.intellij.openapi.application.impl.AppImplKt$rethrowCheckedExceptions$1.invoke(appImpl.kt:125) 
    	at com.intellij.openapi.application.impl.AppImplKt$rethrowCheckedExceptions$1.invoke(appImpl.kt:125) 
    	at com.intellij.platform.locking.impl.NestedLocksThreadingSupport.runWriteIntentReadAction(NestedLocksThreadingSupport.kt:705) 
    	at com.intellij.testFramework.EdtTestUtil.lambda$runInEdtAndWait$2(EdtTestUtil.java:79) 
    	at com.intellij.util.concurrency.ChildContext$runInChildContext$1.invoke(propagation.kt:192) 
    	at com.intellij.util.concurrency.ChildContext$runInChildContext$1.invoke(propagation.kt:192) 
    	at com.intellij.util.concurrency.ChildContext.runInChildContext(propagation.kt:198) 
    	at com.intellij.util.concurrency.ChildContext.runInChildContext(propagation.kt:192) 
    	at com.intellij.util.concurrency.ContextRunnable.lambda$run$0(ContextRunnable.java:26) 
    	at com.intellij.concurrency.ThreadContext.resetThreadContext(threadContext.kt:294) 
    	at com.intellij.util.concurrency.ContextRunnable.run(ContextRunnable.java:25) 
    	at java.desktop/java.awt.event.InvocationEvent.dispatch(InvocationEvent.java:313) 
    	at java.desktop/java.awt.EventQueue.dispatchEventImpl(EventQueue.java:732) 
    	at java.desktop/java.awt.EventQueue.dispatchEvent(EventQueue.java:711) 
    	at com.intellij.ide.IdeEventQueue.dispatchEvent(IdeEventQueue.kt:344) 
    	at java.desktop/java.awt.EventDispatchThread.pumpOneEventForFilters(EventDispatchThread.java:207) 
    	at java.desktop/java.awt.EventDispatchThread.pumpEventsForFilter(EventDispatchThread.java:128) 
    	at java.desktop/java.awt.EventDispatchThread.pumpEventsForHierarchy(EventDispatchThread.java:117) 
    	at java.desktop/java.awt.EventDispatchThread.pumpEvents(EventDispatchThread.java:113) 
    	at java.desktop/java.awt.EventDispatchThread.pumpEvents(EventDispatchThread.java:105) 
    	at java.desktop/java.awt.EventDispatchThread.run(EventDispatchThread.java:92) 
     
    18:31:25,291 FINE   pi.editor.impl.view.LineLayout - Text layout for null (0-7) 
    18:31:25,429 FINE   .editor.impl.EditorFactoryImpl - number of editors after create: 1 
    18:31:25,434 INFO   .ide.bookmark.BookmarksManager - no state loaded for new bookmarks 
    18:31:25,440 INFO   .ide.bookmarks.BookmarkManager - no state loaded for old bookmarks 
    18:31:25,448 INFO   ritesTreeView.FavoritesManager - no state loaded for old favorites 
    18:31:25,453 FINE   com.intellij.util.xmlb.Binding - No accessors for net.internetisalie.lunar.lang.insight.LuaBreadcrumbsProvider. This means that state class cannot be serialized properly. Please see https://jb.gg/ij-psoc 
    18:31:25,461 FINE   enapi.editor.impl.SettingsImpl - reinitDocumentIndentOptions, file usage_inheritance.lua 
    18:31:25,463 FINE   pi.editor.impl.view.LineLayout - Text layout for null (0-7) 
    18:31:25,471 FINE   enapi.editor.impl.SettingsImpl - reinitDocumentIndentOptions, file usage_inheritance.lua 
    18:31:25,472 FINE   pi.editor.impl.view.LineLayout - Text layout for temp:///src/usage_inheritance.lua (0-7) 
    18:31:25,510 FINE   on.impl.DaemonCodeAnalyzerImpl - Stopping process: toRestart:true; myDisposed:false; reason: 'CodeInsightTestFixtureImpl.createEditor' 
    18:31:25,510 FINE   on.impl.DaemonCodeAnalyzerImpl - Rescheduling highlighting: isDone: false 
    18:31:25,532 FINE   llij.testFramework.IndexWaiter - waitUntilFinished, thread=Thread[#52,AWT-EventQueue-0,6,InnocuousThreadGroup], WA=false 
    18:31:25,532 FINE   llij.testFramework.IndexWaiter - waitNow, thread=Thread[#52,AWT-EventQueue-0,6,InnocuousThreadGroup] 
    18:31:25,553 FINE   ij.psi.impl.source.PsiFileImpl - Loaded text for file /src/usage_inheritance.lua 
    18:31:25,649 FINE   g.events.ChangedFilesCollector - Processing [file: 4631, operation: {CONTENT_CHANGE ADD }] 
    18:31:25,658 FINE   i.search.FileTypeIndexImplBase - Filetype is not cached for fileTypeId=2 
    18:31:25,660 FINE   g.events.ChangedFilesCollector - Processing [file: 4632, operation: {TRANSIENT_STATE_CHANGE CONTENT_CHANGE ADD }] 
    18:31:25,661 FINE   g.events.ChangedFilesCollector - Processing [file: 4633, operation: {TRANSIENT_STATE_CHANGE CONTENT_CHANGE ADD }] 
    18:31:25,664 FINE   il.indexing.FileBasedIndexImpl - Indexing the following files because up-to-date indexes were requested by <see the stacktrace>. Number of files: 3 paths: /src/base.lua, /src/sub.lua, /src/usage_inheritance.lua 
    java.lang.Throwable 
    	at com.intellij.util.indexing.FileBasedIndexImpl.forceUpdate(FileBasedIndexImpl.java:1874) 
    	at com.intellij.util.indexing.FileBasedIndexImpl.ensureUpToDate(FileBasedIndexImpl.java:936) 
    	at com.intellij.psi.stubs.StubIndexEx.getContainingIds(StubIndexEx.java:388) 
    	at com.intellij.psi.stubs.StubIndexEx.processElements(StubIndexEx.java:204) 
    	at com.intellij.psi.stubs.StubIndex.getElements(StubIndex.java:109) 
    	at com.intellij.psi.stubs.StubIndex.getElements(StubIndex.java:98) 
    	at net.internetisalie.lunar.lang.psi.types.LuaTypeManagerImpl.doResolveType(LuaTypeManagerImpl.kt:30) 
    	at net.internetisalie.lunar.lang.psi.types.LuaTypeManagerImpl.resolveType(LuaTypeManagerImpl.kt:18) 
    	at net.internetisalie.lunar.lang.TestLuaTypeResolution.testInheritanceResolution(TestLuaTypeResolution.kt:70) 
    	at java.base/jdk.internal.reflect.DirectMethodHandleAccessor.invoke(DirectMethodHandleAccessor.java:104) 
    	at java.base/java.lang.reflect.Method.invoke(Method.java:565) 
    	at org.junit.runners.model.FrameworkMethod$1.runReflectiveCall(FrameworkMethod.java:59) 
    	at org.junit.internal.runners.model.ReflectiveCallable.run(ReflectiveCallable.java:12) 
    	at org.junit.runners.model.FrameworkMethod.invokeExplosively(FrameworkMethod.java:56) 
    	at org.junit.internal.runners.statements.InvokeMethod.evaluate(InvokeMethod.java:17) 
    	at com.intellij.testFramework.TestLoggerKt$recordErrorsLoggedInTheCurrentThreadAndReportThemAsFailures$2.invoke(testLogger.kt:99) 
    	at com.intellij.testFramework.TestLoggerKt$recordErrorsLoggedInTheCurrentThreadAndReportThemAsFailures$2.invoke(testLogger.kt:99) 
    	at com.intellij.testFramework.TestLoggerKt.recordErrorsLoggedInTheCurrentThreadAndReportThemAsFailures(testLogger.kt:81) 
    	at com.intellij.testFramework.TestLoggerKt.recordErrorsLoggedInTheCurrentThreadAndReportThemAsFailures(testLogger.kt:99) 
    	at com.intellij.testFramework.UsefulTestCase.lambda$wrapTestRunnable$15(UsefulTestCase.java:561) 
    	at com.intellij.testFramework.UsefulTestCase.runTestRunnable(UsefulTestCase.java:454) 
    	at com.intellij.testFramework.fixtures.BasePlatformTestCase.runTestRunnable(BasePlatformTestCase.java:117) 
    	at com.intellij.testFramework.UsefulTestCase.defaultRunBare(UsefulTestCase.java:470) 
    	at com.intellij.testFramework.UsefulTestCase.lambda$runBare$13(UsefulTestCase.java:543) 
    	at com.intellij.openapi.application.impl.AppImplKt$rethrowCheckedExceptions$1.invoke(appImpl.kt:125) 
    	at com.intellij.openapi.application.impl.AppImplKt$rethrowCheckedExceptions$1.invoke(appImpl.kt:125) 
    	at com.intellij.platform.locking.impl.NestedLocksThreadingSupport.runWriteIntentReadAction(NestedLocksThreadingSupport.kt:705) 
    	at com.intellij.testFramework.EdtTestUtil.lambda$runInEdtAndWait$2(EdtTestUtil.java:79) 
    	at com.intellij.util.concurrency.ChildContext$runInChildContext$1.invoke(propagation.kt:192) 
    	at com.intellij.util.concurrency.ChildContext$runInChildContext$1.invoke(propagation.kt:192) 
    	at com.intellij.util.concurrency.ChildContext.runInChildContext(propagation.kt:198) 
    	at com.intellij.util.concurrency.ChildContext.runInChildContext(propagation.kt:192) 
    	at com.intellij.util.concurrency.ContextRunnable.lambda$run$0(ContextRunnable.java:26) 
    	at com.intellij.concurrency.ThreadContext.resetThreadContext(threadContext.kt:294) 
    	at com.intellij.util.concurrency.ContextRunnable.run(ContextRunnable.java:25) 
    	at java.desktop/java.awt.event.InvocationEvent.dispatch(InvocationEvent.java:313) 
    	at java.desktop/java.awt.EventQueue.dispatchEventImpl(EventQueue.java:732) 
    	at java.desktop/java.awt.EventQueue.dispatchEvent(EventQueue.java:711) 
    	at com.intellij.ide.IdeEventQueue.dispatchEvent(IdeEventQueue.kt:344) 
    	at java.desktop/java.awt.EventDispatchThread.pumpOneEventForFilters(EventDispatchThread.java:207) 
    	at java.desktop/java.awt.EventDispatchThread.pumpEventsForFilter(EventDispatchThread.java:128) 
    	at java.desktop/java.awt.EventDispatchThread.pumpEventsForHierarchy(EventDispatchThread.java:117) 
    	at java.desktop/java.awt.EventDispatchThread.pumpEvents(EventDispatchThread.java:113) 
    	at java.desktop/java.awt.EventDispatchThread.pumpEvents(EventDispatchThread.java:105) 
    	at java.desktop/java.awt.EventDispatchThread.run(EventDispatchThread.java:92) 
     
    18:31:25,740 FINE   ij.psi.stubs.StubUpdatingIndex - Stub is built for temp:///src/base.lua, indexing timestamp = 6, binary = false, byte size = 45, char size = 45 
    18:31:25,768 FINE   ij.psi.stubs.StubUpdatingIndex - Stub is built for temp:///src/sub.lua, indexing timestamp = 10, binary = false, byte size = 52, char size = 52 
    18:31:25,790 FINE   ij.psi.stubs.StubUpdatingIndex - Stub is built for temp:///src/usage_inheritance.lua, indexing timestamp = 17, binary = false, byte size = 7, char size = 7 
    18:31:25,827 SEVERE                 #TestFramework - Test failed 
    junit.framework.AssertionFailedError 
    	at junit.framework.Assert.fail(Assert.java:55) 
    	at junit.framework.Assert.assertTrue(Assert.java:22) 
    	at junit.framework.Assert.assertTrue(Assert.java:31) 
    	at junit.framework.TestCase.assertTrue(TestCase.java:200) 
    	at net.internetisalie.lunar.lang.TestLuaTypeResolution.testInheritanceResolution(TestLuaTypeResolution.kt:79) 
    	at java.base/jdk.internal.reflect.DirectMethodHandleAccessor.invoke(DirectMethodHandleAccessor.java:104) 
    	at java.base/java.lang.reflect.Method.invoke(Method.java:565) 
    	at org.junit.runners.model.FrameworkMethod$1.runReflectiveCall(FrameworkMethod.java:59) 
    	at org.junit.internal.runners.model.ReflectiveCallable.run(ReflectiveCallable.java:12) 
    	at org.junit.runners.model.FrameworkMethod.invokeExplosively(FrameworkMethod.java:56) 
    	at org.junit.internal.runners.statements.InvokeMethod.evaluate(InvokeMethod.java:17) 
    	at com.intellij.testFramework.TestLoggerKt$recordErrorsLoggedInTheCurrentThreadAndReportThemAsFailures$2.invoke(testLogger.kt:99) 
    	at com.intellij.testFramework.TestLoggerKt$recordErrorsLoggedInTheCurrentThreadAndReportThemAsFailures$2.invoke(testLogger.kt:99) 
    	at com.intellij.testFramework.TestLoggerKt.recordErrorsLoggedInTheCurrentThreadAndReportThemAsFailures(testLogger.kt:81) 
    	at com.intellij.testFramework.TestLoggerKt.recordErrorsLoggedInTheCurrentThreadAndReportThemAsFailures(testLogger.kt:99) 
    	at com.intellij.testFramework.UsefulTestCase.lambda$wrapTestRunnable$15(UsefulTestCase.java:561) 
    	at com.intellij.testFramework.UsefulTestCase.runTestRunnable(UsefulTestCase.java:454) 
    	at com.intellij.testFramework.fixtures.BasePlatformTestCase.runTestRunnable(BasePlatformTestCase.java:117) 
    	at com.intellij.testFramework.UsefulTestCase.defaultRunBare(UsefulTestCase.java:470) 
    	at com.intellij.testFramework.UsefulTestCase.lambda$runBare$13(UsefulTestCase.java:543) 
    	at com.intellij.openapi.application.impl.AppImplKt$rethrowCheckedExceptions$1.invoke(appImpl.kt:125) 
    	at com.intellij.openapi.application.impl.AppImplKt$rethrowCheckedExceptions$1.invoke(appImpl.kt:125) 
    	at com.intellij.platform.locking.impl.NestedLocksThreadingSupport.runWriteIntentReadAction(NestedLocksThreadingSupport.kt:705) 
    	at com.intellij.testFramework.EdtTestUtil.lambda$runInEdtAndWait$2(EdtTestUtil.java:79) 
    	at com.intellij.util.concurrency.ChildContext$runInChildContext$1.invoke(propagation.kt:192) 
    	at com.intellij.util.concurrency.ChildContext$runInChildContext$1.invoke(propagation.kt:192) 
    	at com.intellij.util.concurrency.ChildContext.runInChildContext(propagation.kt:198) 
    	at com.intellij.util.concurrency.ChildContext.runInChildContext(propagation.kt:192) 
    	at com.intellij.util.concurrency.ContextRunnable.lambda$run$0(ContextRunnable.java:26) 
    	at com.intellij.concurrency.ThreadContext.resetThreadContext(threadContext.kt:294) 
    	at com.intellij.util.concurrency.ContextRunnable.run(ContextRunnable.java:25) 
    	at java.desktop/java.awt.event.InvocationEvent.dispatch(InvocationEvent.java:313) 
    	at java.desktop/java.awt.EventQueue.dispatchEventImpl(EventQueue.java:732) 
    	at java.desktop/java.awt.EventQueue.dispatchEvent(EventQueue.java:711) 
    	at com.intellij.ide.IdeEventQueue.dispatchEvent(IdeEventQueue.kt:344) 
    	at java.desktop/java.awt.EventDispatchThread.pumpOneEventForFilters(EventDispatchThread.java:207) 
    	at java.desktop/java.awt.EventDispatchThread.pumpEventsForFilter(EventDispatchThread.java:128) 
    	at java.desktop/java.awt.EventDispatchThread.pumpEventsForHierarchy(EventDispatchThread.java:117) 
    	at java.desktop/java.awt.EventDispatchThread.pumpEvents(EventDispatchThread.java:113) 
    	at java.desktop/java.awt.EventDispatchThread.pumpEvents(EventDispatchThread.java:105) 
    	at java.desktop/java.awt.EventDispatchThread.run(EventDispatchThread.java:92) 
     


Gradle Test Executor 53 finished executing tests.
[06:31:26]: Canceling supervisor scopes: Shutdown is in progress: either SIGTERM or SIGKILL is caught

> Task :test FAILED

TestLuaTypeResolution > testInheritanceResolution FAILED
    junit.framework.AssertionFailedError
        at junit.framework.Assert.fail(Assert.java:55)
        at junit.framework.Assert.assertTrue(Assert.java:22)
        at junit.framework.Assert.assertTrue(Assert.java:31)
        at junit.framework.TestCase.assertTrue(TestCase.java:200)
        at net.internetisalie.lunar.lang.TestLuaTypeResolution.testInheritanceResolution(TestLuaTypeResolution.kt:79)

TestLuaTypeResolution STANDARD_OUT
    [06:31:26]: Canceling children of 'Test's supervisor scope': Test `testInheritanceResolution` execution is finished

Gradle Test Executor 53 STANDARD_OUT
    [06:31:26]: Canceling children of 'Test class's supervisor scope': Test class `TestLuaTypeResolution` execution is finished
    [06:31:26]: Canceling children of 'Test class's supervisor scope': Test class `JUnit Vintage` execution is finished
    [18:31:26]: INFO - com.intellij.tools.ide.starter.bus.shared.server.LocalEventBusServer - Server stopped
    [06:31:26]: Canceling children of 'Test suite's supervisor scope': Test plan execution is finished

1 test completed, 1 failed
Finished generating test XML results (0.021 secs) into: /home/mini/Documents/src/lua/lunar/build/test-results/test
Generating HTML test report...
Finished generating test html results (0.006 secs) into: /home/mini/Documents/src/lua/lunar/build/reports/tests/test
Build 202adc00-baea-4556-b74d-c0f6e2ead1ce is closed

FAILURE: Build failed with an exception.

* What went wrong:
Execution failed for task ':test'.
> There were failing tests. See the report at: file:///home/mini/Documents/src/lua/lunar/build/reports/tests/test/index.html

* Try:
> Run with --scan to get full insights.

BUILD FAILED in 21s
17 actionable tasks: 4 executed, 13 up-to-date
