commit=cc089e3f65acdd1ef8716cc73a3eca24a6b845e4
files=132
parseErrors=3
requires=3
unresolvedRequires=3
inspection.LuaGlobalCreation=14
inspection.LuaLanguageLevel=17
inspection.LuaReturnTypeMismatch=35
inspection.LuaShadowingVariable=10
inspection.LuaSuspiciousConcatenation=3
inspection.LuaTypeAssignability=290
inspection.LuaUndeclaredVariable=343
inspection.LuaUnreachableCode=1
inspection.LuaUnusedLocal=27
inspection.highlightFailures=42
inspection.unattributed=5
parseErrorFile=spec/samples/compound_operators.lua
parseErrorFile=spec/samples/utf8_error.lua
