commit=cc089e3f65acdd1ef8716cc73a3eca24a6b845e4
files=132
parseErrors=3
requires=152
unresolvedRequires=3
inspection.LuaGlobalCreation=14
inspection.LuaLanguageLevel=17
inspection.LuaReturnTypeMismatch=33
inspection.LuaShadowingVariable=10
inspection.LuaSuspiciousConcatenation=6
inspection.LuaTypeAssignability=378
inspection.LuaUndeclaredVariable=609
inspection.LuaUnreachableCode=1
inspection.LuaUnusedLocal=27
inspection.unattributed=5
symbol.LuaGlobalCreation.bar=5
symbol.LuaGlobalCreation.baz=2
symbol.LuaGlobalCreation.external=1
symbol.LuaGlobalCreation.normal=1
symbol.LuaGlobalCreation.qu=1
symbol.LuaGlobalCreation.quu=1
symbol.LuaGlobalCreation.string2=1
symbol.LuaGlobalCreation.string3=1
symbol.LuaGlobalCreation.this_overrides_code_line_specific_option=1
symbol.LuaShadowingVariable.a=2
symbol.LuaShadowingVariable.f=4
symbol.LuaShadowingVariable.g=2
symbol.LuaShadowingVariable.opt=1
symbol.LuaShadowingVariable.self=1
symbol.LuaSuspiciousConcatenation.nil=2
symbol.LuaSuspiciousConcatenation.{ ... }=4
symbol.LuaUndeclaredVariable.a=2
symbol.LuaUndeclaredVariable.b=2
symbol.LuaUndeclaredVariable.before_each=2
symbol.LuaUndeclaredVariable.describe=96
symbol.LuaUndeclaredVariable.ignored=2
symbol.LuaUndeclaredVariable.it=469
symbol.LuaUndeclaredVariable.minetest=2
symbol.LuaUndeclaredVariable.pending=3
symbol.LuaUndeclaredVariable.read_globals=7
symbol.LuaUndeclaredVariable.version=7
symbol.LuaUnusedLocal.a=3
symbol.LuaUnusedLocal.aaaaaaaaaaaaaaaaaaaaaaaaaaaaaaaaaaaaaaaaaaaaaaaaaaaaaaaaaaaaaaaaaaaaaaaaaaaaaaaaaaaaaaaaaaaaaaaaaaaaaaaaaaaaaaaaaaaaa=1
symbol.LuaUnusedLocal.b=2
symbol.LuaUnusedLocal.c=1
symbol.LuaUnusedLocal.f=3
symbol.LuaUnusedLocal.first=1
symbol.LuaUnusedLocal.g=3
symbol.LuaUnusedLocal.i=1
symbol.LuaUnusedLocal.i_code_in_ed_in_a_terminal_with_default_width_and_i_dont_like_long_lines=1
symbol.LuaUnusedLocal.z=2
ballast.claimed..busted=1
ballast.unclaimed..gitignore=1
ballast.claimed..luacheckrc=3
ballast.unclaimed..luacov=1
ballast.unclaimed.Dockerfile=1
ballast.unclaimed.LICENSE=2
ballast.unclaimed.Makefile=1
ballast.unclaimed.another=1
ballast.unclaimed.bad_config=1
ballast.unclaimed.bad_rockspec=1
ballast.unclaimed.bat=1
ballast.unclaimed.bom=1
ballast.unclaimed.c=1
ballast.unclaimed.config=1
ballast.unclaimed.env_config=1
ballast.unclaimed.fail=1
ballast.unclaimed.file=1
ballast.unclaimed.foo=1
ballast.unclaimed.garbage=1
ballast.claimed.lua=3
ballast.unclaimed.luacheckrc=18
ballast.unclaimed.md=2
ballast.unclaimed.py=1
ballast.claimed.rockspec=53
ballast.unclaimed.rockspec=1
ballast.unclaimed.rst=6
ballast.unclaimed.sh=5
ballast.unclaimed.toml=1
ballast.unclaimed.yaml=1
ballast.unclaimed.yml=5
oracleDisagreements=0
oracleFalseAccepts=1
oracleTimeouts=0
lexerRoundTripFailures=0
unmergedTokens=0
parseErrorFile=spec/samples/compound_operators.lua:2:<expr> expected, got '='
parseErrorFile=spec/samples/utf8_error.lua:2:Empty element parsed in 'root' at offset 20
parseErrorFile=spec/samples/utf8_error.lua:2:<statement> or LuaTokenType.return expected, got 'о'
oracleSite=falseAccept:src/luacheck/vendor/sha1/lua53_ops.lua
