commit=990ec6ca3b097c7160fe925cfca4b8e57cfe5685
files=159
parseErrors=0
requires=606
unresolvedRequires=12
inspection.LuaGlobalCreation=2
inspection.LuaReturnTypeMismatch=28
inspection.LuaShadowingVariable=26
inspection.LuaSuspiciousConcatenation=114
inspection.LuaTypeAssignability=201
inspection.LuaUndeclaredVariable=955
inspection.LuaUnusedLocal=130
symbol.LuaGlobalCreation.luarocks=2
symbol.LuaShadowingVariable.addOne=1
symbol.LuaShadowingVariable.err=8
symbol.LuaShadowingVariable.http=2
symbol.LuaShadowingVariable.io_open=1
symbol.LuaShadowingVariable.ipairs=1
symbol.LuaShadowingVariable.ok=3
symbol.LuaShadowingVariable.path=6
symbol.LuaShadowingVariable.status=1
symbol.LuaShadowingVariable.table=1
symbol.LuaShadowingVariable.test=1
symbol.LuaSuspiciousConcatenation.nil=51
symbol.LuaSuspiciousConcatenation.{ ... }=63
symbol.LuaUndeclaredVariable.after_each=41
symbol.LuaUndeclaredVariable.before_each=44
symbol.LuaUndeclaredVariable.describe=166
symbol.LuaUndeclaredVariable.finally=186
symbol.LuaUndeclaredVariable.it=449
symbol.LuaUndeclaredVariable.lazy_setup=29
symbol.LuaUndeclaredVariable.lazy_teardown=19
symbol.LuaUndeclaredVariable.lfs=8
symbol.LuaUndeclaredVariable.luarocks=2
symbol.LuaUndeclaredVariable.pending=3
symbol.LuaUnusedLocal._cur_name=3
symbol.LuaUnusedLocal._cur_version=3
symbol.LuaUnusedLocal._err=4
symbol.LuaUnusedLocal.cfg=3
symbol.LuaUnusedLocal.drive=2
symbol.LuaUnusedLocal.err=11
symbol.LuaUnusedLocal.ok=6
symbol.LuaUnusedLocal.output=4
symbol.LuaUnusedLocal.rest=4
symbol.LuaUnusedLocal.string=46
ballast.claimed..busted=1
ballast.unclaimed..editorconfig=1
ballast.unclaimed..gitattributes=1
ballast.unclaimed..gitignore=2
ballast.claimed..luacheckrc=1
ballast.unclaimed.1=3
ballast.unclaimed.2=3
ballast.unclaimed.3=3
ballast.unclaimed.4=3
ballast.unclaimed.COPYING=1
ballast.unclaimed.GNUmakefile=1
ballast.unclaimed.LICENSE=1
ballast.unclaimed.Makefile=1
ballast.unclaimed.all_in_one=1
ballast.unclaimed.bat=1
ballast.unclaimed.bz2=1
ballast.unclaimed.c=4
ballast.unclaimed.configure=1
ballast.unclaimed.ddt_file=1
ballast.unclaimed.gpg=1
ballast.unclaimed.gz=3
ballast.unclaimed.h=1
ballast.unclaimed.kbx=1
ballast.unclaimed.key=2
ballast.unclaimed.ld=1
ballast.claimed.lua=1
ballast.unclaimed.luarocks=1
ballast.unclaimed.luarocks-admin=1
ballast.unclaimed.makedist=1
ballast.unclaimed.manifest=3
ballast.unclaimed.md=70
ballast.unclaimed.mdt_file=1
ballast.unclaimed.mergerelease=1
ballast.unclaimed.publishrelease=1
ballast.unclaimed.q=13
ballast.unclaimed.rock=14
ballast.claimed.rockspec=31
ballast.unclaimed.sh=3
ballast.unclaimed.static-gcc=1
ballast.unclaimed.tl=117
ballast.claimed.txt=1
ballast.unclaimed.windows=1
ballast.unclaimed.yml=2
ballast.claimed.zip=4
oracleDisagreements=0
oracleFalseAccepts=0
oracleTimeouts=0
lexerRoundTripFailures=0
unmergedTokens=0
