commit=e0bc8f7fce3b6a4fdef3660066f5006bf8456b32
files=56
parseErrors=0
requires=100
unresolvedRequires=0
inspection.LuaReturnTypeMismatch=95
inspection.LuaShadowingVariable=63
inspection.LuaSuspiciousConcatenation=17
inspection.LuaTypeAssignability=570
inspection.LuaUndeclaredVariable=359
inspection.LuaUnreachableCode=2
inspection.LuaUnusedLocal=75
symbol.LuaShadowingVariable.a=2
symbol.LuaShadowingVariable.data=7
symbol.LuaShadowingVariable.err=12
symbol.LuaShadowingVariable.i=2
symbol.LuaShadowingVariable.list=2
symbol.LuaShadowingVariable.ok=7
symbol.LuaShadowingVariable.parm=3
symbol.LuaShadowingVariable.post=3
symbol.LuaShadowingVariable.s=4
symbol.LuaShadowingVariable.sub=4
symbol.LuaSuspiciousConcatenation.{ ... }=17
symbol.LuaUndeclaredVariable.after_each=2
symbol.LuaUndeclaredVariable.before_each=6
symbol.LuaUndeclaredVariable.describe=106
symbol.LuaUndeclaredVariable.it=235
symbol.LuaUndeclaredVariable.pending=9
symbol.LuaUndeclaredVariable.setup=1
symbol.LuaUnusedLocal.a=2
symbol.LuaUnusedLocal.aliases=1
symbol.LuaUnusedLocal.b=1
symbol.LuaUnusedLocal.dirs=2
symbol.LuaUnusedLocal.err=12
symbol.LuaUnusedLocal.i=15
symbol.LuaUnusedLocal.line=3
symbol.LuaUnusedLocal.list=3
symbol.LuaUnusedLocal.ok=9
symbol.LuaUnusedLocal.v=5
ballast.claimed..busted=1
ballast.unclaimed..editorconfig=1
ballast.unclaimed..gitignore=1
ballast.claimed..luacheckrc=1
ballast.unclaimed..luacov=1
ballast.claimed.css=1
ballast.claimed.html=66
ballast.unclaimed.ld=1
ballast.unclaimed.ltp=1
ballast.claimed.lua=58
ballast.unclaimed.md=13
ballast.claimed.rockspec=25
ballast.unclaimed.yml=3
