commit=483ef0dcb593f9599ff27715472425e39a0588e8
files=72
parseErrors=0
requires=8
unresolvedRequires=8
inspection.LuaGlobalCreation=180
inspection.LuaReturnTypeMismatch=18
inspection.LuaShadowingVariable=36
inspection.LuaSuspiciousConcatenation=5
inspection.LuaTypeAssignability=350
inspection.LuaUndeclaredVariable=1009
inspection.LuaUnusedLocal=5
inspection.highlightFailures=31
symbol.LuaGlobalCreation.DisplayShell=1
symbol.LuaGlobalCreation.DisplayShellErr=1
symbol.LuaGlobalCreation.DisplayShellMsg=1
symbol.LuaGlobalCreation.DisplayShellPrompt=1
symbol.LuaGlobalCreation.DumpPlain=1
symbol.LuaGlobalCreation.ID=1
symbol.LuaGlobalCreation.ID_ABOUT=1
symbol.LuaGlobalCreation.ID_ADDTOSCRATCHPAD=1
symbol.LuaGlobalCreation.ID_ADDWATCH=1
symbol.LuaGlobalCreation.stylesoutshell=2
symbol.LuaShadowingVariable.base=1
symbol.LuaShadowingVariable.bg=1
symbol.LuaShadowingVariable.c=1
symbol.LuaShadowingVariable.class=3
symbol.LuaShadowingVariable.clrbg=1
symbol.LuaShadowingVariable.clrfg=1
symbol.LuaShadowingVariable.defaultfg=1
symbol.LuaShadowingVariable.err=3
symbol.LuaShadowingVariable.ok=6
symbol.LuaShadowingVariable.pid=3
symbol.LuaSuspiciousConcatenation.boolean=1
symbol.LuaSuspiciousConcatenation.nil=1
symbol.LuaSuspiciousConcatenation.{ ... }=3
symbol.LuaUndeclaredVariable.ID=301
symbol.LuaUndeclaredVariable.ID_CLOSE=4
symbol.LuaUndeclaredVariable.ID_FIND=4
symbol.LuaUndeclaredVariable.ID_FINDNEXT=4
symbol.LuaUndeclaredVariable.ID_FINDPREV=4
symbol.LuaUndeclaredVariable.ID_FINDSELECTNEXT=4
symbol.LuaUndeclaredVariable.ID_FINDSELECTPREV=4
symbol.LuaUndeclaredVariable.ide=90
symbol.LuaUndeclaredVariable.wx=335
symbol.LuaUndeclaredVariable.wxstc=112
symbol.LuaUnusedLocal.bytes=1
symbol.LuaUnusedLocal.errmsg=1
symbol.LuaUnusedLocal.luaspec=1
symbol.LuaUnusedLocal.res=1
symbol.LuaUnusedLocal.src=1
ballast.unclaimed.LICENSE=3
ballast.unclaimed.MANIFEST=1
ballast.unclaimed.MANIFEST-bin-linux=1
ballast.unclaimed.MANIFEST-bin-macos=1
ballast.unclaimed.MANIFEST-bin-win32=1
ballast.unclaimed.ZeroBraneStudio=1
ballast.unclaimed.bat=1
ballast.unclaimed.c=1
ballast.unclaimed.desktop=1
ballast.unclaimed.exe=1
ballast.unclaimed.icns=1
ballast.unclaimed.ico=1
ballast.unclaimed.in=1
ballast.claimed.lua=253
ballast.unclaimed.manifest=1
ballast.unclaimed.md=3
ballast.unclaimed.plist=1
ballast.unclaimed.png=100
ballast.unclaimed.rc=1
ballast.unclaimed.sh=7
ballast.claimed.txt=1
ballast.claimed.xml=1
