commit=483ef0dcb593f9599ff27715472425e39a0588e8
files=72
parseErrors=0
requires=19
unresolvedRequires=3
inspection.LuaGlobalCreation=182
inspection.LuaReturnTypeMismatch=65
inspection.LuaShadowingVariable=218
inspection.LuaSuspiciousConcatenation=27
inspection.LuaTypeAssignability=358
inspection.LuaUndeclaredVariable=1945
inspection.LuaUnreachableCode=2
inspection.LuaUnusedLocal=14
symbol.LuaGlobalCreation.DisplayShell=1
symbol.LuaGlobalCreation.DisplayShellErr=1
symbol.LuaGlobalCreation.DisplayShellMsg=1
symbol.LuaGlobalCreation.DisplayShellPrompt=1
symbol.LuaGlobalCreation.DumpPlain=1
symbol.LuaGlobalCreation.ID=1
symbol.LuaGlobalCreation.ID_ABOUT=1
symbol.LuaGlobalCreation.ID_ADDTOSCRATCHPAD=1
symbol.LuaGlobalCreation.ID_ADDWATCH=1
symbol.LuaGlobalCreation.stylesoutshell=2
symbol.LuaShadowingVariable.class=4
symbol.LuaShadowingVariable.debugger=57
symbol.LuaShadowingVariable.editor=9
symbol.LuaShadowingVariable.err=8
symbol.LuaShadowingVariable.file=4
symbol.LuaShadowingVariable.ok=12
symbol.LuaShadowingVariable.path=4
symbol.LuaShadowingVariable.pos=6
symbol.LuaShadowingVariable.score=5
symbol.LuaShadowingVariable.text=4
symbol.LuaSuspiciousConcatenation.boolean=4
symbol.LuaSuspiciousConcatenation.nil=4
symbol.LuaSuspiciousConcatenation.{ ... }=19
symbol.LuaUndeclaredVariable.acandtip=1
symbol.LuaUndeclaredVariable.bit=47
symbol.LuaUndeclaredVariable.debugger=1
symbol.LuaUndeclaredVariable.editor=1
symbol.LuaUndeclaredVariable.jit=3
symbol.LuaUndeclaredVariable.keymap=3
symbol.LuaUndeclaredVariable.winapi=9
symbol.LuaUndeclaredVariable.wx=1542
symbol.LuaUndeclaredVariable.wxaui=62
symbol.LuaUndeclaredVariable.wxstc=273
symbol.LuaUnusedLocal.bytes=1
symbol.LuaUnusedLocal.cmd=1
symbol.LuaUnusedLocal.editor=1
symbol.LuaUnusedLocal.errmsg=1
symbol.LuaUnusedLocal.fline=1
symbol.LuaUnusedLocal.lownewdir=1
symbol.LuaUnusedLocal.luaspec=1
symbol.LuaUnusedLocal.menu=1
symbol.LuaUnusedLocal.name=1
symbol.LuaUnusedLocal.ok=2
ballast.unclaimed.LICENSE=3
ballast.unclaimed.MANIFEST=1
ballast.unclaimed.MANIFEST-bin-linux=1
ballast.unclaimed.MANIFEST-bin-macos=1
ballast.unclaimed.MANIFEST-bin-win32=1
ballast.unclaimed.ZeroBraneStudio=1
ballast.unclaimed.bat=1
ballast.unclaimed.c=1
ballast.unclaimed.desktop=1
ballast.unclaimed.exe=1
ballast.unclaimed.icns=1
ballast.unclaimed.ico=1
ballast.unclaimed.in=1
ballast.claimed.lua=253
ballast.unclaimed.manifest=1
ballast.unclaimed.md=3
ballast.unclaimed.plist=1
ballast.unclaimed.png=100
ballast.unclaimed.rc=1
ballast.unclaimed.sh=7
ballast.claimed.txt=1
ballast.claimed.xml=1
oracleDisagreements=0
oracleFalseAccepts=0
oracleTimeouts=0
lexerRoundTripFailures=0
unmergedTokens=0
