commit=483ef0dcb593f9599ff27715472425e39a0588e8
files=72
parseErrors=0
requires=19
unresolvedRequires=3
inspection.LuaGlobalCreation=176
inspection.LuaReturnTypeMismatch=204
inspection.LuaShadowingVariable=86
inspection.LuaSuspiciousConcatenation=17
inspection.LuaTypeAssignability=2594
inspection.LuaUndeclaredVariable=791
inspection.LuaUnreachableCode=1
inspection.LuaUnusedLocal=8
symbol.LuaGlobalCreation.DumpPlain=1
symbol.LuaGlobalCreation.ID=1
symbol.LuaGlobalCreation.ID_ABOUT=1
symbol.LuaGlobalCreation.ID_ADDTOSCRATCHPAD=1
symbol.LuaGlobalCreation.ID_ADDWATCH=1
symbol.LuaGlobalCreation.ID_ANALYZE=1
symbol.LuaGlobalCreation.ID_ATTACHDEBUG=1
symbol.LuaGlobalCreation.ID_AUTOCOMPLETE=1
symbol.LuaGlobalCreation.ID_AUTOCOMPLETEENABLE=1
symbol.LuaGlobalCreation.stylesoutshell=2
symbol.LuaShadowingVariable.class=3
symbol.LuaShadowingVariable.cmd=2
symbol.LuaShadowingVariable.config=2
symbol.LuaShadowingVariable.dc=2
symbol.LuaShadowingVariable.editor=5
symbol.LuaShadowingVariable.err=3
symbol.LuaShadowingVariable.indic=3
symbol.LuaShadowingVariable.ok=9
symbol.LuaShadowingVariable.pos=5
symbol.LuaShadowingVariable.score=5
symbol.LuaSuspiciousConcatenation.boolean=4
symbol.LuaSuspiciousConcatenation.nil=2
symbol.LuaSuspiciousConcatenation.{ ... }=11
symbol.LuaUndeclaredVariable.acandtip=1
symbol.LuaUndeclaredVariable.bit=26
symbol.LuaUndeclaredVariable.debugger=1
symbol.LuaUndeclaredVariable.editor=1
symbol.LuaUndeclaredVariable.jit=3
symbol.LuaUndeclaredVariable.keymap=3
symbol.LuaUndeclaredVariable.winapi=6
symbol.LuaUndeclaredVariable.wx=541
symbol.LuaUndeclaredVariable.wxaui=6
symbol.LuaUndeclaredVariable.wxstc=202
symbol.LuaUnusedLocal.bytes=1
symbol.LuaUnusedLocal.cmd=1
symbol.LuaUnusedLocal.errmsg=1
symbol.LuaUnusedLocal.fline=1
symbol.LuaUnusedLocal.luaspec=1
symbol.LuaUnusedLocal.ok=2
symbol.LuaUnusedLocal.res=1
ballast.unclaimed.LICENSE=3
ballast.unclaimed.MANIFEST=1
ballast.unclaimed.MANIFEST-bin-linux=1
ballast.unclaimed.MANIFEST-bin-macos=1
ballast.unclaimed.MANIFEST-bin-win32=1
ballast.unclaimed.ZeroBraneStudio=1
ballast.unclaimed.bat=1
ballast.unclaimed.c=1
ballast.unclaimed.desktop=1
ballast.unclaimed.exe=1
ballast.unclaimed.icns=1
ballast.unclaimed.ico=1
ballast.unclaimed.in=1
ballast.claimed.lua=253
ballast.unclaimed.manifest=1
ballast.unclaimed.md=3
ballast.unclaimed.plist=1
ballast.unclaimed.png=100
ballast.unclaimed.rc=1
ballast.unclaimed.sh=7
ballast.claimed.txt=1
ballast.claimed.xml=1
oracleDisagreements=0
oracleFalseAccepts=0
oracleTimeouts=0
lexerRoundTripFailures=0
unmergedTokens=0
